/home/worker1/thang/ClimateSAM/prompter_bench/train.py:179: UserWarning: Converting a tensor with requires_grad=True to a scalar may lead to unexpected behavior.
Consider using tensor.detach() first. (Triggered internally at /pytorch/torch/csrc/autograd/generated/python_variable_methods.cpp:835.)
  sums[k] = sums.get(k, 0.0) + float(v) * len(mb) / len(chunk)
[mpg_seg_smooth_s0] epoch 1 3.7s loss 1.7436
[mpg_seg_smooth_s0] epoch 2 2.2s loss 1.4689 | val_own_Mean FG IoU 0.1612
[mpg_seg_smooth_s0] epoch 3 3.2s loss 1.2114
[mpg_seg_smooth_s0] epoch 4 3.0s loss 1.1360 | val_own_Mean FG IoU 0.2995
[mpg_seg_smooth_s0] epoch 5 3.1s loss 1.1100
[mpg_seg_smooth_s0] epoch 6 3.0s loss 1.1089 | val_own_Mean FG IoU 0.3630
[mpg_seg_smooth_s0] epoch 7 3.1s loss 1.0604
[mpg_seg_smooth_s0] epoch 8 3.0s loss 1.0610 | val_own_Mean FG IoU 0.3677
[mpg_seg_smooth_s0] epoch 9 3.0s loss 1.0263
[mpg_seg_smooth_s0] epoch 10 3.1s loss 1.0130 | val_own_Mean FG IoU 0.3592
[mpg_seg_smooth_s0] epoch 11 3.1s loss 1.0065
[mpg_seg_smooth_s0] epoch 12 3.1s loss 1.0136 | val_own_Mean FG IoU 0.3592
[mpg_seg_smooth_s0] epoch 13 3.1s loss 1.0218
[mpg_seg_smooth_s0] epoch 14 2.8s loss 0.9942 | val_own_Mean FG IoU 0.3637
[mpg_seg_smooth_s0] epoch 15 2.6s loss 1.0421
[mpg_seg_smooth_s0] epoch 16 3.2s loss 0.9865 | val_own_Mean FG IoU 0.3823
[mpg_seg_smooth_s0] epoch 17 3.1s loss 0.9888
[mpg_seg_smooth_s0] epoch 18 2.6s loss 0.9661 | val_own_Mean FG IoU 0.3606
[mpg_seg_smooth_s0] epoch 19 2.8s loss 0.9668
[mpg_seg_smooth_s0] epoch 20 3.0s loss 0.9646 | val_own_Mean FG IoU 0.3836
[mpg_seg_smooth_s0] epoch 21 3.0s loss 0.9432
[mpg_seg_smooth_s0] epoch 22 3.0s loss 0.9367 | val_own_Mean FG IoU 0.3832
[mpg_seg_smooth_s0] epoch 23 3.1s loss 0.9255
[mpg_seg_smooth_s0] epoch 24 3.1s loss 0.9264 | val_own_Mean FG IoU 0.3856
[mpg_seg_smooth_s0] epoch 25 3.1s loss 0.9181
[mpg_seg_smooth_s0] epoch 26 3.1s loss 0.9081 | val_own_Mean FG IoU 0.3834
[mpg_seg_smooth_s0] epoch 27 2.3s loss 0.9064
[mpg_seg_smooth_s0] epoch 28 2.6s loss 0.9084 | val_own_Mean FG IoU 0.3867
[mpg_seg_smooth_s0] epoch 29 3.1s loss 0.8991
[mpg_seg_smooth_s0] epoch 30 3.1s loss 0.8878 | val_own_Mean FG IoU 0.3815
[mpg_seg_smooth_s0] epoch 31 3.1s loss 0.8867
[mpg_seg_smooth_s0] epoch 32 3.0s loss 0.8796 | val_own_Mean FG IoU 0.3834
[mpg_seg_smooth_s0] epoch 33 3.2s loss 0.8709
[mpg_seg_smooth_s0] epoch 34 3.1s loss 0.8891 | val_own_Mean FG IoU 0.3746
[mpg_seg_smooth_s0] epoch 35 3.1s loss 0.8684
[mpg_seg_smooth_s0] epoch 36 3.0s loss 0.8633 | val_own_Mean FG IoU 0.3775
[mpg_seg_smooth_s0] epoch 37 3.2s loss 0.8578
[mpg_seg_smooth_s0] epoch 38 3.0s loss 0.8524 | val_own_Mean FG IoU 0.3799
[mpg_seg_smooth_s0] epoch 39 3.0s loss 0.8489
[mpg_seg_smooth_s0] epoch 40 2.2s loss 0.8470 | val_own_Mean FG IoU 0.3797
[mpg_seg_smooth_s0] epoch 41 3.1s loss 0.8421
[mpg_seg_smooth_s0] epoch 42 3.1s loss 0.8448 | val_own_Mean FG IoU 0.3793
[mpg_seg_smooth_s0] epoch 43 3.1s loss 0.8367
[mpg_seg_smooth_s0] epoch 44 3.1s loss 0.8337 | val_own_Mean FG IoU 0.3763
[mpg_seg_smooth_s0] epoch 45 3.2s loss 0.8336
[mpg_seg_smooth_s0] epoch 46 3.1s loss 0.8300 | val_own_Mean FG IoU 0.3777
[mpg_seg_smooth_s0] epoch 47 3.1s loss 0.8272
[mpg_seg_smooth_s0] epoch 48 3.1s loss 0.8250 | val_own_Mean FG IoU 0.3770
[mpg_seg_smooth_s0] epoch 49 3.1s loss 0.8240
[mpg_seg_smooth_s0] epoch 50 3.1s loss 0.8216 | val_own_Mean FG IoU 0.3771
[mpg_seg_smooth_s0] epoch 51 3.1s loss 0.8196
[mpg_seg_smooth_s0] epoch 52 2.4s loss 0.8183 | val_own_Mean FG IoU 0.3749
[mpg_seg_smooth_s0] epoch 53 2.9s loss 0.8182
[mpg_seg_smooth_s0] epoch 54 3.1s loss 0.8164 | val_own_Mean FG IoU 0.3768
[mpg_seg_smooth_s0] epoch 55 3.1s loss 0.8156
[mpg_seg_smooth_s0] epoch 56 3.1s loss 0.8146 | val_own_Mean FG IoU 0.3767
[mpg_seg_smooth_s0] epoch 57 3.1s loss 0.8149
[mpg_seg_smooth_s0] epoch 58 3.1s loss 0.8128 | val_own_Mean FG IoU 0.3761
[mpg_seg_smooth_s0] epoch 59 3.0s loss 0.8130
[mpg_seg_smooth_s0] epoch 60 3.0s loss 0.8125 | val_own_Mean FG IoU 0.3763
{
  "name": "mpg_seg_smooth_s0",
  "arch": "mpg",
  "mode": "seg",
  "seed": 0,
  "encoder": "infused_mlp05",
  "trainable_params": 671138,
  "best_epoch": 28,
  "train_time_min": 3.7513115922609965,
  "args": {
    "encoder": "infused_mlp05",
    "arch": "mpg",
    "mode": "seg",
    "seed": 0,
    "epochs": 60,
    "lr": 0.001,
    "bs": 8,
    "micro_bs": 8,
    "aux_weight": 1.0,
    "init": null,
    "val_every": 2,
    "name": "mpg_seg_smooth_s0",
    "smooth": true,
    "exclude_fold": null
  },
  "val_own_TC IoU": 0.3636522858531502,
  "val_own_AR IoU": 0.40982492613476446,
  "val_own_BG IoU": 0.9452968811698023,
  "val_own_Mean IoU": 0.5729246977192389,
  "val_own_Mean FG IoU": 0.3867386059939573
}
