/home/worker1/thang/ClimateSAM/prompter_bench/train.py:179: UserWarning: Converting a tensor with requires_grad=True to a scalar may lead to unexpected behavior.
Consider using tensor.detach() first. (Triggered internally at /pytorch/torch/csrc/autograd/generated/python_variable_methods.cpp:835.)
  sums[k] = sums.get(k, 0.0) + float(v) * len(mb) / len(chunk)
[mpg_seg_fold4] epoch 1 3.4s loss 1.9008
[mpg_seg_fold4] epoch 2 2.6s loss 1.5726 | val_own_Mean FG IoU 0.1606
[mpg_seg_fold4] epoch 3 2.6s loss 1.3036
[mpg_seg_fold4] epoch 4 2.6s loss 1.1627 | val_own_Mean FG IoU 0.3288
[mpg_seg_fold4] epoch 5 2.5s loss 1.1207
[mpg_seg_fold4] epoch 6 2.6s loss 1.1067 | val_own_Mean FG IoU 0.3418
[mpg_seg_fold4] epoch 7 2.6s loss 1.0715
[mpg_seg_fold4] epoch 8 2.4s loss 1.0584 | val_own_Mean FG IoU 0.3431
[mpg_seg_fold4] epoch 9 2.5s loss 1.1035
[mpg_seg_fold4] epoch 10 2.1s loss 1.0648 | val_own_Mean FG IoU 0.3565
[mpg_seg_fold4] epoch 11 1.9s loss 1.0326
[mpg_seg_fold4] epoch 12 2.2s loss 1.0176 | val_own_Mean FG IoU 0.3637
[mpg_seg_fold4] epoch 13 2.1s loss 1.0296
[mpg_seg_fold4] epoch 14 2.2s loss 1.0056 | val_own_Mean FG IoU 0.3732
[mpg_seg_fold4] epoch 15 2.7s loss 0.9987
[mpg_seg_fold4] epoch 16 2.6s loss 0.9917 | val_own_Mean FG IoU 0.3659
[mpg_seg_fold4] epoch 17 2.7s loss 0.9720
[mpg_seg_fold4] epoch 18 2.7s loss 0.9735 | val_own_Mean FG IoU 0.3634
[mpg_seg_fold4] epoch 19 2.7s loss 0.9666
[mpg_seg_fold4] epoch 20 2.7s loss 0.9555 | val_own_Mean FG IoU 0.3708
[mpg_seg_fold4] epoch 21 2.6s loss 0.9462
[mpg_seg_fold4] epoch 22 2.7s loss 0.9849 | val_own_Mean FG IoU 0.3757
[mpg_seg_fold4] epoch 23 2.7s loss 0.9614
[mpg_seg_fold4] epoch 24 2.4s loss 0.9394 | val_own_Mean FG IoU 0.3720
[mpg_seg_fold4] epoch 25 2.0s loss 0.9284
[mpg_seg_fold4] epoch 26 2.7s loss 0.9169 | val_own_Mean FG IoU 0.3753
[mpg_seg_fold4] epoch 27 2.6s loss 0.9090
[mpg_seg_fold4] epoch 28 2.6s loss 0.9045 | val_own_Mean FG IoU 0.3729
[mpg_seg_fold4] epoch 29 2.6s loss 0.8998
