/home/worker1/thang/ClimateSAM/prompter_bench/train.py:179: UserWarning: Converting a tensor with requires_grad=True to a scalar may lead to unexpected behavior.
Consider using tensor.detach() first. (Triggered internally at /pytorch/torch/csrc/autograd/generated/python_variable_methods.cpp:835.)
  sums[k] = sums.get(k, 0.0) + float(v) * len(mb) / len(chunk)
[mpg_seg_fold1] epoch 1 3.6s loss 1.8504
[mpg_seg_fold1] epoch 2 2.9s loss 1.5256 | val_own_Mean FG IoU 0.1612
[mpg_seg_fold1] epoch 3 2.8s loss 1.3206
[mpg_seg_fold1] epoch 4 3.5s loss 1.1648 | val_own_Mean FG IoU 0.1949
[mpg_seg_fold1] epoch 5 2.7s loss 1.1645
[mpg_seg_fold1] epoch 6 3.0s loss 1.1171 | val_own_Mean FG IoU 0.3352
[mpg_seg_fold1] epoch 7 3.5s loss 1.0899
[mpg_seg_fold1] epoch 8 2.9s loss 1.0534 | val_own_Mean FG IoU 0.3725
[mpg_seg_fold1] epoch 9 3.5s loss 1.0635
[mpg_seg_fold1] epoch 10 3.2s loss 1.0473 | val_own_Mean FG IoU 0.3387
[mpg_seg_fold1] epoch 11 3.4s loss 1.0516
[mpg_seg_fold1] epoch 12 2.6s loss 1.0254 | val_own_Mean FG IoU 0.3741
[mpg_seg_fold1] epoch 13 3.5s loss 1.0148
[mpg_seg_fold1] epoch 14 3.5s loss 0.9982 | val_own_Mean FG IoU 0.3807
[mpg_seg_fold1] epoch 15 3.2s loss 0.9897
[mpg_seg_fold1] epoch 16 3.5s loss 1.0056 | val_own_Mean FG IoU 0.3817
[mpg_seg_fold1] epoch 17 3.0s loss 0.9887
[mpg_seg_fold1] epoch 18 3.4s loss 0.9899 | val_own_Mean FG IoU 0.3689
[mpg_seg_fold1] epoch 19 3.0s loss 0.9821
[mpg_seg_fold1] epoch 20 3.1s loss 0.9809 | val_own_Mean FG IoU 0.3705
[mpg_seg_fold1] epoch 21 3.5s loss 1.0171
[mpg_seg_fold1] epoch 22 3.0s loss 0.9703 | val_own_Mean FG IoU 0.3710
[mpg_seg_fold1] epoch 23 3.5s loss 0.9589
[mpg_seg_fold1] epoch 24 3.3s loss 0.9481 | val_own_Mean FG IoU 0.3608
[mpg_seg_fold1] epoch 25 2.8s loss 0.9384
[mpg_seg_fold1] epoch 26 3.1s loss 0.9200 | val_own_Mean FG IoU 0.3793
[mpg_seg_fold1] epoch 27 3.1s loss 0.9332
[mpg_seg_fold1] epoch 28 3.2s loss 0.9672 | val_own_Mean FG IoU 0.3707
[mpg_seg_fold1] epoch 29 2.8s loss 0.9477
[mpg_seg_fold1] epoch 30 3.2s loss 0.9782 | val_own_Mean FG IoU 0.3744
[mpg_seg_fold1] epoch 31 2.7s loss 0.9324
[mpg_seg_fold1] epoch 32 2.5s loss 0.9206 | val_own_Mean FG IoU 0.3867
[mpg_seg_fold1] epoch 33 3.0s loss 0.9069
[mpg_seg_fold1] epoch 34 2.7s loss 0.8963 | val_own_Mean FG IoU 0.3795
[mpg_seg_fold1] epoch 35 3.2s loss 0.8935
[mpg_seg_fold1] epoch 36 2.7s loss 0.8893 | val_own_Mean FG IoU 0.3787
[mpg_seg_fold1] epoch 37 3.2s loss 0.8817
[mpg_seg_fold1] epoch 38 3.0s loss 0.8825 | val_own_Mean FG IoU 0.3799
[mpg_seg_fold1] epoch 39 3.0s loss 0.8758
[mpg_seg_fold1] epoch 40 3.2s loss 0.8729 | val_own_Mean FG IoU 0.3792
[mpg_seg_fold1] epoch 41 3.0s loss 0.8717
[mpg_seg_fold1] epoch 42 3.3s loss 0.8679 | val_own_Mean FG IoU 0.3757
[mpg_seg_fold1] epoch 43 2.7s loss 0.8669
[mpg_seg_fold1] epoch 44 3.3s loss 0.8620 | val_own_Mean FG IoU 0.3747
[mpg_seg_fold1] epoch 45 2.2s loss 0.8594
[mpg_seg_fold1] epoch 46 3.1s loss 0.8558 | val_own_Mean FG IoU 0.3776
[mpg_seg_fold1] epoch 47 2.9s loss 0.8547
[mpg_seg_fold1] epoch 48 2.9s loss 0.8536 | val_own_Mean FG IoU 0.3740
[mpg_seg_fold1] epoch 49 3.4s loss 0.8499
[mpg_seg_fold1] epoch 50 2.9s loss 0.8498 | val_own_Mean FG IoU 0.3772
[mpg_seg_fold1] epoch 51 3.5s loss 0.8499
[mpg_seg_fold1] epoch 52 2.6s loss 0.8474 | val_own_Mean FG IoU 0.3761
[mpg_seg_fold1] epoch 53 3.5s loss 0.8469
[mpg_seg_fold1] epoch 54 3.5s loss 0.8450 | val_own_Mean FG IoU 0.3758
[mpg_seg_fold1] epoch 55 3.4s loss 0.8445
[mpg_seg_fold1] epoch 56 3.5s loss 0.8434 | val_own_Mean FG IoU 0.3757
[mpg_seg_fold1] epoch 57 3.1s loss 0.8440
[mpg_seg_fold1] epoch 58 3.5s loss 0.8425 | val_own_Mean FG IoU 0.3749
[mpg_seg_fold1] epoch 59 2.8s loss 0.8422
[mpg_seg_fold1] epoch 60 3.4s loss 0.8414 | val_own_Mean FG IoU 0.3751
{
  "name": "mpg_seg_fold1",
  "arch": "mpg",
  "mode": "seg",
  "seed": 0,
  "encoder": "infused_mlp05",
  "trainable_params": 671138,
  "best_epoch": 32,
  "train_time_min": 4.3376333554585775,
  "args": {
    "encoder": "infused_mlp05",
    "arch": "mpg",
    "mode": "seg",
    "seed": 0,
    "epochs": 60,
    "lr": 0.001,
    "bs": 8,
    "micro_bs": 8,
    "aux_weight": 1.0,
    "init": null,
    "val_every": 2,
    "name": "mpg_seg_fold1",
    "smooth": false,
    "exclude_fold": 1
  },
  "val_own_TC IoU": 0.36772918962045514,
  "val_own_AR IoU": 0.4057425753091436,
  "val_own_BG IoU": 0.9434395033814996,
  "val_own_Mean IoU": 0.5723037561036994,
  "val_own_Mean FG IoU": 0.3867358824647994
}
