/home/worker1/thang/ClimateSAM/prompter_bench/train.py:179: UserWarning: Converting a tensor with requires_grad=True to a scalar may lead to unexpected behavior.
Consider using tensor.detach() first. (Triggered internally at /pytorch/torch/csrc/autograd/generated/python_variable_methods.cpp:835.)
  sums[k] = sums.get(k, 0.0) + float(v) * len(mb) / len(chunk)
[mpg_seg_fold2] epoch 1 4.4s loss 1.8970
[mpg_seg_fold2] epoch 2 3.5s loss 1.5519 | val_own_Mean FG IoU 0.1605
[mpg_seg_fold2] epoch 3 3.5s loss 1.2713
[mpg_seg_fold2] epoch 4 3.4s loss 1.1402 | val_own_Mean FG IoU 0.3162
[mpg_seg_fold2] epoch 5 3.5s loss 1.0987
[mpg_seg_fold2] epoch 6 3.4s loss 1.1069 | val_own_Mean FG IoU 0.3435
[mpg_seg_fold2] epoch 7 2.9s loss 1.0589
[mpg_seg_fold2] epoch 8 3.4s loss 1.0575 | val_own_Mean FG IoU 0.3675
[mpg_seg_fold2] epoch 9 3.4s loss 1.0426
[mpg_seg_fold2] epoch 10 2.8s loss 1.0155 | val_own_Mean FG IoU 0.3405
[mpg_seg_fold2] epoch 11 3.3s loss 1.0020
[mpg_seg_fold2] epoch 12 3.5s loss 1.0012 | val_own_Mean FG IoU 0.3497
[mpg_seg_fold2] epoch 13 3.5s loss 0.9833
[mpg_seg_fold2] epoch 14 3.5s loss 0.9884 | val_own_Mean FG IoU 0.3745
[mpg_seg_fold2] epoch 15 3.4s loss 0.9684
[mpg_seg_fold2] epoch 16 2.9s loss 0.9715 | val_own_Mean FG IoU 0.3723
[mpg_seg_fold2] epoch 17 3.4s loss 0.9489
[mpg_seg_fold2] epoch 18 3.4s loss 0.9335 | val_own_Mean FG IoU 0.3784
[mpg_seg_fold2] epoch 19 3.5s loss 0.9261
[mpg_seg_fold2] epoch 20 3.4s loss 0.9138 | val_own_Mean FG IoU 0.3700
[mpg_seg_fold2] epoch 21 3.4s loss 0.9141
[mpg_seg_fold2] epoch 22 3.4s loss 0.9223 | val_own_Mean FG IoU 0.3698
[mpg_seg_fold2] epoch 23 3.4s loss 0.9068
[mpg_seg_fold2] epoch 24 2.8s loss 0.9042 | val_own_Mean FG IoU 0.3600
[mpg_seg_fold2] epoch 25 2.9s loss 0.9249
[mpg_seg_fold2] epoch 26 2.9s loss 0.9002 | val_own_Mean FG IoU 0.3726
[mpg_seg_fold2] epoch 27 3.5s loss 0.8932
[mpg_seg_fold2] epoch 28 3.5s loss 0.8779 | val_own_Mean FG IoU 0.3741
[mpg_seg_fold2] epoch 29 3.5s loss 0.8745
[mpg_seg_fold2] epoch 30 3.5s loss 0.8711 | val_own_Mean FG IoU 0.3745
[mpg_seg_fold2] epoch 31 3.5s loss 0.8607
[mpg_seg_fold2] epoch 32 3.5s loss 0.8535 | val_own_Mean FG IoU 0.3705
[mpg_seg_fold2] epoch 33 3.5s loss 0.8556
[mpg_seg_fold2] epoch 34 3.4s loss 0.8483 | val_own_Mean FG IoU 0.3709
[mpg_seg_fold2] epoch 35 3.0s loss 0.8424
[mpg_seg_fold2] epoch 36 3.5s loss 0.8392 | val_own_Mean FG IoU 0.3679
[mpg_seg_fold2] epoch 37 3.4s loss 0.8394
[mpg_seg_fold2] epoch 38 3.3s loss 0.8276 | val_own_Mean FG IoU 0.3649
[mpg_seg_fold2] epoch 39 2.9s loss 0.8228
[mpg_seg_fold2] epoch 40 3.4s loss 0.8224 | val_own_Mean FG IoU 0.3694
[mpg_seg_fold2] epoch 41 3.2s loss 0.8107
[mpg_seg_fold2] epoch 42 3.1s loss 0.8068 | val_own_Mean FG IoU 0.3672
[mpg_seg_fold2] epoch 43 3.5s loss 0.8041
[mpg_seg_fold2] epoch 44 3.1s loss 0.7984 | val_own_Mean FG IoU 0.3672
[mpg_seg_fold2] epoch 45 3.4s loss 0.7983
[mpg_seg_fold2] epoch 46 3.5s loss 0.7970 | val_own_Mean FG IoU 0.3650
[mpg_seg_fold2] epoch 47 3.5s loss 0.7970
[mpg_seg_fold2] epoch 48 3.5s loss 0.7957 | val_own_Mean FG IoU 0.3673
[mpg_seg_fold2] epoch 49 3.4s loss 0.7886
[mpg_seg_fold2] epoch 50 3.5s loss 0.7830 | val_own_Mean FG IoU 0.3670
[mpg_seg_fold2] epoch 51 3.4s loss 0.7780
[mpg_seg_fold2] epoch 52 3.4s loss 0.7773 | val_own_Mean FG IoU 0.3652
[mpg_seg_fold2] epoch 53 2.4s loss 0.7756
[mpg_seg_fold2] epoch 54 2.6s loss 0.7752 | val_own_Mean FG IoU 0.3645
[mpg_seg_fold2] epoch 55 3.4s loss 0.7739
[mpg_seg_fold2] epoch 56 3.5s loss 0.7738 | val_own_Mean FG IoU 0.3649
[mpg_seg_fold2] epoch 57 3.4s loss 0.7730
[mpg_seg_fold2] epoch 58 3.4s loss 0.7718 | val_own_Mean FG IoU 0.3647
[mpg_seg_fold2] epoch 59 3.4s loss 0.7712
[mpg_seg_fold2] epoch 60 3.5s loss 0.7720 | val_own_Mean FG IoU 0.3647
{
  "name": "mpg_seg_fold2",
  "arch": "mpg",
  "mode": "seg",
  "seed": 0,
  "encoder": "infused_mlp1",
  "trainable_params": 671138,
  "best_epoch": 18,
  "train_time_min": 4.6346318364143375,
  "args": {
    "encoder": "infused_mlp1",
    "arch": "mpg",
    "mode": "seg",
    "seed": 0,
    "epochs": 60,
    "lr": 0.001,
    "bs": 8,
    "micro_bs": 8,
    "aux_weight": 1.0,
    "init": null,
    "val_every": 2,
    "name": "mpg_seg_fold2",
    "smooth": false,
    "exclude_fold": 2
  },
  "val_own_TC IoU": 0.3569472127563814,
  "val_own_AR IoU": 0.39981006889215226,
  "val_own_BG IoU": 0.9406731909819652,
  "val_own_Mean IoU": 0.5658101575434996,
  "val_own_Mean FG IoU": 0.37837864082426687
}
