/home/worker1/thang/ClimateSAM/prompter_bench/train.py:179: UserWarning: Converting a tensor with requires_grad=True to a scalar may lead to unexpected behavior.
Consider using tensor.detach() first. (Triggered internally at /pytorch/torch/csrc/autograd/generated/python_variable_methods.cpp:835.)
  sums[k] = sums.get(k, 0.0) + float(v) * len(mb) / len(chunk)
[mpg_seg_fold0] epoch 1 3.5s loss 1.8962
[mpg_seg_fold0] epoch 2 3.3s loss 1.5441 | val_own_Mean FG IoU 0.1613
[mpg_seg_fold0] epoch 3 3.2s loss 1.2436
[mpg_seg_fold0] epoch 4 3.3s loss 1.1332 | val_own_Mean FG IoU 0.3506
[mpg_seg_fold0] epoch 5 2.9s loss 1.1034
[mpg_seg_fold0] epoch 6 3.3s loss 1.0862 | val_own_Mean FG IoU 0.3470
[mpg_seg_fold0] epoch 7 2.8s loss 1.0727
[mpg_seg_fold0] epoch 8 3.3s loss 1.0800 | val_own_Mean FG IoU 0.3542
[mpg_seg_fold0] epoch 9 3.1s loss 1.0783
[mpg_seg_fold0] epoch 10 3.2s loss 1.0764 | val_own_Mean FG IoU 0.3663
[mpg_seg_fold0] epoch 11 3.6s loss 1.0313
[mpg_seg_fold0] epoch 12 3.1s loss 1.0224 | val_own_Mean FG IoU 0.3680
[mpg_seg_fold0] epoch 13 3.6s loss 1.0203
[mpg_seg_fold0] epoch 14 3.4s loss 0.9989 | val_own_Mean FG IoU 0.3650
[mpg_seg_fold0] epoch 15 3.5s loss 1.0055
[mpg_seg_fold0] epoch 16 3.7s loss 0.9997 | val_own_Mean FG IoU 0.3613
[mpg_seg_fold0] epoch 17 3.8s loss 0.9777
[mpg_seg_fold0] epoch 18 3.8s loss 0.9680 | val_own_Mean FG IoU 0.3728
[mpg_seg_fold0] epoch 19 3.2s loss 0.9809
[mpg_seg_fold0] epoch 20 3.1s loss 0.9855 | val_own_Mean FG IoU 0.3688
[mpg_seg_fold0] epoch 21 3.0s loss 1.0013
[mpg_seg_fold0] epoch 22 3.7s loss 0.9848 | val_own_Mean FG IoU 0.3776
[mpg_seg_fold0] epoch 23 3.2s loss 0.9552
[mpg_seg_fold0] epoch 24 3.2s loss 0.9362 | val_own_Mean FG IoU 0.3720
[mpg_seg_fold0] epoch 25 3.6s loss 0.9506
[mpg_seg_fold0] epoch 26 3.1s loss 0.9594 | val_own_Mean FG IoU 0.3771
[mpg_seg_fold0] epoch 27 3.6s loss 0.9245
[mpg_seg_fold0] epoch 28 3.4s loss 0.9154 | val_own_Mean FG IoU 0.3822
[mpg_seg_fold0] epoch 29 3.2s loss 0.9026
[mpg_seg_fold0] epoch 30 3.3s loss 0.8970 | val_own_Mean FG IoU 0.3748
[mpg_seg_fold0] epoch 31 3.6s loss 0.8958
[mpg_seg_fold0] epoch 32 3.7s loss 0.8941 | val_own_Mean FG IoU 0.3834
[mpg_seg_fold0] epoch 33 3.6s loss 0.8835
[mpg_seg_fold0] epoch 34 3.6s loss 0.8807 | val_own_Mean FG IoU 0.3789
[mpg_seg_fold0] epoch 35 3.1s loss 0.8804
[mpg_seg_fold0] epoch 36 3.6s loss 0.8731 | val_own_Mean FG IoU 0.3795
[mpg_seg_fold0] epoch 37 3.2s loss 0.8674
[mpg_seg_fold0] epoch 38 3.7s loss 0.8642 | val_own_Mean FG IoU 0.3808
[mpg_seg_fold0] epoch 39 3.2s loss 0.8587
[mpg_seg_fold0] epoch 40 3.1s loss 0.8596 | val_own_Mean FG IoU 0.3779
[mpg_seg_fold0] epoch 41 3.7s loss 0.8533
[mpg_seg_fold0] epoch 42 3.4s loss 0.8493 | val_own_Mean FG IoU 0.3807
[mpg_seg_fold0] epoch 43 3.7s loss 0.8459
[mpg_seg_fold0] epoch 44 3.5s loss 0.8436 | val_own_Mean FG IoU 0.3809
[mpg_seg_fold0] epoch 45 3.9s loss 0.8423
[mpg_seg_fold0] epoch 46 3.7s loss 0.8383 | val_own_Mean FG IoU 0.3758
[mpg_seg_fold0] epoch 47 3.4s loss 0.8338
[mpg_seg_fold0] epoch 48 3.1s loss 0.8340 | val_own_Mean FG IoU 0.3781
[mpg_seg_fold0] epoch 49 3.1s loss 0.8309
[mpg_seg_fold0] epoch 50 3.6s loss 0.8288 | val_own_Mean FG IoU 0.3778
[mpg_seg_fold0] epoch 51 3.2s loss 0.8274
[mpg_seg_fold0] epoch 52 3.6s loss 0.8268 | val_own_Mean FG IoU 0.3786
[mpg_seg_fold0] epoch 53 3.4s loss 0.8257
[mpg_seg_fold0] epoch 54 3.2s loss 0.8244 | val_own_Mean FG IoU 0.3765
[mpg_seg_fold0] epoch 55 3.9s loss 0.8234
[mpg_seg_fold0] epoch 56 3.0s loss 0.8218 | val_own_Mean FG IoU 0.3765
[mpg_seg_fold0] epoch 57 3.4s loss 0.8216
[mpg_seg_fold0] epoch 58 2.7s loss 0.8208 | val_own_Mean FG IoU 0.3772
[mpg_seg_fold0] epoch 59 2.6s loss 0.8199
[mpg_seg_fold0] epoch 60 2.6s loss 0.8225 | val_own_Mean FG IoU 0.3769
{
  "name": "mpg_seg_fold0",
  "arch": "mpg",
  "mode": "seg",
  "seed": 0,
  "encoder": "infused_mlp1",
  "trainable_params": 671138,
  "best_epoch": 32,
  "train_time_min": 4.695874667167663,
  "args": {
    "encoder": "infused_mlp1",
    "arch": "mpg",
    "mode": "seg",
    "seed": 0,
    "epochs": 60,
    "lr": 0.001,
    "bs": 8,
    "micro_bs": 8,
    "aux_weight": 1.0,
    "init": null,
    "val_every": 2,
    "name": "mpg_seg_fold0",
    "smooth": false,
    "exclude_fold": 0
  },
  "val_own_TC IoU": 0.3597077139413419,
  "val_own_AR IoU": 0.4071407958770038,
  "val_own_BG IoU": 0.9446802520722727,
  "val_own_Mean IoU": 0.5705095872968728,
  "val_own_Mean FG IoU": 0.38342425490917287
}
