/home/worker1/thang/ClimateSAM/prompter_bench/train.py:179: UserWarning: Converting a tensor with requires_grad=True to a scalar may lead to unexpected behavior.
Consider using tensor.detach() first. (Triggered internally at /pytorch/torch/csrc/autograd/generated/python_variable_methods.cpp:835.)
  sums[k] = sums.get(k, 0.0) + float(v) * len(mb) / len(chunk)
[mpg_seg_fold4] epoch 1 3.4s loss 1.8720
[mpg_seg_fold4] epoch 2 2.7s loss 1.5458 | val_own_Mean FG IoU 0.1629
[mpg_seg_fold4] epoch 3 2.6s loss 1.4250
[mpg_seg_fold4] epoch 4 2.7s loss 1.2171 | val_own_Mean FG IoU 0.1947
[mpg_seg_fold4] epoch 5 2.6s loss 1.1564
[mpg_seg_fold4] epoch 6 2.8s loss 1.1052 | val_own_Mean FG IoU 0.3573
[mpg_seg_fold4] epoch 7 2.5s loss 1.0907
[mpg_seg_fold4] epoch 8 2.7s loss 1.0627 | val_own_Mean FG IoU 0.3642
[mpg_seg_fold4] epoch 9 2.8s loss 1.0512
[mpg_seg_fold4] epoch 10 2.7s loss 1.1768 | val_own_Mean FG IoU 0.3691
[mpg_seg_fold4] epoch 11 2.7s loss 1.0611
[mpg_seg_fold4] epoch 12 2.7s loss 1.0352 | val_own_Mean FG IoU 0.3641
[mpg_seg_fold4] epoch 13 2.6s loss 1.0267
[mpg_seg_fold4] epoch 14 2.6s loss 0.9943 | val_own_Mean FG IoU 0.3789
[mpg_seg_fold4] epoch 15 2.7s loss 1.0148
[mpg_seg_fold4] epoch 16 2.1s loss 1.1521 | val_own_Mean FG IoU 0.3293
[mpg_seg_fold4] epoch 17 2.1s loss 1.0468
[mpg_seg_fold4] epoch 18 2.7s loss 1.0117 | val_own_Mean FG IoU 0.3793
[mpg_seg_fold4] epoch 19 2.4s loss 0.9925
[mpg_seg_fold4] epoch 20 2.4s loss 1.0037 | val_own_Mean FG IoU 0.3728
[mpg_seg_fold4] epoch 21 2.4s loss 0.9826
[mpg_seg_fold4] epoch 22 2.4s loss 0.9842 | val_own_Mean FG IoU 0.3753
[mpg_seg_fold4] epoch 23 2.5s loss 0.9682
[mpg_seg_fold4] epoch 24 2.1s loss 0.9974 | val_own_Mean FG IoU 0.3716
[mpg_seg_fold4] epoch 25 2.1s loss 0.9810
[mpg_seg_fold4] epoch 26 1.6s loss 0.9601 | val_own_Mean FG IoU 0.3775
[mpg_seg_fold4] epoch 27 1.5s loss 0.9508
[mpg_seg_fold4] epoch 28 1.5s loss 0.9426 | val_own_Mean FG IoU 0.3768
[mpg_seg_fold4] epoch 29 1.4s loss 0.9396
[mpg_seg_fold4] epoch 30 1.5s loss 0.9355 | val_own_Mean FG IoU 0.3823
[mpg_seg_fold4] epoch 31 1.7s loss 0.9342
[mpg_seg_fold4] epoch 32 2.3s loss 0.9259 | val_own_Mean FG IoU 0.3798
[mpg_seg_fold4] epoch 33 2.4s loss 0.9197
[mpg_seg_fold4] epoch 34 1.9s loss 0.9177 | val_own_Mean FG IoU 0.3757
[mpg_seg_fold4] epoch 35 1.9s loss 0.9145
[mpg_seg_fold4] epoch 36 2.4s loss 0.9098 | val_own_Mean FG IoU 0.3822
[mpg_seg_fold4] epoch 37 2.3s loss 0.9052
[mpg_seg_fold4] epoch 38 2.4s loss 0.8999 | val_own_Mean FG IoU 0.3796
[mpg_seg_fold4] epoch 39 2.4s loss 0.8992
[mpg_seg_fold4] epoch 40 2.4s loss 0.8942 | val_own_Mean FG IoU 0.3770
[mpg_seg_fold4] epoch 41 2.4s loss 0.8896
[mpg_seg_fold4] epoch 42 2.3s loss 0.8877 | val_own_Mean FG IoU 0.3798
[mpg_seg_fold4] epoch 43 2.4s loss 0.8822
[mpg_seg_fold4] epoch 44 2.3s loss 0.8813 | val_own_Mean FG IoU 0.3814
[mpg_seg_fold4] epoch 45 2.4s loss 0.8797
[mpg_seg_fold4] epoch 46 2.5s loss 0.8740 | val_own_Mean FG IoU 0.3804
[mpg_seg_fold4] epoch 47 2.3s loss 0.8728
[mpg_seg_fold4] epoch 48 2.5s loss 0.8705 | val_own_Mean FG IoU 0.3806
[mpg_seg_fold4] epoch 49 2.4s loss 0.8699
[mpg_seg_fold4] epoch 50 2.0s loss 0.8668 | val_own_Mean FG IoU 0.3801
[mpg_seg_fold4] epoch 51 1.7s loss 0.8659
[mpg_seg_fold4] epoch 52 2.4s loss 0.8642 | val_own_Mean FG IoU 0.3803
[mpg_seg_fold4] epoch 53 2.4s loss 0.8637
[mpg_seg_fold4] epoch 54 2.4s loss 0.8610 | val_own_Mean FG IoU 0.3792
[mpg_seg_fold4] epoch 55 2.4s loss 0.8607
[mpg_seg_fold4] epoch 56 2.3s loss 0.8600 | val_own_Mean FG IoU 0.3793
[mpg_seg_fold4] epoch 57 2.2s loss 0.8605
[mpg_seg_fold4] epoch 58 2.3s loss 0.8602 | val_own_Mean FG IoU 0.3792
[mpg_seg_fold4] epoch 59 2.3s loss 0.8584
[mpg_seg_fold4] epoch 60 2.4s loss 0.8592 | val_own_Mean FG IoU 0.3792
{
  "name": "mpg_seg_fold4",
  "arch": "mpg",
  "mode": "seg",
  "seed": 0,
  "encoder": "infused_mlp05",
  "trainable_params": 671138,
  "best_epoch": 30,
  "train_time_min": 2.9765122731526694,
  "args": {
    "encoder": "infused_mlp05",
    "arch": "mpg",
    "mode": "seg",
    "seed": 0,
    "epochs": 60,
    "lr": 0.001,
    "bs": 8,
    "micro_bs": 8,
    "aux_weight": 1.0,
    "init": null,
    "val_every": 2,
    "name": "mpg_seg_fold4",
    "smooth": false,
    "exclude_fold": 4
  },
  "val_own_TC IoU": 0.3588584716388162,
  "val_own_AR IoU": 0.4057450956304165,
  "val_own_BG IoU": 0.9474036641799353,
  "val_own_Mean IoU": 0.5706690771497226,
  "val_own_Mean FG IoU": 0.3823017836346163
}
