/home/worker1/thang/ClimateSAM/prompter_bench/train.py:179: UserWarning: Converting a tensor with requires_grad=True to a scalar may lead to unexpected behavior.
Consider using tensor.detach() first. (Triggered internally at /pytorch/torch/csrc/autograd/generated/python_variable_methods.cpp:835.)
  sums[k] = sums.get(k, 0.0) + float(v) * len(mb) / len(chunk)
[mpg_seg_fold0] epoch 1 3.9s loss 1.8650
[mpg_seg_fold0] epoch 2 3.6s loss 1.5419 | val_own_Mean FG IoU 0.1638
[mpg_seg_fold0] epoch 3 2.7s loss 1.3495
[mpg_seg_fold0] epoch 4 3.4s loss 1.1610 | val_own_Mean FG IoU 0.2203
[mpg_seg_fold0] epoch 5 3.4s loss 1.1106
[mpg_seg_fold0] epoch 6 3.0s loss 1.0964 | val_own_Mean FG IoU 0.2479
[mpg_seg_fold0] epoch 7 3.6s loss 1.1011
[mpg_seg_fold0] epoch 8 3.0s loss 1.0966 | val_own_Mean FG IoU 0.3649
[mpg_seg_fold0] epoch 9 3.2s loss 1.0690
[mpg_seg_fold0] epoch 10 3.1s loss 1.1819 | val_own_Mean FG IoU 0.3610
[mpg_seg_fold0] epoch 11 3.6s loss 1.0326
[mpg_seg_fold0] epoch 12 3.6s loss 1.0270 | val_own_Mean FG IoU 0.3771
[mpg_seg_fold0] epoch 13 3.5s loss 1.0061
[mpg_seg_fold0] epoch 14 3.6s loss 0.9855 | val_own_Mean FG IoU 0.3816
[mpg_seg_fold0] epoch 15 3.2s loss 0.9847
[mpg_seg_fold0] epoch 16 3.1s loss 1.0161 | val_own_Mean FG IoU 0.3743
[mpg_seg_fold0] epoch 17 2.9s loss 1.0123
[mpg_seg_fold0] epoch 18 3.5s loss 1.0227 | val_own_Mean FG IoU 0.3751
[mpg_seg_fold0] epoch 19 3.3s loss 1.0356
[mpg_seg_fold0] epoch 20 3.3s loss 0.9810 | val_own_Mean FG IoU 0.3694
[mpg_seg_fold0] epoch 21 3.6s loss 1.0050
[mpg_seg_fold0] epoch 22 3.0s loss 0.9802 | val_own_Mean FG IoU 0.3847
[mpg_seg_fold0] epoch 23 3.5s loss 0.9571
[mpg_seg_fold0] epoch 24 3.2s loss 0.9486 | val_own_Mean FG IoU 0.3769
[mpg_seg_fold0] epoch 25 3.3s loss 0.9539
[mpg_seg_fold0] epoch 26 3.0s loss 0.9434 | val_own_Mean FG IoU 0.3832
[mpg_seg_fold0] epoch 27 3.3s loss 0.9300
[mpg_seg_fold0] epoch 28 3.5s loss 0.9303 | val_own_Mean FG IoU 0.3820
[mpg_seg_fold0] epoch 29 2.8s loss 0.9241
[mpg_seg_fold0] epoch 30 3.4s loss 0.9200 | val_own_Mean FG IoU 0.3770
[mpg_seg_fold0] epoch 31 3.0s loss 0.9134
[mpg_seg_fold0] epoch 32 3.6s loss 0.9093 | val_own_Mean FG IoU 0.3856
[mpg_seg_fold0] epoch 33 3.1s loss 0.9057
[mpg_seg_fold0] epoch 34 3.4s loss 0.9011 | val_own_Mean FG IoU 0.3788
[mpg_seg_fold0] epoch 35 3.3s loss 0.9029
[mpg_seg_fold0] epoch 36 2.4s loss 0.8977 | val_own_Mean FG IoU 0.3812
[mpg_seg_fold0] epoch 37 3.6s loss 0.9013
[mpg_seg_fold0] epoch 38 3.0s loss 0.9040 | val_own_Mean FG IoU 0.3815
[mpg_seg_fold0] epoch 39 3.5s loss 0.8916
[mpg_seg_fold0] epoch 40 3.3s loss 0.8906 | val_own_Mean FG IoU 0.3836
[mpg_seg_fold0] epoch 41 3.6s loss 0.8842
[mpg_seg_fold0] epoch 42 3.4s loss 0.8812 | val_own_Mean FG IoU 0.3823
[mpg_seg_fold0] epoch 43 3.5s loss 0.8786
[mpg_seg_fold0] epoch 44 3.7s loss 0.8761 | val_own_Mean FG IoU 0.3838
[mpg_seg_fold0] epoch 45 3.2s loss 0.8752
[mpg_seg_fold0] epoch 46 3.5s loss 0.8711 | val_own_Mean FG IoU 0.3803
[mpg_seg_fold0] epoch 47 2.9s loss 0.8677
[mpg_seg_fold0] epoch 48 3.6s loss 0.8685 | val_own_Mean FG IoU 0.3821
[mpg_seg_fold0] epoch 49 2.8s loss 0.8664
[mpg_seg_fold0] epoch 50 3.4s loss 0.8640 | val_own_Mean FG IoU 0.3824
[mpg_seg_fold0] epoch 51 3.5s loss 0.8627
[mpg_seg_fold0] epoch 52 3.0s loss 0.8615 | val_own_Mean FG IoU 0.3828
[mpg_seg_fold0] epoch 53 3.6s loss 0.8610
[mpg_seg_fold0] epoch 54 3.2s loss 0.8597 | val_own_Mean FG IoU 0.3818
[mpg_seg_fold0] epoch 55 3.1s loss 0.8586
[mpg_seg_fold0] epoch 56 3.2s loss 0.8575 | val_own_Mean FG IoU 0.3811
[mpg_seg_fold0] epoch 57 3.3s loss 0.8574
[mpg_seg_fold0] epoch 58 3.3s loss 0.8566 | val_own_Mean FG IoU 0.3817
[mpg_seg_fold0] epoch 59 3.4s loss 0.8552
[mpg_seg_fold0] epoch 60 3.6s loss 0.8574 | val_own_Mean FG IoU 0.3816
{
  "name": "mpg_seg_fold0",
  "arch": "mpg",
  "mode": "seg",
  "seed": 0,
  "encoder": "infused_mlp05",
  "trainable_params": 671138,
  "best_epoch": 32,
  "train_time_min": 4.5850398421287535,
  "args": {
    "encoder": "infused_mlp05",
    "arch": "mpg",
    "mode": "seg",
    "seed": 0,
    "epochs": 60,
    "lr": 0.001,
    "bs": 8,
    "micro_bs": 8,
    "aux_weight": 1.0,
    "init": null,
    "val_every": 2,
    "name": "mpg_seg_fold0",
    "smooth": false,
    "exclude_fold": 0
  },
  "val_own_TC IoU": 0.36294564081478814,
  "val_own_AR IoU": 0.40823118859600216,
  "val_own_BG IoU": 0.9453481792314788,
  "val_own_Mean IoU": 0.5721750028807564,
  "val_own_Mean FG IoU": 0.3855884147053952
}
