ClimateDataset initialized with 61 samples. Enlarge Ratio [0, 0], Prompt Type bbox
{'prompt': 'bbox', 'seed': 0, 'path': 'original', 'TC IoU': np.float64(0.7303), 'AR IoU': np.float64(0.6155)}
{'prompt': 'bbox', 'seed': 0, 'path': 'fixed', 'TC IoU': np.float64(0.7357), 'AR IoU': np.float64(0.625)}
ClimateDataset initialized with 61 samples. Enlarge Ratio [0, 0], Prompt Type point
{'prompt': 'point', 'seed': 0, 'path': 'original', 'TC IoU': np.float64(0.5246), 'AR IoU': np.float64(0.4421)}
{'prompt': 'point', 'seed': 0, 'path': 'fixed', 'TC IoU': np.float64(0.5317), 'AR IoU': np.float64(0.4532)}
ClimateDataset initialized with 61 samples. Enlarge Ratio [0, 0], Prompt Type random
{'prompt': 'random', 'seed': 0, 'path': 'original', 'TC IoU': np.float64(0.6419), 'AR IoU': np.float64(0.521)}
{'prompt': 'random', 'seed': 0, 'path': 'fixed', 'TC IoU': np.float64(0.6575), 'AR IoU': np.float64(0.5293)}
ClimateDataset initialized with 61 samples. Enlarge Ratio [0, 0], Prompt Type random
{'prompt': 'random', 'seed': 1, 'path': 'original', 'TC IoU': np.float64(0.6163), 'AR IoU': np.float64(0.5214)}
{'prompt': 'random', 'seed': 1, 'path': 'fixed', 'TC IoU': np.float64(0.6329), 'AR IoU': np.float64(0.5291)}
ClimateDataset initialized with 61 samples. Enlarge Ratio [0, 0], Prompt Type random
{'prompt': 'random', 'seed': 2, 'path': 'original', 'TC IoU': np.float64(0.613), 'AR IoU': np.float64(0.5207)}
{'prompt': 'random', 'seed': 2, 'path': 'fixed', 'TC IoU': np.float64(0.6221), 'AR IoU': np.float64(0.532)}
ClimateDataset initialized with 61 samples. Enlarge Ratio [0, 0], Prompt Type bbox
{'prompt': 'bbox', 'seed': 0, 'path': 'original', 'TC IoU': np.float64(0.7327), 'AR IoU': np.float64(0.4388)}
{'prompt': 'bbox', 'seed': 0, 'path': 'fixed', 'TC IoU': np.float64(0.7212), 'AR IoU': np.float64(0.5564)}
ClimateDataset initialized with 61 samples. Enlarge Ratio [0, 0], Prompt Type point
{'prompt': 'point', 'seed': 0, 'path': 'original', 'TC IoU': np.float64(0.3941), 'AR IoU': np.float64(0.3137)}
{'prompt': 'point', 'seed': 0, 'path': 'fixed', 'TC IoU': np.float64(0.5204), 'AR IoU': np.float64(0.44)}
ClimateDataset initialized with 61 samples. Enlarge Ratio [0, 0], Prompt Type random
{'prompt': 'random', 'seed': 0, 'path': 'original', 'TC IoU': np.float64(0.5407), 'AR IoU': np.float64(0.3492)}
{'prompt': 'random', 'seed': 0, 'path': 'fixed', 'TC IoU': np.float64(0.6432), 'AR IoU': np.float64(0.4922)}
ClimateDataset initialized with 61 samples. Enlarge Ratio [0, 0], Prompt Type random
{'prompt': 'random', 'seed': 1, 'path': 'original', 'TC IoU': np.float64(0.5126), 'AR IoU': np.float64(0.3567)}
{'prompt': 'random', 'seed': 1, 'path': 'fixed', 'TC IoU': np.float64(0.6189), 'AR IoU': np.float64(0.4859)}
ClimateDataset initialized with 61 samples. Enlarge Ratio [0, 0], Prompt Type random
{'prompt': 'random', 'seed': 2, 'path': 'original', 'TC IoU': np.float64(0.5172), 'AR IoU': np.float64(0.3636)}
{'prompt': 'random', 'seed': 2, 'path': 'fixed', 'TC IoU': np.float64(0.6061), 'AR IoU': np.float64(0.4957)}
ClimateDataset initialized with 61 samples. Enlarge Ratio [0, 0], Prompt Type bbox
{'prompt': 'bbox', 'seed': 0, 'path': 'original', 'TC IoU': np.float64(0.7402), 'AR IoU': np.float64(0.6468)}
{'prompt': 'bbox', 'seed': 0, 'path': 'fixed', 'TC IoU': np.float64(0.7431), 'AR IoU': np.float64(0.6508)}
ClimateDataset initialized with 61 samples. Enlarge Ratio [0, 0], Prompt Type point
{'prompt': 'point', 'seed': 0, 'path': 'original', 'TC IoU': np.float64(0.5313), 'AR IoU': np.float64(0.4691)}
{'prompt': 'point', 'seed': 0, 'path': 'fixed', 'TC IoU': np.float64(0.5431), 'AR IoU': np.float64(0.4729)}
ClimateDataset initialized with 61 samples. Enlarge Ratio [0, 0], Prompt Type random
{'prompt': 'random', 'seed': 0, 'path': 'original', 'TC IoU': np.float64(0.6582), 'AR IoU': np.float64(0.5475)}
{'prompt': 'random', 'seed': 0, 'path': 'fixed', 'TC IoU': np.float64(0.6657), 'AR IoU': np.float64(0.5541)}
ClimateDataset initialized with 61 samples. Enlarge Ratio [0, 0], Prompt Type random
{'prompt': 'random', 'seed': 1, 'path': 'original', 'TC IoU': np.float64(0.6281), 'AR IoU': np.float64(0.5452)}
{'prompt': 'random', 'seed': 1, 'path': 'fixed', 'TC IoU': np.float64(0.6378), 'AR IoU': np.float64(0.549)}
ClimateDataset initialized with 61 samples. Enlarge Ratio [0, 0], Prompt Type random
{'prompt': 'random', 'seed': 2, 'path': 'original', 'TC IoU': np.float64(0.6215), 'AR IoU': np.float64(0.5447)}
{'prompt': 'random', 'seed': 2, 'path': 'fixed', 'TC IoU': np.float64(0.6279), 'AR IoU': np.float64(0.5523)}
ClimateDataset initialized with 61 samples. Enlarge Ratio [0, 0], Prompt Type bbox
{'prompt': 'bbox', 'seed': 0, 'path': 'original', 'TC IoU': np.float64(0.6512), 'AR IoU': np.float64(0.5681)}
{'prompt': 'bbox', 'seed': 0, 'path': 'fixed', 'TC IoU': np.float64(0.6649), 'AR IoU': np.float64(0.5641)}
ClimateDataset initialized with 61 samples. Enlarge Ratio [0, 0], Prompt Type point
{'prompt': 'point', 'seed': 0, 'path': 'original', 'TC IoU': np.float64(0.4371), 'AR IoU': np.float64(0.4278)}
{'prompt': 'point', 'seed': 0, 'path': 'fixed', 'TC IoU': np.float64(0.464), 'AR IoU': np.float64(0.4159)}
ClimateDataset initialized with 61 samples. Enlarge Ratio [0, 0], Prompt Type random
{'prompt': 'random', 'seed': 0, 'path': 'original', 'TC IoU': np.float64(0.5502), 'AR IoU': np.float64(0.4918)}
{'prompt': 'random', 'seed': 0, 'path': 'fixed', 'TC IoU': np.float64(0.5723), 'AR IoU': np.float64(0.486)}
ClimateDataset initialized with 61 samples. Enlarge Ratio [0, 0], Prompt Type random
{'prompt': 'random', 'seed': 1, 'path': 'original', 'TC IoU': np.float64(0.5304), 'AR IoU': np.float64(0.4936)}
{'prompt': 'random', 'seed': 1, 'path': 'fixed', 'TC IoU': np.float64(0.5559), 'AR IoU': np.float64(0.4859)}
ClimateDataset initialized with 61 samples. Enlarge Ratio [0, 0], Prompt Type random
{'prompt': 'random', 'seed': 2, 'path': 'original', 'TC IoU': np.float64(0.5288), 'AR IoU': np.float64(0.4917)}
{'prompt': 'random', 'seed': 2, 'path': 'fixed', 'TC IoU': np.float64(0.5477), 'AR IoU': np.float64(0.4862)}
