ClimateDataset initialized with 61 samples. Enlarge Ratio [0, 0], Prompt Type bbox
{'prompt': 'bbox', 'seed': 0, 'path': 'original', 'TC IoU': np.float64(0.7383), 'AR IoU': np.float64(0.6477)}
{'prompt': 'bbox', 'seed': 0, 'path': 'fixed', 'TC IoU': np.float64(0.7405), 'AR IoU': np.float64(0.6499)}
ClimateDataset initialized with 61 samples. Enlarge Ratio [0, 0], Prompt Type point
{'prompt': 'point', 'seed': 0, 'path': 'original', 'TC IoU': np.float64(0.5259), 'AR IoU': np.float64(0.4698)}
{'prompt': 'point', 'seed': 0, 'path': 'fixed', 'TC IoU': np.float64(0.5333), 'AR IoU': np.float64(0.4856)}
ClimateDataset initialized with 61 samples. Enlarge Ratio [0, 0], Prompt Type random
{'prompt': 'random', 'seed': 0, 'path': 'original', 'TC IoU': np.float64(0.6451), 'AR IoU': np.float64(0.5564)}
{'prompt': 'random', 'seed': 0, 'path': 'fixed', 'TC IoU': np.float64(0.6531), 'AR IoU': np.float64(0.5585)}
ClimateDataset initialized with 61 samples. Enlarge Ratio [0, 0], Prompt Type random
{'prompt': 'random', 'seed': 1, 'path': 'original', 'TC IoU': np.float64(0.6248), 'AR IoU': np.float64(0.5537)}
{'prompt': 'random', 'seed': 1, 'path': 'fixed', 'TC IoU': np.float64(0.6347), 'AR IoU': np.float64(0.56)}
ClimateDataset initialized with 61 samples. Enlarge Ratio [0, 0], Prompt Type random
{'prompt': 'random', 'seed': 2, 'path': 'original', 'TC IoU': np.float64(0.6115), 'AR IoU': np.float64(0.556)}
{'prompt': 'random', 'seed': 2, 'path': 'fixed', 'TC IoU': np.float64(0.6207), 'AR IoU': np.float64(0.5607)}
ClimateDataset initialized with 61 samples. Enlarge Ratio [0, 0], Prompt Type bbox
{'prompt': 'bbox', 'seed': 0, 'path': 'original', 'TC IoU': np.float64(0.7488), 'AR IoU': np.float64(0.5356)}
{'prompt': 'bbox', 'seed': 0, 'path': 'fixed', 'TC IoU': np.float64(0.7478), 'AR IoU': np.float64(0.6221)}
ClimateDataset initialized with 61 samples. Enlarge Ratio [0, 0], Prompt Type point
{'prompt': 'point', 'seed': 0, 'path': 'original', 'TC IoU': np.float64(0.4608), 'AR IoU': np.float64(0.373)}
{'prompt': 'point', 'seed': 0, 'path': 'fixed', 'TC IoU': np.float64(0.5313), 'AR IoU': np.float64(0.4617)}
ClimateDataset initialized with 61 samples. Enlarge Ratio [0, 0], Prompt Type random
{'prompt': 'random', 'seed': 0, 'path': 'original', 'TC IoU': np.float64(0.638), 'AR IoU': np.float64(0.4387)}
{'prompt': 'random', 'seed': 0, 'path': 'fixed', 'TC IoU': np.float64(0.673), 'AR IoU': np.float64(0.5284)}
ClimateDataset initialized with 61 samples. Enlarge Ratio [0, 0], Prompt Type random
{'prompt': 'random', 'seed': 1, 'path': 'original', 'TC IoU': np.float64(0.611), 'AR IoU': np.float64(0.4404)}
{'prompt': 'random', 'seed': 1, 'path': 'fixed', 'TC IoU': np.float64(0.636), 'AR IoU': np.float64(0.5292)}
ClimateDataset initialized with 61 samples. Enlarge Ratio [0, 0], Prompt Type random
{'prompt': 'random', 'seed': 2, 'path': 'original', 'TC IoU': np.float64(0.5907), 'AR IoU': np.float64(0.4471)}
{'prompt': 'random', 'seed': 2, 'path': 'fixed', 'TC IoU': np.float64(0.6174), 'AR IoU': np.float64(0.5339)}
ClimateDataset initialized with 61 samples. Enlarge Ratio [0, 0], Prompt Type bbox
{'prompt': 'bbox', 'seed': 0, 'path': 'original', 'TC IoU': np.float64(0.7511), 'AR IoU': np.float64(0.6639)}
{'prompt': 'bbox', 'seed': 0, 'path': 'fixed', 'TC IoU': np.float64(0.7543), 'AR IoU': np.float64(0.664)}
ClimateDataset initialized with 61 samples. Enlarge Ratio [0, 0], Prompt Type point
{'prompt': 'point', 'seed': 0, 'path': 'original', 'TC IoU': np.float64(0.4421), 'AR IoU': np.float64(0.4046)}
{'prompt': 'point', 'seed': 0, 'path': 'fixed', 'TC IoU': np.float64(0.4272), 'AR IoU': np.float64(0.4108)}
ClimateDataset initialized with 61 samples. Enlarge Ratio [0, 0], Prompt Type random
{'prompt': 'random', 'seed': 0, 'path': 'original', 'TC IoU': np.float64(0.6313), 'AR IoU': np.float64(0.5165)}
{'prompt': 'random', 'seed': 0, 'path': 'fixed', 'TC IoU': np.float64(0.6314), 'AR IoU': np.float64(0.5249)}
ClimateDataset initialized with 61 samples. Enlarge Ratio [0, 0], Prompt Type random
{'prompt': 'random', 'seed': 1, 'path': 'original', 'TC IoU': np.float64(0.6027), 'AR IoU': np.float64(0.5107)}
{'prompt': 'random', 'seed': 1, 'path': 'fixed', 'TC IoU': np.float64(0.5977), 'AR IoU': np.float64(0.5193)}
ClimateDataset initialized with 61 samples. Enlarge Ratio [0, 0], Prompt Type random
{'prompt': 'random', 'seed': 2, 'path': 'original', 'TC IoU': np.float64(0.572), 'AR IoU': np.float64(0.5067)}
{'prompt': 'random', 'seed': 2, 'path': 'fixed', 'TC IoU': np.float64(0.5682), 'AR IoU': np.float64(0.5178)}
ClimateDataset initialized with 61 samples. Enlarge Ratio [0, 0], Prompt Type bbox
{'prompt': 'bbox', 'seed': 0, 'path': 'original', 'TC IoU': np.float64(0.7523), 'AR IoU': np.float64(0.6608)}
{'prompt': 'bbox', 'seed': 0, 'path': 'fixed', 'TC IoU': np.float64(0.7572), 'AR IoU': np.float64(0.6664)}
ClimateDataset initialized with 61 samples. Enlarge Ratio [0, 0], Prompt Type point
{'prompt': 'point', 'seed': 0, 'path': 'original', 'TC IoU': np.float64(0.3079), 'AR IoU': np.float64(0.2371)}
{'prompt': 'point', 'seed': 0, 'path': 'fixed', 'TC IoU': np.float64(0.3052), 'AR IoU': np.float64(0.2386)}
ClimateDataset initialized with 61 samples. Enlarge Ratio [0, 0], Prompt Type random
{'prompt': 'random', 'seed': 0, 'path': 'original', 'TC IoU': np.float64(0.5877), 'AR IoU': np.float64(0.4619)}
{'prompt': 'random', 'seed': 0, 'path': 'fixed', 'TC IoU': np.float64(0.5904), 'AR IoU': np.float64(0.4643)}
ClimateDataset initialized with 61 samples. Enlarge Ratio [0, 0], Prompt Type random
{'prompt': 'random', 'seed': 1, 'path': 'original', 'TC IoU': np.float64(0.5401), 'AR IoU': np.float64(0.4396)}
{'prompt': 'random', 'seed': 1, 'path': 'fixed', 'TC IoU': np.float64(0.543), 'AR IoU': np.float64(0.4397)}
ClimateDataset initialized with 61 samples. Enlarge Ratio [0, 0], Prompt Type random
{'prompt': 'random', 'seed': 2, 'path': 'original', 'TC IoU': np.float64(0.4937), 'AR IoU': np.float64(0.4419)}
{'prompt': 'random', 'seed': 2, 'path': 'fixed', 'TC IoU': np.float64(0.4957), 'AR IoU': np.float64(0.4425)}
