13:55 start infused_mlp1/logreg_l0_seg_s0
13:56 done infused_mlp1/logreg_l0_seg_s0
13:56 start infused_mlp1/logreg_l0_seg_s1
13:58 done infused_mlp1/logreg_l0_seg_s1
13:58 start infused_mlp1/logreg_l0_seg_s2
13:59 done infused_mlp1/logreg_l0_seg_s2
13:59 start infused_mlp1/logreg_last_seg_s0
14:02 done infused_mlp1/logreg_last_seg_s0
14:02 start infused_mlp1/logreg_last_seg_s1
14:04 done infused_mlp1/logreg_last_seg_s1
14:04 start infused_mlp1/logreg_last_seg_s2
14:06 done infused_mlp1/logreg_last_seg_s2
14:06 start infused_mlp1/mpg_seg_s0
14:09 done infused_mlp1/mpg_seg_s0
14:09 start infused_mlp1/mpg_seg_s1
14:12 done infused_mlp1/mpg_seg_s1
14:12 start infused_mlp1/mpg_seg_s2
14:18 done infused_mlp1/mpg_seg_s2
14:18 start infused_mlp1/mpg_sam_e2e_s0
14:45 done infused_mlp1/mpg_sam_e2e_s0
14:45 start infused_mlp1/mpg_sam_e2e_s1
15:11 done infused_mlp1/mpg_sam_e2e_s1
15:11 start infused_mlp1/mpg_sam_e2e_s2
15:37 done infused_mlp1/mpg_sam_e2e_s2
15:37 start infused_mlp1/mpg_twostage_s0
15:51 done infused_mlp1/mpg_twostage_s0
15:51 start infused_mlp1/mpg_twostage_s1
16:01 done infused_mlp1/mpg_twostage_s1
16:01 start infused_mlp1/mpg_twostage_s2
16:15 done infused_mlp1/mpg_twostage_s2
16:15 start infused_mlp05/logreg_l0_seg_s0
16:18 done infused_mlp05/logreg_l0_seg_s0
16:18 start infused_mlp05/logreg_l0_seg_s1
16:21 done infused_mlp05/logreg_l0_seg_s1
16:21 start infused_mlp05/logreg_l0_seg_s2
16:24 done infused_mlp05/logreg_l0_seg_s2
16:24 start infused_mlp05/logreg_last_seg_s0
16:28 done infused_mlp05/logreg_last_seg_s0
16:28 start infused_mlp05/logreg_last_seg_s1
16:31 done infused_mlp05/logreg_last_seg_s1
16:31 start infused_mlp05/logreg_last_seg_s2
16:34 done infused_mlp05/logreg_last_seg_s2
16:34 start infused_mlp05/mpg_seg_s0
16:38 done infused_mlp05/mpg_seg_s0
16:38 start infused_mlp05/mpg_seg_s1
16:43 done infused_mlp05/mpg_seg_s1
16:43 start infused_mlp05/mpg_seg_s2
16:49 done infused_mlp05/mpg_seg_s2
16:49 start infused_mlp05/mpg_sam_e2e_s0
17:13 done infused_mlp05/mpg_sam_e2e_s0
17:13 start infused_mlp05/mpg_sam_e2e_s1
17:28 done infused_mlp05/mpg_sam_e2e_s1
17:28 start infused_mlp05/mpg_sam_e2e_s2
17:45 done infused_mlp05/mpg_sam_e2e_s2
17:45 start infused_mlp05/mpg_twostage_s0
17:53 done infused_mlp05/mpg_twostage_s0
17:53 start infused_mlp05/mpg_twostage_s1
18:01 done infused_mlp05/mpg_twostage_s1
18:01 start infused_mlp05/mpg_twostage_s2
18:09 done infused_mlp05/mpg_twostage_s2
