wandb: WARNING Using a boolean value for 'reinit' is deprecated. Use 'return_previous' or 'finish_previous' instead.
wandb: Tracking run with wandb version 0.21.1
wandb: W&B syncing is set to `offline` in this directory. Run `wandb online` or set WANDB_MODE=online to enable cloud syncing.
wandb: Run data is saved locally in /home/worker1/thang/ClimateSAM/wandb/offline-run-20260926_000959-ksl34kxv
[robust_decoder_hybrid_gtonly_s0] epoch 0 (Phase-1 decoder) val FG 0.3872
[robust_decoder_hybrid_gtonly_s0] epoch 1 loss 0.2269 val FG 0.3797 (TC 0.374 AR 0.386)
[robust_decoder_hybrid_gtonly_s0] epoch 2 loss 0.1920 val FG 0.3715 (TC 0.373 AR 0.370)
[robust_decoder_hybrid_gtonly_s0] epoch 3 loss 0.2015 val FG 0.3664 (TC 0.375 AR 0.358)
[robust_decoder_hybrid_gtonly_s0] epoch 4 loss 0.2003 val FG 0.3685 (TC 0.374 AR 0.363)
[robust_decoder_hybrid_gtonly_s0] epoch 5 loss 0.1911 val FG 0.3493 (TC 0.375 AR 0.323)
[robust_decoder_hybrid_gtonly_s0] epoch 6 loss 0.1850 val FG 0.3666 (TC 0.374 AR 0.359)
[robust_decoder_hybrid_gtonly_s0] epoch 7 loss 0.1878 val FG 0.3675 (TC 0.373 AR 0.362)
[robust_decoder_hybrid_gtonly_s0] epoch 8 loss 0.1926 val FG 0.3695 (TC 0.374 AR 0.365)
[robust_decoder_hybrid_gtonly_s0] epoch 9 loss 0.1830 val FG 0.3717 (TC 0.374 AR 0.369)
[robust_decoder_hybrid_gtonly_s0] epoch 10 loss 0.1690 val FG 0.3681 (TC 0.375 AR 0.362)
[robust_decoder_hybrid_gtonly_s0] epoch 11 loss 0.1773 val FG 0.3781 (TC 0.375 AR 0.382)
[robust_decoder_hybrid_gtonly_s0] epoch 12 loss 0.1694 val FG 0.3753 (TC 0.374 AR 0.376)
[robust_decoder_hybrid_gtonly_s0] epoch 13 loss 0.1703 val FG 0.3716 (TC 0.374 AR 0.369)
[robust_decoder_hybrid_gtonly_s0] epoch 14 loss 0.1654 val FG 0.3697 (TC 0.374 AR 0.365)
[robust_decoder_hybrid_gtonly_s0] epoch 15 loss 0.1724 val FG 0.3738 (TC 0.374 AR 0.373)
[robust_decoder_hybrid_gtonly_s0] epoch 16 loss 0.1677 val FG 0.3777 (TC 0.374 AR 0.381)
[robust_decoder_hybrid_gtonly_s0] epoch 17 loss 0.1613 val FG 0.3790 (TC 0.374 AR 0.384)
[robust_decoder_hybrid_gtonly_s0] epoch 18 loss 0.1676 val FG 0.3791 (TC 0.374 AR 0.384)
[robust_decoder_hybrid_gtonly_s0] epoch 19 loss 0.1657 val FG 0.3781 (TC 0.374 AR 0.382)
[robust_decoder_hybrid_gtonly_s0] epoch 20 loss 0.1550 val FG 0.3748 (TC 0.374 AR 0.375)
[robust_decoder_hybrid_gtonly_s0] epoch 21 loss 0.1571 val FG 0.3774 (TC 0.374 AR 0.381)
[robust_decoder_hybrid_gtonly_s0] epoch 22 loss 0.1669 val FG 0.3799 (TC 0.374 AR 0.385)
[robust_decoder_hybrid_gtonly_s0] epoch 23 loss 0.1629 val FG 0.3784 (TC 0.374 AR 0.382)
[robust_decoder_hybrid_gtonly_s0] epoch 24 loss 0.1610 val FG 0.3798 (TC 0.374 AR 0.385)
[robust_decoder_hybrid_gtonly_s0] epoch 25 loss 0.1581 val FG 0.3791 (TC 0.374 AR 0.384)
wandb:                                                                                
wandb: 
wandb: Run history:
wandb:           epoch ▁▁▂▂▂▂▃▃▃▄▄▄▅▅▅▅▆▆▆▇▇▇▇██
wandb:              lr ████▇▇▇▆▆▆▅▅▄▄▃▃▃▂▂▂▁▁▁▁▁
wandb:      train_loss █▅▆▅▅▄▄▅▄▂▃▂▂▂▃▂▂▂▂▁▁▂▂▂▁
wandb:      val_AR IoU █▆▅▅▁▅▅▆▆▅█▇▆▆▇▇███▇▇████
wandb:      val_BG IoU ▂█▇▆▇▆▄▆▇▇▃▅▆▇▅▃▂▂▃▅▃▁▃▁▂
wandb: val_Mean FG IoU █▆▅▅▁▅▅▆▆▅█▇▆▆▇▇███▇▇████
wandb:    val_Mean IoU █▆▅▅▁▅▅▆▆▅█▇▆▆▇████▇▇████
wandb:      val_TC IoU ▄▁▆▃█▄▃▆▆▆▇▆▅▅▆▆▅▅▆▆▆▆▆▆▅
wandb: 
wandb: Run summary:
wandb:       best_epoch 0
wandb:            epoch 25
wandb:               lr 0.0
wandb:             mode hybrid
wandb:             name robust_decoder_hybri...
wandb:     real_prompts False
wandb:             seed 0
wandb:       train_loss 0.15811
wandb:   train_time_min 15.67106
wandb: trainable_params 1210656
wandb:       val_AR IoU 0.38409
wandb:       val_BG IoU 0.95264
wandb:  val_Mean FG IoU 0.37911
wandb:     val_Mean IoU 0.57028
wandb:       val_TC IoU 0.37412
wandb: 
wandb: You can sync this run to the cloud by running:
wandb: wandb sync /home/worker1/thang/ClimateSAM/wandb/offline-run-20260926_000959-ksl34kxv
wandb: Find logs at: ./wandb/offline-run-20260926_000959-ksl34kxv/logs
{
  "name": "robust_decoder_hybrid_gtonly_s0",
  "mode": "hybrid",
  "seed": 0,
  "real_prompts": false,
  "trainable_params": 1210656,
  "best_epoch": 0,
  "train_time_min": 15.67105640967687,
  "val_TC IoU": 0.37440419864718044,
  "val_AR IoU": 0.3999343070505621,
  "val_BG IoU": 0.9511928865498247,
  "val_Mean IoU": 0.5751771307491891,
  "val_Mean FG IoU": 0.38716925284887127
}
