wandb: WARNING Using a boolean value for 'reinit' is deprecated. Use 'return_previous' or 'finish_previous' instead.
wandb: Tracking run with wandb version 0.21.1
wandb: W&B syncing is set to `offline` in this directory. Run `wandb online` or set WANDB_MODE=online to enable cloud syncing.
wandb: Run data is saved locally in /home/worker1/thang/ClimateSAM/wandb/offline-run-20260926_003623-ne0sqcay
[robust_decoder_box_s0] epoch 0 (Phase-1 decoder) val FG 0.3753
[robust_decoder_box_s0] epoch 1 loss 0.5395 val FG 0.3729 (TC 0.357 AR 0.389)
[robust_decoder_box_s0] epoch 2 loss 0.4644 val FG 0.3744 (TC 0.360 AR 0.389)
[robust_decoder_box_s0] epoch 3 loss 0.4425 val FG 0.3728 (TC 0.353 AR 0.392)
[robust_decoder_box_s0] epoch 4 loss 0.4468 val FG 0.3717 (TC 0.351 AR 0.392)
[robust_decoder_box_s0] epoch 5 loss 0.4430 val FG 0.3765 (TC 0.361 AR 0.392)
[robust_decoder_box_s0] epoch 6 loss 0.4299 val FG 0.3729 (TC 0.363 AR 0.383)
[robust_decoder_box_s0] epoch 7 loss 0.4328 val FG 0.3778 (TC 0.362 AR 0.394)
[robust_decoder_box_s0] epoch 8 loss 0.4234 val FG 0.3753 (TC 0.357 AR 0.394)
[robust_decoder_box_s0] epoch 9 loss 0.4293 val FG 0.3752 (TC 0.360 AR 0.390)
[robust_decoder_box_s0] epoch 10 loss 0.4155 val FG 0.3760 (TC 0.360 AR 0.392)
[robust_decoder_box_s0] epoch 11 loss 0.4097 val FG 0.3776 (TC 0.361 AR 0.394)
[robust_decoder_box_s0] epoch 12 loss 0.4240 val FG 0.3755 (TC 0.355 AR 0.396)
[robust_decoder_box_s0] epoch 13 loss 0.4259 val FG 0.3750 (TC 0.362 AR 0.388)
[robust_decoder_box_s0] epoch 14 loss 0.4207 val FG 0.3775 (TC 0.358 AR 0.397)
[robust_decoder_box_s0] epoch 15 loss 0.4148 val FG 0.3696 (TC 0.344 AR 0.395)
[robust_decoder_box_s0] epoch 16 loss 0.4402 val FG 0.3742 (TC 0.358 AR 0.390)
[robust_decoder_box_s0] epoch 17 loss 0.4263 val FG 0.3766 (TC 0.360 AR 0.394)
[robust_decoder_box_s0] epoch 18 loss 0.3890 val FG 0.3778 (TC 0.361 AR 0.394)
[robust_decoder_box_s0] epoch 19 loss 0.4211 val FG 0.3773 (TC 0.361 AR 0.394)
[robust_decoder_box_s0] epoch 20 loss 0.4241 val FG 0.3785 (TC 0.362 AR 0.395)
[robust_decoder_box_s0] epoch 21 loss 0.4207 val FG 0.3783 (TC 0.359 AR 0.397)
[robust_decoder_box_s0] epoch 22 loss 0.4064 val FG 0.3782 (TC 0.361 AR 0.395)
[robust_decoder_box_s0] epoch 23 loss 0.4092 val FG 0.3783 (TC 0.361 AR 0.396)
[robust_decoder_box_s0] epoch 24 loss 0.4065 val FG 0.3780 (TC 0.361 AR 0.395)
[robust_decoder_box_s0] epoch 25 loss 0.4056 val FG 0.3783 (TC 0.361 AR 0.396)
wandb:                                                                                
wandb: 
wandb: Run history:
wandb:           epoch ▁▁▂▂▂▂▃▃▃▄▄▄▅▅▅▅▆▆▆▇▇▇▇██
wandb:              lr ████▇▇▇▆▆▆▅▅▄▄▃▃▃▂▂▂▁▁▁▁▁
wandb:      train_loss █▅▃▄▄▃▃▃▃▂▂▃▃▂▂▃▃▁▂▃▂▂▂▂▂
wandb:      val_AR IoU ▄▄▅▅▅▁▆▆▄▆▆▇▃█▇▅▆▇▆▇█▇▇▇▇
wandb:      val_BG IoU ▅▂▄▃▃█▁▂▇▇▆▅█▄▆▇▇▆▆▆▅▆▆▆▆
wandb: val_Mean FG IoU ▄▅▃▃▆▄▇▅▅▆▇▆▅▇▁▅▇▇▇██████
wandb:    val_Mean IoU ▃▃▃▂▅▅▅▄▆▆▇▅▆▆▁▅▇█▇█▇████
wandb:      val_TC IoU ▆▇▅▄▇██▆▇▇█▅█▆▁▆▇▇▇█▇▇▇▇▇
wandb: 
wandb: Run summary:
wandb:       best_epoch 20
wandb:            epoch 25
wandb:               lr 0.0
wandb:             mode box
wandb:             name robust_decoder_box_s...
wandb:     real_prompts True
wandb:             seed 0
wandb:       train_loss 0.40561
wandb:   train_time_min 25.48859
wandb: trainable_params 1210656
wandb:       val_AR IoU 0.39563
wandb:       val_BG IoU 0.94774
wandb:  val_Mean FG IoU 0.37826
wandb:     val_Mean IoU 0.56809
wandb:       val_TC IoU 0.36089
wandb: 
wandb: You can sync this run to the cloud by running:
wandb: wandb sync /home/worker1/thang/ClimateSAM/wandb/offline-run-20260926_003623-ne0sqcay
wandb: Find logs at: ./wandb/offline-run-20260926_003623-ne0sqcay/logs
{
  "name": "robust_decoder_box_s0",
  "mode": "box",
  "seed": 0,
  "real_prompts": true,
  "trainable_params": 1210656,
  "best_epoch": 20,
  "train_time_min": 25.48858721256256,
  "val_TC IoU": 0.3620782923038614,
  "val_AR IoU": 0.39500807293583506,
  "val_BG IoU": 0.9478456307048742,
  "val_Mean IoU": 0.5683106653148569,
  "val_Mean FG IoU": 0.3785431826198482
}
