/home/worker1/thang/ClimateSAM/prompter_bench/train.py:179: UserWarning: Converting a tensor with requires_grad=True to a scalar may lead to unexpected behavior.
Consider using tensor.detach() first. (Triggered internally at /pytorch/torch/csrc/autograd/generated/python_variable_methods.cpp:835.)
  sums[k] = sums.get(k, 0.0) + float(v) * len(mb) / len(chunk)
[logreg_l0_seg_s0] epoch 1 3.0s loss 1.8270
[logreg_l0_seg_s0] epoch 2 2.4s loss 1.6891 | val_own_Mean FG IoU 0.1827
[logreg_l0_seg_s0] epoch 3 2.4s loss 1.6119
[logreg_l0_seg_s0] epoch 4 2.4s loss 1.5669 | val_own_Mean FG IoU 0.2030
[logreg_l0_seg_s0] epoch 5 2.4s loss 1.5425
[logreg_l0_seg_s0] epoch 6 2.4s loss 1.5225 | val_own_Mean FG IoU 0.2108
[logreg_l0_seg_s0] epoch 7 2.4s loss 1.5071
[logreg_l0_seg_s0] epoch 8 1.9s loss 1.4976 | val_own_Mean FG IoU 0.2134
[logreg_l0_seg_s0] epoch 9 2.4s loss 1.4841
[logreg_l0_seg_s0] epoch 10 2.5s loss 1.4798 | val_own_Mean FG IoU 0.2174
[logreg_l0_seg_s0] epoch 11 2.4s loss 1.4728
[logreg_l0_seg_s0] epoch 12 2.5s loss 1.4705 | val_own_Mean FG IoU 0.2229
[logreg_l0_seg_s0] epoch 13 2.4s loss 1.4624
[logreg_l0_seg_s0] epoch 14 2.4s loss 1.4578 | val_own_Mean FG IoU 0.2228
[logreg_l0_seg_s0] epoch 15 2.0s loss 1.4538
[logreg_l0_seg_s0] epoch 16 2.1s loss 1.4496 | val_own_Mean FG IoU 0.2168
[logreg_l0_seg_s0] epoch 17 2.4s loss 1.4493
[logreg_l0_seg_s0] epoch 18 2.4s loss 1.4449 | val_own_Mean FG IoU 0.2225
[logreg_l0_seg_s0] epoch 19 2.4s loss 1.4392
[logreg_l0_seg_s0] epoch 20 2.4s loss 1.4379 | val_own_Mean FG IoU 0.2156
[logreg_l0_seg_s0] epoch 21 2.3s loss 1.4384
[logreg_l0_seg_s0] epoch 22 2.1s loss 1.4380 | val_own_Mean FG IoU 0.2240
[logreg_l0_seg_s0] epoch 23 1.9s loss 1.4305
[logreg_l0_seg_s0] epoch 24 1.8s loss 1.4296 | val_own_Mean FG IoU 0.2267
[logreg_l0_seg_s0] epoch 25 2.4s loss 1.4297
[logreg_l0_seg_s0] epoch 26 2.5s loss 1.4309 | val_own_Mean FG IoU 0.2279
[logreg_l0_seg_s0] epoch 27 2.1s loss 1.4275
[logreg_l0_seg_s0] epoch 28 2.1s loss 1.4277 | val_own_Mean FG IoU 0.2270
[logreg_l0_seg_s0] epoch 29 2.2s loss 1.4250
[logreg_l0_seg_s0] epoch 30 2.3s loss 1.4235 | val_own_Mean FG IoU 0.2298
[logreg_l0_seg_s0] epoch 31 2.0s loss 1.4226
[logreg_l0_seg_s0] epoch 32 1.9s loss 1.4199 | val_own_Mean FG IoU 0.2256
[logreg_l0_seg_s0] epoch 33 2.4s loss 1.4196
[logreg_l0_seg_s0] epoch 34 2.4s loss 1.4189 | val_own_Mean FG IoU 0.2269
[logreg_l0_seg_s0] epoch 35 2.4s loss 1.4186
[logreg_l0_seg_s0] epoch 36 2.4s loss 1.4183 | val_own_Mean FG IoU 0.2279
[logreg_l0_seg_s0] epoch 37 2.4s loss 1.4158
[logreg_l0_seg_s0] epoch 38 2.5s loss 1.4160 | val_own_Mean FG IoU 0.2268
[logreg_l0_seg_s0] epoch 39 1.7s loss 1.4160
[logreg_l0_seg_s0] epoch 40 2.4s loss 1.4152 | val_own_Mean FG IoU 0.2271
[logreg_l0_seg_s0] epoch 41 2.4s loss 1.4144
[logreg_l0_seg_s0] epoch 42 2.5s loss 1.4134 | val_own_Mean FG IoU 0.2302
[logreg_l0_seg_s0] epoch 43 2.5s loss 1.4132
[logreg_l0_seg_s0] epoch 44 2.4s loss 1.4129 | val_own_Mean FG IoU 0.2299
[logreg_l0_seg_s0] epoch 45 2.4s loss 1.4127
[logreg_l0_seg_s0] epoch 46 2.5s loss 1.4122 | val_own_Mean FG IoU 0.2288
[logreg_l0_seg_s0] epoch 47 2.0s loss 1.4118
[logreg_l0_seg_s0] epoch 48 2.4s loss 1.4111 | val_own_Mean FG IoU 0.2304
[logreg_l0_seg_s0] epoch 49 2.4s loss 1.4128
[logreg_l0_seg_s0] epoch 50 2.4s loss 1.4117 | val_own_Mean FG IoU 0.2296
[logreg_l0_seg_s0] epoch 51 2.5s loss 1.4111
[logreg_l0_seg_s0] epoch 52 2.4s loss 1.4104 | val_own_Mean FG IoU 0.2294
[logreg_l0_seg_s0] epoch 53 2.5s loss 1.4107
[logreg_l0_seg_s0] epoch 54 2.3s loss 1.4103 | val_own_Mean FG IoU 0.2287
[logreg_l0_seg_s0] epoch 55 2.3s loss 1.4102
[logreg_l0_seg_s0] epoch 56 2.5s loss 1.4101 | val_own_Mean FG IoU 0.2294
[logreg_l0_seg_s0] epoch 57 2.4s loss 1.4107
[logreg_l0_seg_s0] epoch 58 2.4s loss 1.4099 | val_own_Mean FG IoU 0.2293
[logreg_l0_seg_s0] epoch 59 2.4s loss 1.4096
[logreg_l0_seg_s0] epoch 60 2.5s loss 1.4099 | val_own_Mean FG IoU 0.2295
{
  "name": "logreg_l0_seg_s0",
  "arch": "logreg_l0",
  "mode": "seg",
  "seed": 0,
  "encoder": "infused_mlp05",
  "trainable_params": 1538,
  "best_epoch": 48,
  "train_time_min": 3.100837993621826,
  "args": {
    "encoder": "infused_mlp05",
    "arch": "logreg_l0",
    "mode": "seg",
    "seed": 0,
    "epochs": 60,
    "lr": 0.001,
    "bs": 8,
    "micro_bs": 8,
    "aux_weight": 1.0,
    "init": null,
    "val_every": 2,
    "name": "logreg_l0_seg_s0",
    "smooth": false,
    "exclude_fold": null
  },
  "val_own_TC IoU": 0.17820088974351903,
  "val_own_AR IoU": 0.2825999355142764,
  "val_own_BG IoU": 0.9198395381669207,
  "val_own_Mean IoU": 0.4602134544749054,
  "val_own_Mean FG IoU": 0.2304004126288977
}
