/home/worker1/thang/ClimateSAM/prompter_bench/train.py:179: UserWarning: Converting a tensor with requires_grad=True to a scalar may lead to unexpected behavior.
Consider using tensor.detach() first. (Triggered internally at /pytorch/torch/csrc/autograd/generated/python_variable_methods.cpp:835.)
  sums[k] = sums.get(k, 0.0) + float(v) * len(mb) / len(chunk)
[logreg_last_seg_s2] epoch 1 2.9s loss 1.4602
[logreg_last_seg_s2] epoch 2 2.3s loss 1.3051 | val_own_Mean FG IoU 0.2727
[logreg_last_seg_s2] epoch 3 2.2s loss 1.2629
[logreg_last_seg_s2] epoch 4 2.3s loss 1.2400 | val_own_Mean FG IoU 0.2841
[logreg_last_seg_s2] epoch 5 2.0s loss 1.2177
[logreg_last_seg_s2] epoch 6 2.1s loss 1.2026 | val_own_Mean FG IoU 0.3278
[logreg_last_seg_s2] epoch 7 2.2s loss 1.1932
[logreg_last_seg_s2] epoch 8 1.7s loss 1.1872 | val_own_Mean FG IoU 0.3191
[logreg_last_seg_s2] epoch 9 2.3s loss 1.1812
[logreg_last_seg_s2] epoch 10 2.1s loss 1.1812 | val_own_Mean FG IoU 0.3080
[logreg_last_seg_s2] epoch 11 1.9s loss 1.1908
[logreg_last_seg_s2] epoch 12 2.1s loss 1.1710 | val_own_Mean FG IoU 0.3303
[logreg_last_seg_s2] epoch 13 2.2s loss 1.1695
[logreg_last_seg_s2] epoch 14 2.3s loss 1.1693 | val_own_Mean FG IoU 0.3325
[logreg_last_seg_s2] epoch 15 2.3s loss 1.1637
[logreg_last_seg_s2] epoch 16 1.8s loss 1.1607 | val_own_Mean FG IoU 0.3233
[logreg_last_seg_s2] epoch 17 2.3s loss 1.1562
[logreg_last_seg_s2] epoch 18 2.3s loss 1.1567 | val_own_Mean FG IoU 0.3389
[logreg_last_seg_s2] epoch 19 2.3s loss 1.1519
[logreg_last_seg_s2] epoch 20 2.3s loss 1.1496 | val_own_Mean FG IoU 0.3434
[logreg_last_seg_s2] epoch 21 2.3s loss 1.1481
[logreg_last_seg_s2] epoch 22 2.3s loss 1.1483 | val_own_Mean FG IoU 0.3387
[logreg_last_seg_s2] epoch 23 2.3s loss 1.1483
[logreg_last_seg_s2] epoch 24 1.8s loss 1.1448 | val_own_Mean FG IoU 0.3268
[logreg_last_seg_s2] epoch 25 2.3s loss 1.1428
[logreg_last_seg_s2] epoch 26 2.3s loss 1.1408 | val_own_Mean FG IoU 0.3374
[logreg_last_seg_s2] epoch 27 2.3s loss 1.1416
[logreg_last_seg_s2] epoch 28 2.3s loss 1.1420 | val_own_Mean FG IoU 0.3369
[logreg_last_seg_s2] epoch 29 2.3s loss 1.1392
[logreg_last_seg_s2] epoch 30 2.3s loss 1.1413 | val_own_Mean FG IoU 0.3477
[logreg_last_seg_s2] epoch 31 2.3s loss 1.1360
[logreg_last_seg_s2] epoch 32 1.7s loss 1.1368 | val_own_Mean FG IoU 0.3406
[logreg_last_seg_s2] epoch 33 2.3s loss 1.1387
[logreg_last_seg_s2] epoch 34 2.3s loss 1.1375 | val_own_Mean FG IoU 0.3418
[logreg_last_seg_s2] epoch 35 2.3s loss 1.1325
[logreg_last_seg_s2] epoch 36 2.3s loss 1.1366 | val_own_Mean FG IoU 0.3337
[logreg_last_seg_s2] epoch 37 2.3s loss 1.1358
[logreg_last_seg_s2] epoch 38 2.3s loss 1.1354 | val_own_Mean FG IoU 0.3433
[logreg_last_seg_s2] epoch 39 2.3s loss 1.1306
[logreg_last_seg_s2] epoch 40 1.9s loss 1.1305 | val_own_Mean FG IoU 0.3453
[logreg_last_seg_s2] epoch 41 2.3s loss 1.1305
[logreg_last_seg_s2] epoch 42 2.2s loss 1.1314 | val_own_Mean FG IoU 0.3408
[logreg_last_seg_s2] epoch 43 2.3s loss 1.1312
[logreg_last_seg_s2] epoch 44 2.3s loss 1.1314 | val_own_Mean FG IoU 0.3404
[logreg_last_seg_s2] epoch 45 2.3s loss 1.1324
[logreg_last_seg_s2] epoch 46 2.3s loss 1.1287 | val_own_Mean FG IoU 0.3478
[logreg_last_seg_s2] epoch 47 2.3s loss 1.1305
[logreg_last_seg_s2] epoch 48 2.0s loss 1.1300 | val_own_Mean FG IoU 0.3439
[logreg_last_seg_s2] epoch 49 2.3s loss 1.1297
[logreg_last_seg_s2] epoch 50 2.3s loss 1.1294 | val_own_Mean FG IoU 0.3412
[logreg_last_seg_s2] epoch 51 2.3s loss 1.1295
[logreg_last_seg_s2] epoch 52 2.3s loss 1.1296 | val_own_Mean FG IoU 0.3436
[logreg_last_seg_s2] epoch 53 2.3s loss 1.1284
[logreg_last_seg_s2] epoch 54 2.3s loss 1.1290 | val_own_Mean FG IoU 0.3436
[logreg_last_seg_s2] epoch 55 2.3s loss 1.1287
[logreg_last_seg_s2] epoch 56 2.1s loss 1.1274 | val_own_Mean FG IoU 0.3450
[logreg_last_seg_s2] epoch 57 2.0s loss 1.1278
[logreg_last_seg_s2] epoch 58 2.1s loss 1.1279 | val_own_Mean FG IoU 0.3446
[logreg_last_seg_s2] epoch 59 2.1s loss 1.1275
[logreg_last_seg_s2] epoch 60 2.2s loss 1.1270 | val_own_Mean FG IoU 0.3447
{
  "name": "logreg_last_seg_s2",
  "arch": "logreg_last",
  "mode": "seg",
  "seed": 2,
  "encoder": "infused_mlp05",
  "trainable_params": 1538,
  "best_epoch": 46,
  "train_time_min": 2.948936625321706,
  "args": {
    "encoder": "infused_mlp05",
    "arch": "logreg_last",
    "mode": "seg",
    "seed": 2,
    "epochs": 60,
    "lr": 0.001,
    "bs": 8,
    "micro_bs": 8,
    "aux_weight": 1.0,
    "init": null,
    "val_every": 2,
    "name": "logreg_last_seg_s2",
    "smooth": false,
    "exclude_fold": null
  },
  "val_own_TC IoU": 0.31616003245614405,
  "val_own_AR IoU": 0.3793587798489451,
  "val_own_BG IoU": 0.9433828126749583,
  "val_own_Mean IoU": 0.5463005416600158,
  "val_own_Mean FG IoU": 0.3477594061525446
}
