/home/worker1/thang/ClimateSAM/prompter_bench/train.py:166: UserWarning: Converting a tensor with requires_grad=True to a scalar may lead to unexpected behavior.
Consider using tensor.detach() first. (Triggered internally at /pytorch/torch/csrc/autograd/generated/python_variable_methods.cpp:835.)
  sums[k] = sums.get(k, 0.0) + float(v) * len(mb) / len(chunk)
[msf_seg_s0] epoch 1 59.5s loss 2.5775
[msf_seg_s0] epoch 2 52.6s loss 2.1364 | val_own_Mean FG IoU 0.3557
[msf_seg_s0] epoch 3 62.0s loss 2.0717
[msf_seg_s0] epoch 4 67.2s loss 2.0337 | val_own_Mean FG IoU 0.3398
[msf_seg_s0] epoch 5 69.0s loss 2.0057
[msf_seg_s0] epoch 6 79.5s loss 2.0109 | val_own_Mean FG IoU 0.3461
[msf_seg_s0] epoch 7 72.8s loss 2.0464
[msf_seg_s0] epoch 8 69.3s loss 1.9652 | val_own_Mean FG IoU 0.3511
[msf_seg_s0] epoch 9 64.5s loss 2.0057
[msf_seg_s0] epoch 10 65.0s loss 1.9642 | val_own_Mean FG IoU 0.3708
[msf_seg_s0] epoch 11 68.8s loss 1.9478
[msf_seg_s0] epoch 12 69.2s loss 1.9114 | val_own_Mean FG IoU 0.3726
[msf_seg_s0] epoch 13 79.6s loss 1.9297
[msf_seg_s0] epoch 14 92.9s loss 1.9293 | val_own_Mean FG IoU 0.3508
[msf_seg_s0] epoch 15 87.5s loss 1.9194
[msf_seg_s0] epoch 16 106.8s loss 1.8967 | val_own_Mean FG IoU 0.3724
[msf_seg_s0] epoch 17 111.6s loss 1.8510
[msf_seg_s0] epoch 18 102.5s loss 1.8728 | val_own_Mean FG IoU 0.3563
[msf_seg_s0] epoch 19 108.6s loss 1.8639
[msf_seg_s0] epoch 20 107.0s loss 1.8495 | val_own_Mean FG IoU 0.3516
[msf_seg_s0] epoch 21 104.0s loss 1.8875
[msf_seg_s0] epoch 22 105.3s loss 1.8537 | val_own_Mean FG IoU 0.3746
[msf_seg_s0] epoch 23 104.8s loss 1.8120
[msf_seg_s0] epoch 24 104.9s loss 1.8265 | val_own_Mean FG IoU 0.3556
[msf_seg_s0] epoch 25 102.1s loss 1.8339
[msf_seg_s0] epoch 26 80.2s loss 1.8269 | val_own_Mean FG IoU 0.3783
