/home/worker1/thang/ClimateSAM/prompter_bench/train.py:179: UserWarning: Converting a tensor with requires_grad=True to a scalar may lead to unexpected behavior.
Consider using tensor.detach() first. (Triggered internally at /pytorch/torch/csrc/autograd/generated/python_variable_methods.cpp:835.)
  sums[k] = sums.get(k, 0.0) + float(v) * len(mb) / len(chunk)
[logreg_l0_seg_s1] epoch 1 2.6s loss 1.7731
[logreg_l0_seg_s1] epoch 2 2.1s loss 1.6247 | val_own_Mean FG IoU 0.1962
[logreg_l0_seg_s1] epoch 3 2.2s loss 1.5696
[logreg_l0_seg_s1] epoch 4 2.3s loss 1.5396 | val_own_Mean FG IoU 0.2094
[logreg_l0_seg_s1] epoch 5 2.1s loss 1.5174
[logreg_l0_seg_s1] epoch 6 1.8s loss 1.5055 | val_own_Mean FG IoU 0.2115
[logreg_l0_seg_s1] epoch 7 2.3s loss 1.4961
[logreg_l0_seg_s1] epoch 8 2.3s loss 1.4853 | val_own_Mean FG IoU 0.2039
[logreg_l0_seg_s1] epoch 9 2.3s loss 1.4797
[logreg_l0_seg_s1] epoch 10 2.3s loss 1.4723 | val_own_Mean FG IoU 0.2106
[logreg_l0_seg_s1] epoch 11 2.3s loss 1.4636
[logreg_l0_seg_s1] epoch 12 2.3s loss 1.4590 | val_own_Mean FG IoU 0.2154
[logreg_l0_seg_s1] epoch 13 2.3s loss 1.4563
[logreg_l0_seg_s1] epoch 14 1.9s loss 1.4522 | val_own_Mean FG IoU 0.2198
[logreg_l0_seg_s1] epoch 15 2.3s loss 1.4481
[logreg_l0_seg_s1] epoch 16 2.3s loss 1.4465 | val_own_Mean FG IoU 0.2263
[logreg_l0_seg_s1] epoch 17 2.0s loss 1.4450
[logreg_l0_seg_s1] epoch 18 2.0s loss 1.4417 | val_own_Mean FG IoU 0.2268
[logreg_l0_seg_s1] epoch 19 2.2s loss 1.4366
[logreg_l0_seg_s1] epoch 20 2.3s loss 1.4358 | val_own_Mean FG IoU 0.2201
[logreg_l0_seg_s1] epoch 21 2.3s loss 1.4345
[logreg_l0_seg_s1] epoch 22 2.1s loss 1.4307 | val_own_Mean FG IoU 0.2278
[logreg_l0_seg_s1] epoch 23 2.3s loss 1.4275
[logreg_l0_seg_s1] epoch 24 2.3s loss 1.4263 | val_own_Mean FG IoU 0.2260
[logreg_l0_seg_s1] epoch 25 2.3s loss 1.4270
[logreg_l0_seg_s1] epoch 26 2.3s loss 1.4259 | val_own_Mean FG IoU 0.2274
[logreg_l0_seg_s1] epoch 27 2.3s loss 1.4254
[logreg_l0_seg_s1] epoch 28 2.3s loss 1.4240 | val_own_Mean FG IoU 0.2242
[logreg_l0_seg_s1] epoch 29 2.3s loss 1.4203
[logreg_l0_seg_s1] epoch 30 1.9s loss 1.4213 | val_own_Mean FG IoU 0.2276
[logreg_l0_seg_s1] epoch 31 2.3s loss 1.4190
[logreg_l0_seg_s1] epoch 32 2.3s loss 1.4185 | val_own_Mean FG IoU 0.2268
[logreg_l0_seg_s1] epoch 33 2.4s loss 1.4174
[logreg_l0_seg_s1] epoch 34 2.4s loss 1.4183 | val_own_Mean FG IoU 0.2302
[logreg_l0_seg_s1] epoch 35 2.3s loss 1.4185
[logreg_l0_seg_s1] epoch 36 2.3s loss 1.4147 | val_own_Mean FG IoU 0.2331
[logreg_l0_seg_s1] epoch 37 2.3s loss 1.4168
[logreg_l0_seg_s1] epoch 38 2.0s loss 1.4153 | val_own_Mean FG IoU 0.2286
[logreg_l0_seg_s1] epoch 39 2.0s loss 1.4133
[logreg_l0_seg_s1] epoch 40 2.1s loss 1.4136 | val_own_Mean FG IoU 0.2319
[logreg_l0_seg_s1] epoch 41 2.1s loss 1.4124
[logreg_l0_seg_s1] epoch 42 2.3s loss 1.4120 | val_own_Mean FG IoU 0.2301
[logreg_l0_seg_s1] epoch 43 2.3s loss 1.4132
[logreg_l0_seg_s1] epoch 44 2.3s loss 1.4103 | val_own_Mean FG IoU 0.2301
[logreg_l0_seg_s1] epoch 45 2.3s loss 1.4101
[logreg_l0_seg_s1] epoch 46 2.0s loss 1.4094 | val_own_Mean FG IoU 0.2273
[logreg_l0_seg_s1] epoch 47 2.3s loss 1.4107
[logreg_l0_seg_s1] epoch 48 2.3s loss 1.4092 | val_own_Mean FG IoU 0.2286
[logreg_l0_seg_s1] epoch 49 2.3s loss 1.4094
[logreg_l0_seg_s1] epoch 50 2.3s loss 1.4092 | val_own_Mean FG IoU 0.2318
[logreg_l0_seg_s1] epoch 51 2.3s loss 1.4098
[logreg_l0_seg_s1] epoch 52 2.4s loss 1.4090 | val_own_Mean FG IoU 0.2294
[logreg_l0_seg_s1] epoch 53 2.3s loss 1.4086
[logreg_l0_seg_s1] epoch 54 2.1s loss 1.4091 | val_own_Mean FG IoU 0.2304
[logreg_l0_seg_s1] epoch 55 2.3s loss 1.4083
[logreg_l0_seg_s1] epoch 56 2.3s loss 1.4084 | val_own_Mean FG IoU 0.2303
[logreg_l0_seg_s1] epoch 57 2.3s loss 1.4084
[logreg_l0_seg_s1] epoch 58 2.3s loss 1.4090 | val_own_Mean FG IoU 0.2301
[logreg_l0_seg_s1] epoch 59 2.3s loss 1.4082
[logreg_l0_seg_s1] epoch 60 2.3s loss 1.4080 | val_own_Mean FG IoU 0.2304
{
  "name": "logreg_l0_seg_s1",
  "arch": "logreg_l0",
  "mode": "seg",
  "seed": 1,
  "encoder": "infused_mlp05",
  "trainable_params": 1538,
  "best_epoch": 36,
  "train_time_min": 2.9363658825556436,
  "args": {
    "encoder": "infused_mlp05",
    "arch": "logreg_l0",
    "mode": "seg",
    "seed": 1,
    "epochs": 60,
    "lr": 0.001,
    "bs": 8,
    "micro_bs": 8,
    "aux_weight": 1.0,
    "init": null,
    "val_every": 2,
    "name": "logreg_l0_seg_s1",
    "smooth": false,
    "exclude_fold": null
  },
  "val_own_TC IoU": 0.18087100436849296,
  "val_own_AR IoU": 0.2853029079172307,
  "val_own_BG IoU": 0.9270216253123493,
  "val_own_Mean IoU": 0.464398512532691,
  "val_own_Mean FG IoU": 0.23308695614286182
}
