/home/worker1/thang/ClimateSAM/prompter_bench/train.py:166: UserWarning: Converting a tensor with requires_grad=True to a scalar may lead to unexpected behavior.
Consider using tensor.detach() first. (Triggered internally at /pytorch/torch/csrc/autograd/generated/python_variable_methods.cpp:835.)
  sums[k] = sums.get(k, 0.0) + float(v) * len(mb) / len(chunk)
[logreg_l0_seg_s0] epoch 1 1.5s loss 1.7609
[logreg_l0_seg_s0] epoch 2 1.1s loss 1.5608 | val_own_Mean FG IoU 0.2120
[logreg_l0_seg_s0] epoch 3 1.0s loss 1.4960
[logreg_l0_seg_s0] epoch 4 1.1s loss 1.4629 | val_own_Mean FG IoU 0.2220
[logreg_l0_seg_s0] epoch 5 1.0s loss 1.4459
[logreg_l0_seg_s0] epoch 6 1.1s loss 1.4289 | val_own_Mean FG IoU 0.2235
[logreg_l0_seg_s0] epoch 7 1.1s loss 1.4200
[logreg_l0_seg_s0] epoch 8 1.1s loss 1.4119 | val_own_Mean FG IoU 0.2305
[logreg_l0_seg_s0] epoch 9 1.0s loss 1.4030
[logreg_l0_seg_s0] epoch 10 1.1s loss 1.3975 | val_own_Mean FG IoU 0.2350
[logreg_l0_seg_s0] epoch 11 1.0s loss 1.3933
[logreg_l0_seg_s0] epoch 12 1.1s loss 1.3927 | val_own_Mean FG IoU 0.2360
[logreg_l0_seg_s0] epoch 13 1.1s loss 1.3833
[logreg_l0_seg_s0] epoch 14 1.1s loss 1.3820 | val_own_Mean FG IoU 0.2414
[logreg_l0_seg_s0] epoch 15 1.0s loss 1.3806
[logreg_l0_seg_s0] epoch 16 1.1s loss 1.3747 | val_own_Mean FG IoU 0.2306
[logreg_l0_seg_s0] epoch 17 1.1s loss 1.3724
[logreg_l0_seg_s0] epoch 18 1.1s loss 1.3693 | val_own_Mean FG IoU 0.2399
[logreg_l0_seg_s0] epoch 19 1.1s loss 1.3660
[logreg_l0_seg_s0] epoch 20 1.1s loss 1.3653 | val_own_Mean FG IoU 0.2336
[logreg_l0_seg_s0] epoch 21 1.1s loss 1.3659
[logreg_l0_seg_s0] epoch 22 1.1s loss 1.3627 | val_own_Mean FG IoU 0.2446
[logreg_l0_seg_s0] epoch 23 1.0s loss 1.3579
[logreg_l0_seg_s0] epoch 24 1.1s loss 1.3581 | val_own_Mean FG IoU 0.2477
[logreg_l0_seg_s0] epoch 25 1.0s loss 1.3568
[logreg_l0_seg_s0] epoch 26 1.1s loss 1.3609 | val_own_Mean FG IoU 0.2500
[logreg_l0_seg_s0] epoch 27 1.1s loss 1.3547
[logreg_l0_seg_s0] epoch 28 1.1s loss 1.3552 | val_own_Mean FG IoU 0.2437
[logreg_l0_seg_s0] epoch 29 1.0s loss 1.3521
[logreg_l0_seg_s0] epoch 30 1.1s loss 1.3523 | val_own_Mean FG IoU 0.2467
[logreg_l0_seg_s0] epoch 31 1.1s loss 1.3509
[logreg_l0_seg_s0] epoch 32 1.1s loss 1.3493 | val_own_Mean FG IoU 0.2457
[logreg_l0_seg_s0] epoch 33 1.1s loss 1.3480
[logreg_l0_seg_s0] epoch 34 1.1s loss 1.3477 | val_own_Mean FG IoU 0.2469
[logreg_l0_seg_s0] epoch 35 1.1s loss 1.3471
[logreg_l0_seg_s0] epoch 36 1.1s loss 1.3469 | val_own_Mean FG IoU 0.2487
[logreg_l0_seg_s0] epoch 37 1.0s loss 1.3460
[logreg_l0_seg_s0] epoch 38 1.1s loss 1.3449 | val_own_Mean FG IoU 0.2492
[logreg_l0_seg_s0] epoch 39 1.1s loss 1.3437
[logreg_l0_seg_s0] epoch 40 1.1s loss 1.3440 | val_own_Mean FG IoU 0.2486
[logreg_l0_seg_s0] epoch 41 1.0s loss 1.3430
[logreg_l0_seg_s0] epoch 42 1.1s loss 1.3429 | val_own_Mean FG IoU 0.2503
[logreg_l0_seg_s0] epoch 43 1.0s loss 1.3428
[logreg_l0_seg_s0] epoch 44 1.1s loss 1.3424 | val_own_Mean FG IoU 0.2510
[logreg_l0_seg_s0] epoch 45 1.1s loss 1.3423
[logreg_l0_seg_s0] epoch 46 1.1s loss 1.3418 | val_own_Mean FG IoU 0.2502
[logreg_l0_seg_s0] epoch 47 1.1s loss 1.3412
[logreg_l0_seg_s0] epoch 48 1.1s loss 1.3412 | val_own_Mean FG IoU 0.2508
[logreg_l0_seg_s0] epoch 49 1.0s loss 1.3419
[logreg_l0_seg_s0] epoch 50 1.1s loss 1.3412 | val_own_Mean FG IoU 0.2505
[logreg_l0_seg_s0] epoch 51 1.1s loss 1.3411
[logreg_l0_seg_s0] epoch 52 1.2s loss 1.3401 | val_own_Mean FG IoU 0.2509
[logreg_l0_seg_s0] epoch 53 1.1s loss 1.3406
[logreg_l0_seg_s0] epoch 54 1.2s loss 1.3403 | val_own_Mean FG IoU 0.2502
[logreg_l0_seg_s0] epoch 55 1.2s loss 1.3401
[logreg_l0_seg_s0] epoch 56 1.1s loss 1.3398 | val_own_Mean FG IoU 0.2506
[logreg_l0_seg_s0] epoch 57 1.1s loss 1.3408
[logreg_l0_seg_s0] epoch 58 1.2s loss 1.3397 | val_own_Mean FG IoU 0.2506
[logreg_l0_seg_s0] epoch 59 1.1s loss 1.3397
[logreg_l0_seg_s0] epoch 60 1.2s loss 1.3399 | val_own_Mean FG IoU 0.2507
{
  "name": "logreg_l0_seg_s0",
  "arch": "logreg_l0",
  "mode": "seg",
  "seed": 0,
  "encoder": "infused_mlp1",
  "trainable_params": 1538,
  "best_epoch": 44,
  "train_time_min": 1.1660106221834818,
  "args": {
    "encoder": "infused_mlp1",
    "arch": "logreg_l0",
    "mode": "seg",
    "seed": 0,
    "epochs": 60,
    "lr": 0.001,
    "bs": 8,
    "micro_bs": 8,
    "aux_weight": 1.0,
    "init": null,
    "val_every": 2,
    "name": "logreg_l0_seg_s0"
  },
  "val_own_TC IoU": 0.2024296551613059,
  "val_own_AR IoU": 0.2994783531301126,
  "val_own_BG IoU": 0.9251536301444258,
  "val_own_Mean IoU": 0.4756872128119481,
  "val_own_Mean FG IoU": 0.25095400414570923
}
