wandb: WARNING Using a boolean value for 'reinit' is deprecated. Use 'return_previous' or 'finish_previous' instead.
wandb: Tracking run with wandb version 0.21.1
wandb: W&B syncing is set to `offline` in this directory. Run `wandb online` or set WANDB_MODE=online to enable cloud syncing.
wandb: Run data is saved locally in /home/worker1/thang/ClimateSAM/wandb/offline-run-20260925_225227-qs3pj3z6
/home/worker1/thang/ClimateSAM/prompter_bench/train.py:199: UserWarning: Converting a tensor with requires_grad=True to a scalar may lead to unexpected behavior.
Consider using tensor.detach() first. (Triggered internally at /pytorch/torch/csrc/autograd/generated/python_variable_methods.cpp:835.)
  sums[k] = sums.get(k, 0.0) + float(v) * len(mb) / len(chunk)
[msf_token_cg_seg_s0] epoch 1 192.0s loss 4.3949
[msf_token_cg_seg_s0] epoch 2 239.8s loss 3.4432 | val_own_Mean FG IoU 0.3506
[msf_token_cg_seg_s0] epoch 3 241.8s loss 3.1786
[msf_token_cg_seg_s0] epoch 4 246.0s loss 3.0748 | val_own_Mean FG IoU 0.3402
[msf_token_cg_seg_s0] epoch 5 247.4s loss 3.0314
[msf_token_cg_seg_s0] epoch 6 270.7s loss 2.9807 | val_own_Mean FG IoU 0.3380
[msf_token_cg_seg_s0] epoch 7 245.8s loss 2.9701
[msf_token_cg_seg_s0] epoch 8 247.4s loss 2.9230 | val_own_Mean FG IoU 0.3407
[msf_token_cg_seg_s0] epoch 9 253.5s loss 2.8533
[msf_token_cg_seg_s0] epoch 10 245.4s loss 2.8511 | val_own_Mean FG IoU 0.3303
[msf_token_cg_seg_s0] epoch 11 246.5s loss 2.8176
[msf_token_cg_seg_s0] epoch 12 232.5s loss 2.8336 | val_own_Mean FG IoU 0.3306
[msf_token_cg_seg_s0] epoch 13 228.3s loss 2.7725
[msf_token_cg_seg_s0] epoch 14 207.3s loss 2.7396 | val_own_Mean FG IoU 0.3496
[msf_token_cg_seg_s0] epoch 15 197.1s loss 2.7510
[msf_token_cg_seg_s0] epoch 16 197.3s loss 2.7003 | val_own_Mean FG IoU 0.2942
[msf_token_cg_seg_s0] epoch 17 193.8s loss 2.6765
[msf_token_cg_seg_s0] epoch 18 194.8s loss 2.6540 | val_own_Mean FG IoU 0.2805
[msf_token_cg_seg_s0] epoch 19 193.2s loss 2.6660
[msf_token_cg_seg_s0] epoch 20 209.3s loss 2.6269 | val_own_Mean FG IoU 0.2861
[msf_token_cg_seg_s0] epoch 21 309.3s loss 2.6521
[msf_token_cg_seg_s0] epoch 22 251.9s loss 2.6657 | val_own_Mean FG IoU 0.2963
[msf_token_cg_seg_s0] epoch 23 295.3s loss 2.5987
[msf_token_cg_seg_s0] epoch 24 241.0s loss 2.5420 | val_own_Mean FG IoU 0.2647
[msf_token_cg_seg_s0] epoch 25 259.3s loss 2.6377
[msf_token_cg_seg_s0] epoch 26 219.0s loss 2.6126 | val_own_Mean FG IoU 0.2691
[msf_token_cg_seg_s0] epoch 27 238.3s loss 2.5637
[msf_token_cg_seg_s0] epoch 28 258.2s loss 2.5157 | val_own_Mean FG IoU 0.2428
[msf_token_cg_seg_s0] epoch 29 245.6s loss 2.4610
[msf_token_cg_seg_s0] epoch 30 240.6s loss 2.4573 | val_own_Mean FG IoU 0.2308
[msf_token_cg_seg_s0] epoch 31 241.4s loss 2.4679
[msf_token_cg_seg_s0] epoch 32 242.9s loss 2.4294 | val_own_Mean FG IoU 0.2182
[msf_token_cg_seg_s0] epoch 33 206.5s loss 2.3930
[msf_token_cg_seg_s0] epoch 34 181.1s loss 2.3647 | val_own_Mean FG IoU 0.2087
[msf_token_cg_seg_s0] epoch 35 192.7s loss 2.3576
[msf_token_cg_seg_s0] epoch 36 156.7s loss 2.3409 | val_own_Mean FG IoU 0.2033
[msf_token_cg_seg_s0] epoch 37 178.0s loss 2.3327
[msf_token_cg_seg_s0] epoch 38 172.8s loss 2.3471 | val_own_Mean FG IoU 0.1975
[msf_token_cg_seg_s0] epoch 39 168.9s loss 2.3407
[msf_token_cg_seg_s0] epoch 40 181.3s loss 2.3227 | val_own_Mean FG IoU 0.2078
[msf_token_cg_seg_s0] epoch 41 174.3s loss 2.2916
[msf_token_cg_seg_s0] epoch 42 164.7s loss 2.2735 | val_own_Mean FG IoU 0.2001
[msf_token_cg_seg_s0] epoch 43 141.2s loss 2.2603
[msf_token_cg_seg_s0] epoch 44 170.0s loss 2.2499 | val_own_Mean FG IoU 0.1984
[msf_token_cg_seg_s0] epoch 45 199.1s loss 2.2444
[msf_token_cg_seg_s0] epoch 46 208.0s loss 2.2339 | val_own_Mean FG IoU 0.1991
[msf_token_cg_seg_s0] epoch 47 175.8s loss 2.2227
[msf_token_cg_seg_s0] epoch 48 175.4s loss 2.2169 | val_own_Mean FG IoU 0.1925
[msf_token_cg_seg_s0] epoch 49 200.0s loss 2.2110
[msf_token_cg_seg_s0] epoch 50 180.6s loss 2.2012 | val_own_Mean FG IoU 0.1898
[msf_token_cg_seg_s0] epoch 51 186.6s loss 2.1961
[msf_token_cg_seg_s0] epoch 52 176.8s loss 2.1938 | val_own_Mean FG IoU 0.1902
[msf_token_cg_seg_s0] epoch 53 176.9s loss 2.1905
[msf_token_cg_seg_s0] epoch 54 191.4s loss 2.1819 | val_own_Mean FG IoU 0.1834
[msf_token_cg_seg_s0] epoch 55 186.5s loss 2.1814
[msf_token_cg_seg_s0] epoch 56 187.1s loss 2.1757 | val_own_Mean FG IoU 0.1830
[msf_token_cg_seg_s0] epoch 57 171.1s loss 2.1794
[msf_token_cg_seg_s0] epoch 58 181.1s loss 2.1727 | val_own_Mean FG IoU 0.1832
[msf_token_cg_seg_s0] epoch 59 180.6s loss 2.1720
[msf_token_cg_seg_s0] epoch 60 198.7s loss 2.1691 | val_own_Mean FG IoU 0.1830
wandb:                                                                                
wandb: 
wandb: Run history:
wandb:               epoch ▁▁▁▁▁▂▂▃▃▃▃▃▃▃▄▄▄▄▅▅▅▅▅▅▆▆▆▆▆▆▆▇▇▇▇▇▇███
wandb:        epoch_time_s ▃▅▅▅▅▅▅▅▅▄▃▃▃▃▃▃█▅▇▅▅▆▅▅▅▃▁▂▂▂▂▁▂▂▂▂▂▃▂▂
wandb:                  lr ████████▇▇▇▇▇▆▆▅▅▅▄▄▄▄▃▃▃▃▃▂▂▂▂▂▁▁▁▁▁▁▁▁
wandb:      train_deep_sup █▇▇▇▆▆▅▅▅▅▅▄▄▄▄▄▃▄▄▃▃▂▂▂▂▂▂▂▂▂▂▁▁▁▁▁▁▁▁▁
wandb:        train_gen_AR █▄▃▃▃▃▃▃▃▃▃▃▃▂▂▂▂▂▂▂▂▂▂▂▂▂▁▁▁▁▁▁▁▁▁▁▁▁▁▁
wandb:        train_gen_TC █▄▃▃▃▃▃▃▃▂▂▂▂▂▂▂▂▂▂▁▁▁▁▁▁▁▁▁▁▁▁▁▁▁▁▁▁▁▁▁
wandb:         train_total █▅▄▄▄▄▃▃▃▃▃▃▃▃▂▂▂▂▂▂▂▂▂▂▂▁▁▁▁▁▁▁▁▁▁▁▁▁▁▁
wandb:      val_own_AR IoU █▇▇▇▆▇█▅▅▅▅▄▄▃▃▂▂▂▁▁▁▁▁▁▁▁▁▁▁▁
wandb:      val_own_BG IoU ███████▇▇▇▇▆▇▅▅▄▄▃▃▃▂▂▂▂▂▁▁▁▁▁
wandb: val_own_Mean FG IoU ██▇█▇▇█▆▅▅▆▄▅▃▃▂▂▂▂▂▂▂▂▁▁▁▁▁▁▁
wandb:    val_own_Mean IoU ████▇▇█▆▆▆▇▆▆▅▄▃▃▃▂▂▂▂▂▂▁▁▁▁▁▁
wandb:      val_own_TC IoU ▇▆▆▆█▇▅▆▅▆▇▄▅▅▄▄▃▃▂▄▃▃▃▂▂▂▁▁▁▁
wandb: 
wandb: Run summary:
wandb:                arch msf_token_cg
wandb:          best_epoch 2
wandb:             encoder infused_mlp1
wandb:               epoch 60
wandb:        epoch_time_s 198.6659
wandb:                  lr 1e-05
wandb:                mode seg
wandb:                name msf_token_cg_seg_s0
wandb:                seed 0
wandb:      train_deep_sup 1.41741
wandb:        train_gen_AR 0.39533
wandb:        train_gen_TC 0.35636
wandb:      train_time_min 214.12919
wandb:         train_total 2.1691
wandb:    trainable_params 1306724
wandb:      val_own_AR IoU 0.08581
wandb:      val_own_BG IoU 0.41071
wandb: val_own_Mean FG IoU 0.18302
wandb:    val_own_Mean IoU 0.25892
wandb:      val_own_TC IoU 0.28022
wandb: 
wandb: You can sync this run to the cloud by running:
wandb: wandb sync /home/worker1/thang/ClimateSAM/wandb/offline-run-20260925_225227-qs3pj3z6
wandb: Find logs at: ./wandb/offline-run-20260925_225227-qs3pj3z6/logs
{
  "name": "msf_token_cg_seg_s0",
  "arch": "msf_token_cg",
  "mode": "seg",
  "seed": 0,
  "encoder": "infused_mlp1",
  "trainable_params": 1306724,
  "best_epoch": 2,
  "train_time_min": 214.12918852170307,
  "args": {
    "encoder": "infused_mlp1",
    "arch": "msf_token_cg",
    "mode": "seg",
    "seed": 0,
    "epochs": 60,
    "lr": 0.001,
    "bs": 8,
    "micro_bs": 2,
    "aux_weight": 1.0,
    "init": null,
    "val_every": 2,
    "name": "msf_token_cg_seg_s0",
    "smooth": false,
    "exclude_fold": null,
    "wandb": true
  },
  "val_own_TC IoU": 0.34187022111096926,
  "val_own_AR IoU": 0.35930179377578464,
  "val_own_BG IoU": 0.9238427256016434,
  "val_own_Mean IoU": 0.5416715801627991,
  "val_own_Mean FG IoU": 0.350586007443377
}
