/home/worker1/thang/ClimateSAM/prompter_bench/train.py:166: UserWarning: Converting a tensor with requires_grad=True to a scalar may lead to unexpected behavior.
Consider using tensor.detach() first. (Triggered internally at /pytorch/torch/csrc/autograd/generated/python_variable_methods.cpp:835.)
  sums[k] = sums.get(k, 0.0) + float(v) * len(mb) / len(chunk)
[logreg_last_seg_s1] epoch 1 2.1s loss 1.5001
[logreg_last_seg_s1] epoch 2 1.6s loss 1.2965 | val_own_Mean FG IoU 0.2983
[logreg_last_seg_s1] epoch 3 1.5s loss 1.2521
[logreg_last_seg_s1] epoch 4 1.5s loss 1.2218 | val_own_Mean FG IoU 0.3168
[logreg_last_seg_s1] epoch 5 1.5s loss 1.2150
[logreg_last_seg_s1] epoch 6 1.6s loss 1.1988 | val_own_Mean FG IoU 0.3245
[logreg_last_seg_s1] epoch 7 1.6s loss 1.1915
[logreg_last_seg_s1] epoch 8 1.6s loss 1.1825 | val_own_Mean FG IoU 0.3211
[logreg_last_seg_s1] epoch 9 1.6s loss 1.1768
[logreg_last_seg_s1] epoch 10 1.6s loss 1.1710 | val_own_Mean FG IoU 0.3201
[logreg_last_seg_s1] epoch 11 1.7s loss 1.1691
[logreg_last_seg_s1] epoch 12 1.5s loss 1.1660 | val_own_Mean FG IoU 0.3292
[logreg_last_seg_s1] epoch 13 2.0s loss 1.1637
[logreg_last_seg_s1] epoch 14 1.6s loss 1.1576 | val_own_Mean FG IoU 0.3289
[logreg_last_seg_s1] epoch 15 1.6s loss 1.1519
[logreg_last_seg_s1] epoch 16 1.6s loss 1.1500 | val_own_Mean FG IoU 0.3356
[logreg_last_seg_s1] epoch 17 1.6s loss 1.1519
[logreg_last_seg_s1] epoch 18 1.6s loss 1.1496 | val_own_Mean FG IoU 0.3406
[logreg_last_seg_s1] epoch 19 1.5s loss 1.1449
[logreg_last_seg_s1] epoch 20 1.8s loss 1.1446 | val_own_Mean FG IoU 0.3326
[logreg_last_seg_s1] epoch 21 1.6s loss 1.1442
[logreg_last_seg_s1] epoch 22 1.7s loss 1.1484 | val_own_Mean FG IoU 0.3414
[logreg_last_seg_s1] epoch 23 1.6s loss 1.1414
[logreg_last_seg_s1] epoch 24 1.6s loss 1.1368 | val_own_Mean FG IoU 0.3438
[logreg_last_seg_s1] epoch 25 1.6s loss 1.1396
[logreg_last_seg_s1] epoch 26 1.6s loss 1.1391 | val_own_Mean FG IoU 0.3452
[logreg_last_seg_s1] epoch 27 2.0s loss 1.1359
[logreg_last_seg_s1] epoch 28 1.7s loss 1.1366 | val_own_Mean FG IoU 0.3362
[logreg_last_seg_s1] epoch 29 1.5s loss 1.1346
[logreg_last_seg_s1] epoch 30 1.4s loss 1.1336 | val_own_Mean FG IoU 0.3413
[logreg_last_seg_s1] epoch 31 1.6s loss 1.1314
[logreg_last_seg_s1] epoch 32 1.4s loss 1.1331 | val_own_Mean FG IoU 0.3252
[logreg_last_seg_s1] epoch 33 1.5s loss 1.1301
[logreg_last_seg_s1] epoch 34 1.7s loss 1.1292 | val_own_Mean FG IoU 0.3403
[logreg_last_seg_s1] epoch 35 1.5s loss 1.1328
[logreg_last_seg_s1] epoch 36 1.6s loss 1.1276 | val_own_Mean FG IoU 0.3416
[logreg_last_seg_s1] epoch 37 1.5s loss 1.1337
[logreg_last_seg_s1] epoch 38 1.6s loss 1.1301 | val_own_Mean FG IoU 0.3415
[logreg_last_seg_s1] epoch 39 1.5s loss 1.1268
[logreg_last_seg_s1] epoch 40 1.6s loss 1.1253 | val_own_Mean FG IoU 0.3480
[logreg_last_seg_s1] epoch 41 1.9s loss 1.1283
[logreg_last_seg_s1] epoch 42 1.6s loss 1.1246 | val_own_Mean FG IoU 0.3446
[logreg_last_seg_s1] epoch 43 1.5s loss 1.1253
[logreg_last_seg_s1] epoch 44 1.6s loss 1.1239 | val_own_Mean FG IoU 0.3395
[logreg_last_seg_s1] epoch 45 1.5s loss 1.1225
[logreg_last_seg_s1] epoch 46 1.5s loss 1.1227 | val_own_Mean FG IoU 0.3413
[logreg_last_seg_s1] epoch 47 1.5s loss 1.1225
[logreg_last_seg_s1] epoch 48 1.6s loss 1.1225 | val_own_Mean FG IoU 0.3436
[logreg_last_seg_s1] epoch 49 1.6s loss 1.1218
[logreg_last_seg_s1] epoch 50 1.7s loss 1.1226 | val_own_Mean FG IoU 0.3461
[logreg_last_seg_s1] epoch 51 1.6s loss 1.1217
[logreg_last_seg_s1] epoch 52 1.5s loss 1.1212 | val_own_Mean FG IoU 0.3452
[logreg_last_seg_s1] epoch 53 1.5s loss 1.1206
[logreg_last_seg_s1] epoch 54 1.4s loss 1.1218 | val_own_Mean FG IoU 0.3443
[logreg_last_seg_s1] epoch 55 1.5s loss 1.1209
[logreg_last_seg_s1] epoch 56 1.5s loss 1.1209 | val_own_Mean FG IoU 0.3440
[logreg_last_seg_s1] epoch 57 1.7s loss 1.1208
[logreg_last_seg_s1] epoch 58 1.6s loss 1.1219 | val_own_Mean FG IoU 0.3450
[logreg_last_seg_s1] epoch 59 1.6s loss 1.1201
[logreg_last_seg_s1] epoch 60 1.6s loss 1.1196 | val_own_Mean FG IoU 0.3454
{
  "name": "logreg_last_seg_s1",
  "arch": "logreg_last",
  "mode": "seg",
  "seed": 1,
  "encoder": "infused_mlp1",
  "trainable_params": 1538,
  "best_epoch": 40,
  "train_time_min": 2.023914416631063,
  "args": {
    "encoder": "infused_mlp1",
    "arch": "logreg_last",
    "mode": "seg",
    "seed": 1,
    "epochs": 60,
    "lr": 0.001,
    "bs": 8,
    "micro_bs": 8,
    "aux_weight": 1.0,
    "init": null,
    "val_every": 2,
    "name": "logreg_last_seg_s1"
  },
  "val_own_TC IoU": 0.32367645005932855,
  "val_own_AR IoU": 0.37227488807512116,
  "val_own_BG IoU": 0.9384630665071249,
  "val_own_Mean IoU": 0.5448048015471915,
  "val_own_Mean FG IoU": 0.3479756690672249
}
