/home/worker1/thang/ClimateSAM/prompter_bench/train.py:179: UserWarning: Converting a tensor with requires_grad=True to a scalar may lead to unexpected behavior.
Consider using tensor.detach() first. (Triggered internally at /pytorch/torch/csrc/autograd/generated/python_variable_methods.cpp:835.)
  sums[k] = sums.get(k, 0.0) + float(v) * len(mb) / len(chunk)
[mpg_seg_s2] epoch 1 4.0s loss 1.8313
[mpg_seg_s2] epoch 2 2.9s loss 1.4475 | val_own_Mean FG IoU 0.1802
[mpg_seg_s2] epoch 3 2.9s loss 1.1582
[mpg_seg_s2] epoch 4 3.3s loss 1.1209 | val_own_Mean FG IoU 0.3246
[mpg_seg_s2] epoch 5 3.2s loss 1.1215
[mpg_seg_s2] epoch 6 3.2s loss 1.0859 | val_own_Mean FG IoU 0.3706
[mpg_seg_s2] epoch 7 3.2s loss 1.0734
[mpg_seg_s2] epoch 8 3.2s loss 1.0685 | val_own_Mean FG IoU 0.3487
[mpg_seg_s2] epoch 9 3.2s loss 1.0425
[mpg_seg_s2] epoch 10 3.3s loss 1.0342 | val_own_Mean FG IoU 0.3510
[mpg_seg_s2] epoch 11 3.2s loss 1.0630
[mpg_seg_s2] epoch 12 3.9s loss 1.0159 | val_own_Mean FG IoU 0.3727
[mpg_seg_s2] epoch 13 4.1s loss 1.0237
[mpg_seg_s2] epoch 14 3.7s loss 1.0064 | val_own_Mean FG IoU 0.3641
[mpg_seg_s2] epoch 15 4.1s loss 0.9889
[mpg_seg_s2] epoch 16 3.5s loss 0.9999 | val_own_Mean FG IoU 0.3673
[mpg_seg_s2] epoch 17 3.9s loss 0.9705
[mpg_seg_s2] epoch 18 3.8s loss 0.9641 | val_own_Mean FG IoU 0.3675
[mpg_seg_s2] epoch 19 3.4s loss 0.9534
[mpg_seg_s2] epoch 20 4.3s loss 0.9461 | val_own_Mean FG IoU 0.3800
[mpg_seg_s2] epoch 21 4.0s loss 0.9369
[mpg_seg_s2] epoch 22 4.6s loss 0.9301 | val_own_Mean FG IoU 0.3759
[mpg_seg_s2] epoch 23 4.1s loss 0.9477
[mpg_seg_s2] epoch 24 4.4s loss 0.9497 | val_own_Mean FG IoU 0.3818
[mpg_seg_s2] epoch 25 4.7s loss 0.9856
[mpg_seg_s2] epoch 26 4.2s loss 0.9442 | val_own_Mean FG IoU 0.3645
[mpg_seg_s2] epoch 27 3.9s loss 0.9318
[mpg_seg_s2] epoch 28 3.7s loss 0.9189 | val_own_Mean FG IoU 0.3790
[mpg_seg_s2] epoch 29 4.4s loss 0.9068
[mpg_seg_s2] epoch 30 4.2s loss 0.9009 | val_own_Mean FG IoU 0.3841
[mpg_seg_s2] epoch 31 3.7s loss 0.8955
[mpg_seg_s2] epoch 32 4.3s loss 0.8916 | val_own_Mean FG IoU 0.3838
[mpg_seg_s2] epoch 33 4.0s loss 0.8872
[mpg_seg_s2] epoch 34 4.6s loss 0.8847 | val_own_Mean FG IoU 0.3776
[mpg_seg_s2] epoch 35 3.8s loss 0.8788
[mpg_seg_s2] epoch 36 4.2s loss 0.8726 | val_own_Mean FG IoU 0.3828
[mpg_seg_s2] epoch 37 4.5s loss 0.8714
[mpg_seg_s2] epoch 38 4.4s loss 0.8719 | val_own_Mean FG IoU 0.3802
[mpg_seg_s2] epoch 39 4.6s loss 0.8624
[mpg_seg_s2] epoch 40 4.0s loss 0.8600 | val_own_Mean FG IoU 0.3804
[mpg_seg_s2] epoch 41 4.5s loss 0.8567
[mpg_seg_s2] epoch 42 4.0s loss 0.8579 | val_own_Mean FG IoU 0.3822
[mpg_seg_s2] epoch 43 3.9s loss 0.8547
[mpg_seg_s2] epoch 44 3.8s loss 0.8513 | val_own_Mean FG IoU 0.3779
[mpg_seg_s2] epoch 45 4.0s loss 0.8479
[mpg_seg_s2] epoch 46 4.6s loss 0.8450 | val_own_Mean FG IoU 0.3757
[mpg_seg_s2] epoch 47 4.1s loss 0.8438
[mpg_seg_s2] epoch 48 4.5s loss 0.8421 | val_own_Mean FG IoU 0.3748
[mpg_seg_s2] epoch 49 4.6s loss 0.8402
[mpg_seg_s2] epoch 50 4.4s loss 0.8394 | val_own_Mean FG IoU 0.3757
[mpg_seg_s2] epoch 51 4.1s loss 0.8370
[mpg_seg_s2] epoch 52 3.4s loss 0.8351 | val_own_Mean FG IoU 0.3784
[mpg_seg_s2] epoch 53 4.4s loss 0.8330
[mpg_seg_s2] epoch 54 4.0s loss 0.8344 | val_own_Mean FG IoU 0.3773
[mpg_seg_s2] epoch 55 4.2s loss 0.8322
[mpg_seg_s2] epoch 56 4.3s loss 0.8309 | val_own_Mean FG IoU 0.3775
[mpg_seg_s2] epoch 57 4.0s loss 0.8305
[mpg_seg_s2] epoch 58 4.7s loss 0.8304 | val_own_Mean FG IoU 0.3770
[mpg_seg_s2] epoch 59 4.0s loss 0.8285
[mpg_seg_s2] epoch 60 3.7s loss 0.8293 | val_own_Mean FG IoU 0.3771
{
  "name": "mpg_seg_s2",
  "arch": "mpg",
  "mode": "seg",
  "seed": 2,
  "encoder": "infused_mlp1",
  "trainable_params": 671138,
  "best_epoch": 30,
  "train_time_min": 5.228616305192312,
  "args": {
    "encoder": "infused_mlp1",
    "arch": "mpg",
    "mode": "seg",
    "seed": 2,
    "epochs": 60,
    "lr": 0.001,
    "bs": 8,
    "micro_bs": 8,
    "aux_weight": 1.0,
    "init": null,
    "val_every": 2,
    "name": "mpg_seg_s2",
    "smooth": false,
    "exclude_fold": null
  },
  "val_own_TC IoU": 0.3591391546465133,
  "val_own_AR IoU": 0.4090568798481986,
  "val_own_BG IoU": 0.9449953839368039,
  "val_own_Mean IoU": 0.5710638061438386,
  "val_own_Mean FG IoU": 0.3840980172473559
}
