/home/worker1/thang/ClimateSAM/prompter_bench/train.py:179: UserWarning: Converting a tensor with requires_grad=True to a scalar may lead to unexpected behavior.
Consider using tensor.detach() first. (Triggered internally at /pytorch/torch/csrc/autograd/generated/python_variable_methods.cpp:835.)
  sums[k] = sums.get(k, 0.0) + float(v) * len(mb) / len(chunk)
[mpg_sam_e2e_s1] epoch 1 10.3s loss 3.1916
[mpg_sam_e2e_s1] epoch 2 30.9s loss 2.7780 | val_sam_Mean FG IoU 0.1680
[mpg_sam_e2e_s1] epoch 3 35.5s loss 2.7021
[mpg_sam_e2e_s1] epoch 4 34.6s loss 2.6526 | val_sam_Mean FG IoU 0.1725
[mpg_sam_e2e_s1] epoch 5 31.1s loss 2.3520
[mpg_sam_e2e_s1] epoch 6 25.5s loss 2.1100 | val_sam_Mean FG IoU 0.3142
[mpg_sam_e2e_s1] epoch 7 19.9s loss 1.9715
[mpg_sam_e2e_s1] epoch 8 17.7s loss 1.9464 | val_sam_Mean FG IoU 0.2611
[mpg_sam_e2e_s1] epoch 9 20.5s loss 1.9048
[mpg_sam_e2e_s1] epoch 10 17.1s loss 1.8296 | val_sam_Mean FG IoU 0.3369
[mpg_sam_e2e_s1] epoch 11 16.7s loss 1.7899
[mpg_sam_e2e_s1] epoch 12 17.0s loss 1.7709 | val_sam_Mean FG IoU 0.3686
[mpg_sam_e2e_s1] epoch 13 16.6s loss 1.7467
[mpg_sam_e2e_s1] epoch 14 13.5s loss 1.9282 | val_sam_Mean FG IoU 0.1904
[mpg_sam_e2e_s1] epoch 15 7.3s loss 2.3025
[mpg_sam_e2e_s1] epoch 16 7.4s loss 2.2824 | val_sam_Mean FG IoU 0.1912
[mpg_sam_e2e_s1] epoch 17 7.3s loss 2.2611
[mpg_sam_e2e_s1] epoch 18 7.2s loss 2.2669 | val_sam_Mean FG IoU 0.1875
[mpg_sam_e2e_s1] epoch 19 7.5s loss 2.2473
[mpg_sam_e2e_s1] epoch 20 7.4s loss 2.2329 | val_sam_Mean FG IoU 0.1953
[mpg_sam_e2e_s1] epoch 21 7.2s loss 2.2716
[mpg_sam_e2e_s1] epoch 22 6.5s loss 2.2224 | val_sam_Mean FG IoU 0.1868
[mpg_sam_e2e_s1] epoch 23 7.3s loss 2.2147
[mpg_sam_e2e_s1] epoch 24 7.2s loss 2.2075 | val_sam_Mean FG IoU 0.1833
[mpg_sam_e2e_s1] epoch 25 7.3s loss 2.2078
[mpg_sam_e2e_s1] epoch 26 7.1s loss 2.2156 | val_sam_Mean FG IoU 0.1918
[mpg_sam_e2e_s1] epoch 27 7.1s loss 2.1959
[mpg_sam_e2e_s1] epoch 28 7.0s loss 2.1875 | val_sam_Mean FG IoU 0.1893
[mpg_sam_e2e_s1] epoch 29 7.2s loss 2.1766
[mpg_sam_e2e_s1] epoch 30 7.3s loss 2.1711 | val_sam_Mean FG IoU 0.1908
[mpg_sam_e2e_s1] epoch 31 7.4s loss 2.1608
[mpg_sam_e2e_s1] epoch 32 7.4s loss 2.1600 | val_sam_Mean FG IoU 0.1929
[mpg_sam_e2e_s1] epoch 33 7.6s loss 2.1581
[mpg_sam_e2e_s1] epoch 34 7.8s loss 2.1400 | val_sam_Mean FG IoU 0.2030
[mpg_sam_e2e_s1] epoch 35 14.7s loss 1.8022
[mpg_sam_e2e_s1] epoch 36 14.9s loss 1.5943 | val_sam_Mean FG IoU 0.3539
[mpg_sam_e2e_s1] epoch 37 15.6s loss 1.5630
[mpg_sam_e2e_s1] epoch 38 15.3s loss 1.5481 | val_sam_Mean FG IoU 0.3687
[mpg_sam_e2e_s1] epoch 39 15.6s loss 1.5317
[mpg_sam_e2e_s1] epoch 40 16.1s loss 1.5119 | val_sam_Mean FG IoU 0.3601
[mpg_sam_e2e_s1] epoch 41 15.4s loss 1.4989
[mpg_sam_e2e_s1] epoch 42 15.1s loss 1.4779 | val_sam_Mean FG IoU 0.3683
[mpg_sam_e2e_s1] epoch 43 15.0s loss 1.4672
[mpg_sam_e2e_s1] epoch 44 14.4s loss 1.4617 | val_sam_Mean FG IoU 0.3689
[mpg_sam_e2e_s1] epoch 45 15.3s loss 1.4553
[mpg_sam_e2e_s1] epoch 46 15.2s loss 1.4460 | val_sam_Mean FG IoU 0.3680
[mpg_sam_e2e_s1] epoch 47 15.2s loss 1.4411
[mpg_sam_e2e_s1] epoch 48 15.1s loss 1.4331 | val_sam_Mean FG IoU 0.3672
[mpg_sam_e2e_s1] epoch 49 15.0s loss 1.4278
[mpg_sam_e2e_s1] epoch 50 15.1s loss 1.4217 | val_sam_Mean FG IoU 0.3697
[mpg_sam_e2e_s1] epoch 51 14.6s loss 1.4234
[mpg_sam_e2e_s1] epoch 52 15.0s loss 1.4177 | val_sam_Mean FG IoU 0.3684
[mpg_sam_e2e_s1] epoch 53 15.0s loss 1.4128
[mpg_sam_e2e_s1] epoch 54 15.1s loss 1.4146 | val_sam_Mean FG IoU 0.3636
[mpg_sam_e2e_s1] epoch 55 15.0s loss 1.4101
[mpg_sam_e2e_s1] epoch 56 15.1s loss 1.4114 | val_sam_Mean FG IoU 0.3662
[mpg_sam_e2e_s1] epoch 57 15.0s loss 1.4045
[mpg_sam_e2e_s1] epoch 58 15.1s loss 1.4062 | val_sam_Mean FG IoU 0.3663
[mpg_sam_e2e_s1] epoch 59 14.3s loss 1.4056
[mpg_sam_e2e_s1] epoch 60 15.0s loss 1.4030 | val_sam_Mean FG IoU 0.3659
{
  "name": "mpg_sam_e2e_s1",
  "arch": "mpg",
  "mode": "sam",
  "seed": 1,
  "encoder": "infused_mlp05",
  "trainable_params": 671138,
  "best_epoch": 50,
  "train_time_min": 14.909553897380828,
  "args": {
    "encoder": "infused_mlp05",
    "arch": "mpg",
    "mode": "sam",
    "seed": 1,
    "epochs": 60,
    "lr": 0.001,
    "bs": 8,
    "micro_bs": 8,
    "aux_weight": 0.5,
    "init": null,
    "val_every": 2,
    "name": "mpg_sam_e2e_s1",
    "smooth": false,
    "exclude_fold": null
  },
  "val_own_TC IoU": 0.35413863484874203,
  "val_own_AR IoU": 0.3776311074943294,
  "val_own_BG IoU": 0.9479978174529774,
  "val_own_Mean IoU": 0.5599225199320162,
  "val_own_Mean FG IoU": 0.3658848711715357,
  "val_sam_TC IoU": 0.3463525917306529,
  "val_sam_AR IoU": 0.39312936150339994,
  "val_sam_BG IoU": 0.936080567685673,
  "val_sam_Mean IoU": 0.5585208403065752,
  "val_sam_Mean FG IoU": 0.36974097661702643
}
