/home/worker1/thang/ClimateSAM/prompter_bench/train.py:179: UserWarning: Converting a tensor with requires_grad=True to a scalar may lead to unexpected behavior.
Consider using tensor.detach() first. (Triggered internally at /pytorch/torch/csrc/autograd/generated/python_variable_methods.cpp:835.)
  sums[k] = sums.get(k, 0.0) + float(v) * len(mb) / len(chunk)
[msf_token_seg_s2] epoch 1 38.1s loss 4.1420
[msf_token_seg_s2] epoch 2 42.4s loss 3.3466 | val_own_Mean FG IoU 0.3336
[msf_token_seg_s2] epoch 3 46.2s loss 3.2244
[msf_token_seg_s2] epoch 4 38.2s loss 3.1421 | val_own_Mean FG IoU 0.3419
[msf_token_seg_s2] epoch 5 37.6s loss 3.1368
[msf_token_seg_s2] epoch 6 37.5s loss 3.1114 | val_own_Mean FG IoU 0.3565
[msf_token_seg_s2] epoch 7 37.6s loss 3.0983
[msf_token_seg_s2] epoch 8 37.5s loss 3.0958 | val_own_Mean FG IoU 0.3607
[msf_token_seg_s2] epoch 9 37.4s loss 3.0069
[msf_token_seg_s2] epoch 10 37.4s loss 3.0629 | val_own_Mean FG IoU 0.3561
[msf_token_seg_s2] epoch 11 37.5s loss 3.0539
[msf_token_seg_s2] epoch 12 37.5s loss 2.9532 | val_own_Mean FG IoU 0.3624
[msf_token_seg_s2] epoch 13 36.1s loss 2.9028
[msf_token_seg_s2] epoch 14 35.6s loss 2.8874 | val_own_Mean FG IoU 0.3663
[msf_token_seg_s2] epoch 15 35.6s loss 2.8957
[msf_token_seg_s2] epoch 16 35.6s loss 3.0149 | val_own_Mean FG IoU 0.3410
[msf_token_seg_s2] epoch 17 35.5s loss 2.9405
[msf_token_seg_s2] epoch 18 35.5s loss 2.8845 | val_own_Mean FG IoU 0.3486
[msf_token_seg_s2] epoch 19 35.6s loss 2.8453
[msf_token_seg_s2] epoch 20 35.6s loss 2.8773 | val_own_Mean FG IoU 0.3578
[msf_token_seg_s2] epoch 21 35.6s loss 2.9068
[msf_token_seg_s2] epoch 22 35.6s loss 2.8362 | val_own_Mean FG IoU 0.3673
[msf_token_seg_s2] epoch 23 35.6s loss 2.7937
[msf_token_seg_s2] epoch 24 35.6s loss 2.7825 | val_own_Mean FG IoU 0.3673
[msf_token_seg_s2] epoch 25 36.5s loss 2.7936
[msf_token_seg_s2] epoch 26 37.5s loss 2.7786 | val_own_Mean FG IoU 0.3559
[msf_token_seg_s2] epoch 27 37.5s loss 2.7317
[msf_token_seg_s2] epoch 28 37.5s loss 2.7337 | val_own_Mean FG IoU 0.3616
[msf_token_seg_s2] epoch 29 37.5s loss 2.7000
[msf_token_seg_s2] epoch 30 37.5s loss 2.6843 | val_own_Mean FG IoU 0.3681
[msf_token_seg_s2] epoch 31 37.5s loss 2.6821
[msf_token_seg_s2] epoch 32 37.5s loss 2.6567 | val_own_Mean FG IoU 0.3683
[msf_token_seg_s2] epoch 33 37.4s loss 2.6410
[msf_token_seg_s2] epoch 34 35.7s loss 2.6177 | val_own_Mean FG IoU 0.3643
[msf_token_seg_s2] epoch 35 35.8s loss 2.5972
[msf_token_seg_s2] epoch 36 37.6s loss 2.5782 | val_own_Mean FG IoU 0.3707
[msf_token_seg_s2] epoch 37 37.6s loss 2.5811
[msf_token_seg_s2] epoch 38 37.6s loss 2.5954 | val_own_Mean FG IoU 0.3644
[msf_token_seg_s2] epoch 39 37.6s loss 2.5567
[msf_token_seg_s2] epoch 40 37.7s loss 2.5390 | val_own_Mean FG IoU 0.3688
[msf_token_seg_s2] epoch 41 37.6s loss 2.5291
[msf_token_seg_s2] epoch 42 35.9s loss 2.5277 | val_own_Mean FG IoU 0.3709
[msf_token_seg_s2] epoch 43 35.7s loss 2.5211
[msf_token_seg_s2] epoch 44 35.6s loss 2.5102 | val_own_Mean FG IoU 0.3670
[msf_token_seg_s2] epoch 45 35.6s loss 2.5026
[msf_token_seg_s2] epoch 46 35.6s loss 2.4969 | val_own_Mean FG IoU 0.3672
[msf_token_seg_s2] epoch 47 35.6s loss 2.4927
[msf_token_seg_s2] epoch 48 35.6s loss 2.4867 | val_own_Mean FG IoU 0.3642
[msf_token_seg_s2] epoch 49 35.6s loss 2.4809
[msf_token_seg_s2] epoch 50 35.7s loss 2.4799 | val_own_Mean FG IoU 0.3654
[msf_token_seg_s2] epoch 51 35.7s loss 2.4766
[msf_token_seg_s2] epoch 52 35.6s loss 2.4720 | val_own_Mean FG IoU 0.3686
[msf_token_seg_s2] epoch 53 35.6s loss 2.4585
[msf_token_seg_s2] epoch 54 35.7s loss 2.4617 | val_own_Mean FG IoU 0.3688
[msf_token_seg_s2] epoch 55 35.7s loss 2.4550
[msf_token_seg_s2] epoch 56 35.7s loss 2.4494 | val_own_Mean FG IoU 0.3688
[msf_token_seg_s2] epoch 57 35.7s loss 2.4500
[msf_token_seg_s2] epoch 58 35.7s loss 2.4487 | val_own_Mean FG IoU 0.3678
[msf_token_seg_s2] epoch 59 35.6s loss 2.4451
[msf_token_seg_s2] epoch 60 35.6s loss 2.4457 | val_own_Mean FG IoU 0.3682
{
  "name": "msf_token_seg_s2",
  "arch": "msf_token",
  "mode": "seg",
  "seed": 2,
  "encoder": "infused_mlp1",
  "trainable_params": 1415180,
  "best_epoch": 42,
  "train_time_min": 37.88177489042282,
  "args": {
    "encoder": "infused_mlp1",
    "arch": "msf_token",
    "mode": "seg",
    "seed": 2,
    "epochs": 60,
    "lr": 0.001,
    "bs": 8,
    "micro_bs": 2,
    "aux_weight": 1.0,
    "init": null,
    "val_every": 2,
    "name": "msf_token_seg_s2",
    "smooth": false,
    "exclude_fold": null
  },
  "val_own_TC IoU": 0.3420839942430621,
  "val_own_AR IoU": 0.3998107205518418,
  "val_own_BG IoU": 0.9427779124993918,
  "val_own_Mean IoU": 0.5615575424314319,
  "val_own_Mean FG IoU": 0.37094735739745194
}
