/home/worker1/thang/ClimateSAM/prompter_bench/train.py:179: UserWarning: Converting a tensor with requires_grad=True to a scalar may lead to unexpected behavior.
Consider using tensor.detach() first. (Triggered internally at /pytorch/torch/csrc/autograd/generated/python_variable_methods.cpp:835.)
  sums[k] = sums.get(k, 0.0) + float(v) * len(mb) / len(chunk)
[msf_token_seg_s0] epoch 1 66.8s loss 4.1868
[msf_token_seg_s0] epoch 2 73.2s loss 3.3291 | val_own_Mean FG IoU 0.3503
[msf_token_seg_s0] epoch 3 69.2s loss 3.2093
[msf_token_seg_s0] epoch 4 65.5s loss 3.1613 | val_own_Mean FG IoU 0.3472
[msf_token_seg_s0] epoch 5 65.5s loss 3.0986
[msf_token_seg_s0] epoch 6 43.0s loss 3.0743 | val_own_Mean FG IoU 0.3646
[msf_token_seg_s0] epoch 7 58.9s loss 3.0593
[msf_token_seg_s0] epoch 8 69.7s loss 3.0308 | val_own_Mean FG IoU 0.3621
[msf_token_seg_s0] epoch 9 46.6s loss 2.9783
[msf_token_seg_s0] epoch 10 79.7s loss 2.9641 | val_own_Mean FG IoU 0.3608
[msf_token_seg_s0] epoch 11 75.9s loss 2.9829
[msf_token_seg_s0] epoch 12 72.4s loss 3.0016 | val_own_Mean FG IoU 0.3459
[msf_token_seg_s0] epoch 13 72.1s loss 2.9689
[msf_token_seg_s0] epoch 14 71.4s loss 2.9118 | val_own_Mean FG IoU 0.3512
[msf_token_seg_s0] epoch 15 71.4s loss 3.2374
[msf_token_seg_s0] epoch 16 71.5s loss 3.3594 | val_own_Mean FG IoU 0.3344
[msf_token_seg_s0] epoch 17 71.2s loss 3.1919
[msf_token_seg_s0] epoch 18 72.0s loss 3.0568 | val_own_Mean FG IoU 0.3439
[msf_token_seg_s0] epoch 19 72.8s loss 3.0123
[msf_token_seg_s0] epoch 20 72.8s loss 3.0848 | val_own_Mean FG IoU 0.3664
[msf_token_seg_s0] epoch 21 73.3s loss 2.9357
[msf_token_seg_s0] epoch 22 71.8s loss 2.9015 | val_own_Mean FG IoU 0.3692
[msf_token_seg_s0] epoch 23 44.4s loss 2.8803
[msf_token_seg_s0] epoch 24 70.9s loss 2.8949 | val_own_Mean FG IoU 0.3596
[msf_token_seg_s0] epoch 25 71.4s loss 2.8702
[msf_token_seg_s0] epoch 26 71.9s loss 2.8278 | val_own_Mean FG IoU 0.3622
[msf_token_seg_s0] epoch 27 71.8s loss 2.8238
[msf_token_seg_s0] epoch 28 71.6s loss 2.8091 | val_own_Mean FG IoU 0.3669
[msf_token_seg_s0] epoch 29 71.9s loss 2.8030
[msf_token_seg_s0] epoch 30 73.9s loss 2.7947 | val_own_Mean FG IoU 0.3683
[msf_token_seg_s0] epoch 31 72.3s loss 2.7631
[msf_token_seg_s0] epoch 32 71.5s loss 2.7600 | val_own_Mean FG IoU 0.3728
[msf_token_seg_s0] epoch 33 73.2s loss 2.7381
[msf_token_seg_s0] epoch 34 73.0s loss 2.7182 | val_own_Mean FG IoU 0.3683
[msf_token_seg_s0] epoch 35 72.8s loss 2.7036
[msf_token_seg_s0] epoch 36 72.7s loss 2.7117 | val_own_Mean FG IoU 0.3705
[msf_token_seg_s0] epoch 37 54.2s loss 2.6975
[msf_token_seg_s0] epoch 38 66.6s loss 2.6867 | val_own_Mean FG IoU 0.3698
[msf_token_seg_s0] epoch 39 70.5s loss 2.7019
[msf_token_seg_s0] epoch 40 68.2s loss 2.7470 | val_own_Mean FG IoU 0.3673
[msf_token_seg_s0] epoch 41 69.3s loss 2.6888
[msf_token_seg_s0] epoch 42 68.3s loss 2.6723 | val_own_Mean FG IoU 0.3759
[msf_token_seg_s0] epoch 43 68.6s loss 2.6522
[msf_token_seg_s0] epoch 44 66.5s loss 2.6364 | val_own_Mean FG IoU 0.3701
[msf_token_seg_s0] epoch 45 37.9s loss 2.6377
[msf_token_seg_s0] epoch 46 38.3s loss 2.6237 | val_own_Mean FG IoU 0.3705
[msf_token_seg_s0] epoch 47 35.7s loss 2.6238
[msf_token_seg_s0] epoch 48 35.7s loss 2.6178 | val_own_Mean FG IoU 0.3719
[msf_token_seg_s0] epoch 49 35.6s loss 2.6138
[msf_token_seg_s0] epoch 50 35.7s loss 2.6069 | val_own_Mean FG IoU 0.3719
[msf_token_seg_s0] epoch 51 35.6s loss 2.6031
[msf_token_seg_s0] epoch 52 35.6s loss 2.5993 | val_own_Mean FG IoU 0.3705
[msf_token_seg_s0] epoch 53 35.6s loss 2.5994
[msf_token_seg_s0] epoch 54 35.5s loss 2.5924 | val_own_Mean FG IoU 0.3717
[msf_token_seg_s0] epoch 55 35.7s loss 2.5934
[msf_token_seg_s0] epoch 56 35.8s loss 2.5905 | val_own_Mean FG IoU 0.3729
[msf_token_seg_s0] epoch 57 35.6s loss 2.5916
[msf_token_seg_s0] epoch 58 35.6s loss 2.5861 | val_own_Mean FG IoU 0.3719
[msf_token_seg_s0] epoch 59 35.6s loss 2.5864
[msf_token_seg_s0] epoch 60 35.6s loss 2.5831 | val_own_Mean FG IoU 0.3721
{
  "name": "msf_token_seg_s0",
  "arch": "msf_token",
  "mode": "seg",
  "seed": 0,
  "encoder": "infused_mlp1",
  "trainable_params": 1415180,
  "best_epoch": 42,
  "train_time_min": 61.74757800102234,
  "args": {
    "encoder": "infused_mlp1",
    "arch": "msf_token",
    "mode": "seg",
    "seed": 0,
    "epochs": 60,
    "lr": 0.001,
    "bs": 8,
    "micro_bs": 2,
    "aux_weight": 1.0,
    "init": null,
    "val_every": 2,
    "name": "msf_token_seg_s0",
    "smooth": false,
    "exclude_fold": null
  },
  "val_own_TC IoU": 0.35181643520752365,
  "val_own_AR IoU": 0.39996984572230015,
  "val_own_BG IoU": 0.9459409831620075,
  "val_own_Mean IoU": 0.5659090880306105,
  "val_own_Mean FG IoU": 0.3758931404649119
}
