/home/worker1/thang/ClimateSAM/prompter_bench/train.py:179: UserWarning: Converting a tensor with requires_grad=True to a scalar may lead to unexpected behavior.
Consider using tensor.detach() first. (Triggered internally at /pytorch/torch/csrc/autograd/generated/python_variable_methods.cpp:835.)
  sums[k] = sums.get(k, 0.0) + float(v) * len(mb) / len(chunk)
[mpg_seg_s1] epoch 1 4.2s loss 1.7890
[mpg_seg_s1] epoch 2 2.7s loss 1.5095 | val_own_Mean FG IoU 0.1570
[mpg_seg_s1] epoch 3 3.6s loss 1.2603
[mpg_seg_s1] epoch 4 3.4s loss 1.1467 | val_own_Mean FG IoU 0.3552
[mpg_seg_s1] epoch 5 3.6s loss 1.1662
[mpg_seg_s1] epoch 6 3.6s loss 1.1185 | val_own_Mean FG IoU 0.3594
[mpg_seg_s1] epoch 7 4.3s loss 1.0746
[mpg_seg_s1] epoch 8 3.4s loss 1.0733 | val_own_Mean FG IoU 0.3536
[mpg_seg_s1] epoch 9 4.0s loss 1.0514
[mpg_seg_s1] epoch 10 4.1s loss 1.0324 | val_own_Mean FG IoU 0.3692
[mpg_seg_s1] epoch 11 3.8s loss 1.0568
[mpg_seg_s1] epoch 12 4.4s loss 1.0935 | val_own_Mean FG IoU 0.3641
[mpg_seg_s1] epoch 13 3.9s loss 1.0447
[mpg_seg_s1] epoch 14 3.7s loss 1.0288 | val_own_Mean FG IoU 0.3685
[mpg_seg_s1] epoch 15 4.3s loss 1.0357
[mpg_seg_s1] epoch 16 4.2s loss 0.9944 | val_own_Mean FG IoU 0.3808
[mpg_seg_s1] epoch 17 4.3s loss 0.9878
[mpg_seg_s1] epoch 18 4.0s loss 0.9874 | val_own_Mean FG IoU 0.3766
[mpg_seg_s1] epoch 19 4.0s loss 0.9748
[mpg_seg_s1] epoch 20 3.3s loss 0.9606 | val_own_Mean FG IoU 0.3795
[mpg_seg_s1] epoch 21 4.2s loss 0.9512
[mpg_seg_s1] epoch 22 4.0s loss 0.9481 | val_own_Mean FG IoU 0.3716
[mpg_seg_s1] epoch 23 4.0s loss 0.9352
[mpg_seg_s1] epoch 24 4.2s loss 0.9267 | val_own_Mean FG IoU 0.3791
[mpg_seg_s1] epoch 25 3.0s loss 0.9776
[mpg_seg_s1] epoch 26 4.4s loss 0.9742 | val_own_Mean FG IoU 0.3795
[mpg_seg_s1] epoch 27 3.7s loss 0.9393
[mpg_seg_s1] epoch 28 3.8s loss 0.9486 | val_own_Mean FG IoU 0.3844
[mpg_seg_s1] epoch 29 3.9s loss 0.9451
[mpg_seg_s1] epoch 30 4.2s loss 0.9207 | val_own_Mean FG IoU 0.3731
[mpg_seg_s1] epoch 31 3.8s loss 0.9162
[mpg_seg_s1] epoch 32 3.9s loss 0.9173 | val_own_Mean FG IoU 0.3773
[mpg_seg_s1] epoch 33 4.4s loss 0.9024
[mpg_seg_s1] epoch 34 3.8s loss 0.8959 | val_own_Mean FG IoU 0.3785
[mpg_seg_s1] epoch 35 4.1s loss 0.8934
[mpg_seg_s1] epoch 36 4.1s loss 0.8876 | val_own_Mean FG IoU 0.3745
[mpg_seg_s1] epoch 37 3.6s loss 0.8857
[mpg_seg_s1] epoch 38 4.3s loss 0.8822 | val_own_Mean FG IoU 0.3747
[mpg_seg_s1] epoch 39 3.8s loss 0.8772
[mpg_seg_s1] epoch 40 4.4s loss 0.8718 | val_own_Mean FG IoU 0.3748
[mpg_seg_s1] epoch 41 4.2s loss 0.8684
[mpg_seg_s1] epoch 42 4.1s loss 0.8679 | val_own_Mean FG IoU 0.3737
[mpg_seg_s1] epoch 43 4.4s loss 0.8620
[mpg_seg_s1] epoch 44 4.1s loss 0.8613 | val_own_Mean FG IoU 0.3740
[mpg_seg_s1] epoch 45 4.4s loss 0.8582
[mpg_seg_s1] epoch 46 3.7s loss 0.8576 | val_own_Mean FG IoU 0.3738
[mpg_seg_s1] epoch 47 4.2s loss 0.8582
[mpg_seg_s1] epoch 48 3.2s loss 0.8531 | val_own_Mean FG IoU 0.3717
[mpg_seg_s1] epoch 49 4.0s loss 0.8516
[mpg_seg_s1] epoch 50 4.2s loss 0.8506 | val_own_Mean FG IoU 0.3719
[mpg_seg_s1] epoch 51 3.8s loss 0.8486
[mpg_seg_s1] epoch 52 4.4s loss 0.8468 | val_own_Mean FG IoU 0.3725
[mpg_seg_s1] epoch 53 3.8s loss 0.8460
[mpg_seg_s1] epoch 54 3.9s loss 0.8462 | val_own_Mean FG IoU 0.3729
[mpg_seg_s1] epoch 55 3.9s loss 0.8441
[mpg_seg_s1] epoch 56 3.9s loss 0.8442 | val_own_Mean FG IoU 0.3718
[mpg_seg_s1] epoch 57 4.4s loss 0.8429
[mpg_seg_s1] epoch 58 3.9s loss 0.8430 | val_own_Mean FG IoU 0.3721
[mpg_seg_s1] epoch 59 3.0s loss 0.8416
[mpg_seg_s1] epoch 60 3.4s loss 0.8413 | val_own_Mean FG IoU 0.3718
{
  "name": "mpg_seg_s1",
  "arch": "mpg",
  "mode": "seg",
  "seed": 1,
  "encoder": "infused_mlp05",
  "trainable_params": 671138,
  "best_epoch": 28,
  "train_time_min": 5.122538193066915,
  "args": {
    "encoder": "infused_mlp05",
    "arch": "mpg",
    "mode": "seg",
    "seed": 1,
    "epochs": 60,
    "lr": 0.001,
    "bs": 8,
    "micro_bs": 8,
    "aux_weight": 1.0,
    "init": null,
    "val_every": 2,
    "name": "mpg_seg_s1",
    "smooth": false,
    "exclude_fold": null
  },
  "val_own_TC IoU": 0.3601993743040458,
  "val_own_AR IoU": 0.40850928473113773,
  "val_own_BG IoU": 0.9492946400055461,
  "val_own_Mean IoU": 0.5726677663469099,
  "val_own_Mean FG IoU": 0.38435432951759174
}
