/home/worker1/thang/ClimateSAM/prompter_bench/train.py:179: UserWarning: Converting a tensor with requires_grad=True to a scalar may lead to unexpected behavior.
Consider using tensor.detach() first. (Triggered internally at /pytorch/torch/csrc/autograd/generated/python_variable_methods.cpp:835.)
  sums[k] = sums.get(k, 0.0) + float(v) * len(mb) / len(chunk)
[mpg_seg_s0] epoch 1 4.3s loss 1.7928
[mpg_seg_s0] epoch 2 3.3s loss 1.4951 | val_own_Mean FG IoU 0.1600
[mpg_seg_s0] epoch 3 3.0s loss 1.2218
[mpg_seg_s0] epoch 4 3.5s loss 1.1633 | val_own_Mean FG IoU 0.3088
[mpg_seg_s0] epoch 5 3.5s loss 1.1039
[mpg_seg_s0] epoch 6 3.4s loss 1.0935 | val_own_Mean FG IoU 0.3608
[mpg_seg_s0] epoch 7 3.5s loss 1.0623
[mpg_seg_s0] epoch 8 3.5s loss 1.0405 | val_own_Mean FG IoU 0.3592
[mpg_seg_s0] epoch 9 3.5s loss 1.0597
[mpg_seg_s0] epoch 10 3.5s loss 1.0745 | val_own_Mean FG IoU 0.3717
[mpg_seg_s0] epoch 11 3.5s loss 1.0319
[mpg_seg_s0] epoch 12 3.1s loss 1.0160 | val_own_Mean FG IoU 0.3775
[mpg_seg_s0] epoch 13 3.5s loss 1.0027
[mpg_seg_s0] epoch 14 3.5s loss 0.9987 | val_own_Mean FG IoU 0.3574
[mpg_seg_s0] epoch 15 3.6s loss 1.0106
[mpg_seg_s0] epoch 16 3.5s loss 1.0022 | val_own_Mean FG IoU 0.3771
[mpg_seg_s0] epoch 17 3.5s loss 0.9858
[mpg_seg_s0] epoch 18 3.0s loss 0.9700 | val_own_Mean FG IoU 0.3722
[mpg_seg_s0] epoch 19 2.5s loss 0.9584
[mpg_seg_s0] epoch 20 2.3s loss 0.9601 | val_own_Mean FG IoU 0.3833
[mpg_seg_s0] epoch 21 2.2s loss 0.9499
[mpg_seg_s0] epoch 22 2.3s loss 0.9379 | val_own_Mean FG IoU 0.3815
[mpg_seg_s0] epoch 23 2.3s loss 0.9313
[mpg_seg_s0] epoch 24 2.8s loss 0.9282 | val_own_Mean FG IoU 0.3824
[mpg_seg_s0] epoch 25 3.6s loss 0.9239
[mpg_seg_s0] epoch 26 3.6s loss 0.9109 | val_own_Mean FG IoU 0.3801
[mpg_seg_s0] epoch 27 3.6s loss 0.9123
[mpg_seg_s0] epoch 28 3.6s loss 0.9162 | val_own_Mean FG IoU 0.3839
[mpg_seg_s0] epoch 29 2.7s loss 0.9007
[mpg_seg_s0] epoch 30 2.7s loss 0.8918 | val_own_Mean FG IoU 0.3794
[mpg_seg_s0] epoch 31 3.4s loss 0.8946
[mpg_seg_s0] epoch 32 3.4s loss 0.8846 | val_own_Mean FG IoU 0.3834
[mpg_seg_s0] epoch 33 3.6s loss 0.8816
[mpg_seg_s0] epoch 34 3.4s loss 0.8722 | val_own_Mean FG IoU 0.3789
[mpg_seg_s0] epoch 35 2.8s loss 0.8686
[mpg_seg_s0] epoch 36 3.5s loss 0.8662 | val_own_Mean FG IoU 0.3774
[mpg_seg_s0] epoch 37 3.5s loss 0.8634
[mpg_seg_s0] epoch 38 3.6s loss 0.8564 | val_own_Mean FG IoU 0.3762
[mpg_seg_s0] epoch 39 3.5s loss 0.8536
[mpg_seg_s0] epoch 40 3.4s loss 0.8511 | val_own_Mean FG IoU 0.3795
[mpg_seg_s0] epoch 41 2.8s loss 0.8460
[mpg_seg_s0] epoch 42 3.4s loss 0.8492 | val_own_Mean FG IoU 0.3828
[mpg_seg_s0] epoch 43 3.5s loss 0.8418
[mpg_seg_s0] epoch 44 3.5s loss 0.8379 | val_own_Mean FG IoU 0.3777
[mpg_seg_s0] epoch 45 3.5s loss 0.8367
[mpg_seg_s0] epoch 46 3.5s loss 0.8325 | val_own_Mean FG IoU 0.3790
[mpg_seg_s0] epoch 47 2.7s loss 0.8297
[mpg_seg_s0] epoch 48 3.1s loss 0.8270 | val_own_Mean FG IoU 0.3777
[mpg_seg_s0] epoch 49 3.4s loss 0.8261
[mpg_seg_s0] epoch 50 3.5s loss 0.8228 | val_own_Mean FG IoU 0.3771
[mpg_seg_s0] epoch 51 3.5s loss 0.8220
[mpg_seg_s0] epoch 52 3.6s loss 0.8199 | val_own_Mean FG IoU 0.3755
[mpg_seg_s0] epoch 53 2.9s loss 0.8203
[mpg_seg_s0] epoch 54 3.5s loss 0.8177 | val_own_Mean FG IoU 0.3770
[mpg_seg_s0] epoch 55 3.5s loss 0.8170
[mpg_seg_s0] epoch 56 3.5s loss 0.8159 | val_own_Mean FG IoU 0.3777
[mpg_seg_s0] epoch 57 3.6s loss 0.8161
[mpg_seg_s0] epoch 58 3.6s loss 0.8140 | val_own_Mean FG IoU 0.3767
[mpg_seg_s0] epoch 59 3.2s loss 0.8142
[mpg_seg_s0] epoch 60 3.5s loss 0.8128 | val_own_Mean FG IoU 0.3772
{
  "name": "mpg_seg_s0",
  "arch": "mpg",
  "mode": "seg",
  "seed": 0,
  "encoder": "infused_mlp05",
  "trainable_params": 671138,
  "best_epoch": 28,
  "train_time_min": 4.110069906711578,
  "args": {
    "encoder": "infused_mlp05",
    "arch": "mpg",
    "mode": "seg",
    "seed": 0,
    "epochs": 60,
    "lr": 0.001,
    "bs": 8,
    "micro_bs": 8,
    "aux_weight": 1.0,
    "init": null,
    "val_every": 2,
    "name": "mpg_seg_s0",
    "smooth": false,
    "exclude_fold": null
  },
  "val_own_TC IoU": 0.35865455015289205,
  "val_own_AR IoU": 0.4092392099558815,
  "val_own_BG IoU": 0.9423040503705148,
  "val_own_Mean IoU": 0.5700659368264295,
  "val_own_Mean FG IoU": 0.38394688005438676
}
