/home/worker1/thang/ClimateSAM/prompter_bench/train.py:179: UserWarning: Converting a tensor with requires_grad=True to a scalar may lead to unexpected behavior.
Consider using tensor.detach() first. (Triggered internally at /pytorch/torch/csrc/autograd/generated/python_variable_methods.cpp:835.)
  sums[k] = sums.get(k, 0.0) + float(v) * len(mb) / len(chunk)
[msf_seg_s2] epoch 1 82.7s loss 2.6076
[msf_seg_s2] epoch 2 77.0s loss 2.1823 | val_own_Mean FG IoU 0.3493
[msf_seg_s2] epoch 3 78.6s loss 2.0674
[msf_seg_s2] epoch 4 78.0s loss 2.0451 | val_own_Mean FG IoU 0.3264
[msf_seg_s2] epoch 5 79.7s loss 2.0293
[msf_seg_s2] epoch 6 84.1s loss 2.0224 | val_own_Mean FG IoU 0.3511
[msf_seg_s2] epoch 7 77.9s loss 1.9870
[msf_seg_s2] epoch 8 69.3s loss 2.0916 | val_own_Mean FG IoU 0.3368
[msf_seg_s2] epoch 9 66.8s loss 2.0128
[msf_seg_s2] epoch 10 66.8s loss 1.9638 | val_own_Mean FG IoU 0.3434
[msf_seg_s2] epoch 11 60.0s loss 1.9587
[msf_seg_s2] epoch 12 60.6s loss 1.9322 | val_own_Mean FG IoU 0.3725
[msf_seg_s2] epoch 13 57.7s loss 1.8820
[msf_seg_s2] epoch 14 74.0s loss 1.8737 | val_own_Mean FG IoU 0.3606
[msf_seg_s2] epoch 15 66.1s loss 1.8659
[msf_seg_s2] epoch 16 62.6s loss 1.9680 | val_own_Mean FG IoU 0.3272
[msf_seg_s2] epoch 17 61.5s loss 2.0065
[msf_seg_s2] epoch 18 57.1s loss 1.9470 | val_own_Mean FG IoU 0.3384
[msf_seg_s2] epoch 19 59.6s loss 1.9249
[msf_seg_s2] epoch 20 60.1s loss 1.9934 | val_own_Mean FG IoU 0.3501
[msf_seg_s2] epoch 21 60.0s loss 1.9308
[msf_seg_s2] epoch 22 60.2s loss 1.8924 | val_own_Mean FG IoU 0.3741
[msf_seg_s2] epoch 23 60.0s loss 1.8749
[msf_seg_s2] epoch 24 59.8s loss 1.8587 | val_own_Mean FG IoU 0.3752
[msf_seg_s2] epoch 25 59.0s loss 1.8290
[msf_seg_s2] epoch 26 59.7s loss 1.8590 | val_own_Mean FG IoU 0.3462
[msf_seg_s2] epoch 27 54.6s loss 1.8606
[msf_seg_s2] epoch 28 71.4s loss 1.8874 | val_own_Mean FG IoU 0.3758
[msf_seg_s2] epoch 29 69.7s loss 1.8335
[msf_seg_s2] epoch 30 63.6s loss 1.8066 | val_own_Mean FG IoU 0.3766
[msf_seg_s2] epoch 31 63.1s loss 1.7976
[msf_seg_s2] epoch 32 61.1s loss 1.7890 | val_own_Mean FG IoU 0.3742
[msf_seg_s2] epoch 33 61.2s loss 1.7753
[msf_seg_s2] epoch 34 61.4s loss 1.7681 | val_own_Mean FG IoU 0.3802
[msf_seg_s2] epoch 35 59.5s loss 1.8048
[msf_seg_s2] epoch 36 60.5s loss 1.7644 | val_own_Mean FG IoU 0.3746
[msf_seg_s2] epoch 37 59.9s loss 1.7511
[msf_seg_s2] epoch 38 60.1s loss 1.7489 | val_own_Mean FG IoU 0.3742
[msf_seg_s2] epoch 39 60.6s loss 1.7320
[msf_seg_s2] epoch 40 60.2s loss 1.7319 | val_own_Mean FG IoU 0.3734
[msf_seg_s2] epoch 41 60.6s loss 1.7462
[msf_seg_s2] epoch 42 61.3s loss 1.7258 | val_own_Mean FG IoU 0.3805
[msf_seg_s2] epoch 43 53.0s loss 1.7177
[msf_seg_s2] epoch 44 62.0s loss 1.7078 | val_own_Mean FG IoU 0.3746
[msf_seg_s2] epoch 45 68.5s loss 1.7030
[msf_seg_s2] epoch 46 64.0s loss 1.6961 | val_own_Mean FG IoU 0.3736
[msf_seg_s2] epoch 47 60.6s loss 1.7151
[msf_seg_s2] epoch 48 59.3s loss 1.6986 | val_own_Mean FG IoU 0.3725
[msf_seg_s2] epoch 49 59.3s loss 1.6907
[msf_seg_s2] epoch 50 59.5s loss 1.6887 | val_own_Mean FG IoU 0.3729
[msf_seg_s2] epoch 51 53.0s loss 1.6839
[msf_seg_s2] epoch 52 65.4s loss 1.6789 | val_own_Mean FG IoU 0.3763
[msf_seg_s2] epoch 53 65.1s loss 1.6761
[msf_seg_s2] epoch 54 58.6s loss 1.6784 | val_own_Mean FG IoU 0.3757
[msf_seg_s2] epoch 55 60.5s loss 1.6743
[msf_seg_s2] epoch 56 60.2s loss 1.6708 | val_own_Mean FG IoU 0.3762
[msf_seg_s2] epoch 57 60.3s loss 1.6713
[msf_seg_s2] epoch 58 60.6s loss 1.6704 | val_own_Mean FG IoU 0.3754
[msf_seg_s2] epoch 59 54.3s loss 1.6682
[msf_seg_s2] epoch 60 67.8s loss 1.6683 | val_own_Mean FG IoU 0.3759
{
  "name": "msf_seg_s2",
  "arch": "msf",
  "mode": "seg",
  "seed": 2,
  "encoder": "infused_mlp1",
  "trainable_params": 1406474,
  "best_epoch": 42,
  "train_time_min": 65.57531049251557,
  "args": {
    "encoder": "infused_mlp1",
    "arch": "msf",
    "mode": "seg",
    "seed": 2,
    "epochs": 60,
    "lr": 0.001,
    "bs": 8,
    "micro_bs": 2,
    "aux_weight": 1.0,
    "init": null,
    "val_every": 2,
    "name": "msf_seg_s2",
    "smooth": false,
    "exclude_fold": null
  },
  "val_own_TC IoU": 0.3602664940998658,
  "val_own_AR IoU": 0.40075841068742696,
  "val_own_BG IoU": 0.9434736155083472,
  "val_own_Mean IoU": 0.56816617343188,
  "val_own_Mean FG IoU": 0.3805124523936464
}
