/home/worker1/thang/ClimateSAM/prompter_bench/train.py:166: UserWarning: Converting a tensor with requires_grad=True to a scalar may lead to unexpected behavior.
Consider using tensor.detach() first. (Triggered internally at /pytorch/torch/csrc/autograd/generated/python_variable_methods.cpp:835.)
  sums[k] = sums.get(k, 0.0) + float(v) * len(mb) / len(chunk)
[logreg_last_seg_s2] epoch 1 2.0s loss 1.5438
[logreg_last_seg_s2] epoch 2 1.3s loss 1.3109 | val_own_Mean FG IoU 0.2879
[logreg_last_seg_s2] epoch 3 1.3s loss 1.2511
[logreg_last_seg_s2] epoch 4 1.5s loss 1.2305 | val_own_Mean FG IoU 0.2931
[logreg_last_seg_s2] epoch 5 1.4s loss 1.2078
[logreg_last_seg_s2] epoch 6 1.6s loss 1.1956 | val_own_Mean FG IoU 0.3282
[logreg_last_seg_s2] epoch 7 1.5s loss 1.1882
[logreg_last_seg_s2] epoch 8 1.5s loss 1.1832 | val_own_Mean FG IoU 0.3155
[logreg_last_seg_s2] epoch 9 1.4s loss 1.1748
[logreg_last_seg_s2] epoch 10 1.5s loss 1.1783 | val_own_Mean FG IoU 0.3131
[logreg_last_seg_s2] epoch 11 1.4s loss 1.1892
[logreg_last_seg_s2] epoch 12 1.2s loss 1.1653 | val_own_Mean FG IoU 0.3343
[logreg_last_seg_s2] epoch 13 1.3s loss 1.1607
[logreg_last_seg_s2] epoch 14 1.1s loss 1.1579 | val_own_Mean FG IoU 0.3243
[logreg_last_seg_s2] epoch 15 1.4s loss 1.1589
[logreg_last_seg_s2] epoch 16 1.5s loss 1.1569 | val_own_Mean FG IoU 0.3226
[logreg_last_seg_s2] epoch 17 1.4s loss 1.1523
[logreg_last_seg_s2] epoch 18 1.4s loss 1.1534 | val_own_Mean FG IoU 0.3397
[logreg_last_seg_s2] epoch 19 1.5s loss 1.1463
[logreg_last_seg_s2] epoch 20 1.4s loss 1.1434 | val_own_Mean FG IoU 0.3428
[logreg_last_seg_s2] epoch 21 1.3s loss 1.1433
[logreg_last_seg_s2] epoch 22 1.5s loss 1.1439 | val_own_Mean FG IoU 0.3316
[logreg_last_seg_s2] epoch 23 1.4s loss 1.1435
[logreg_last_seg_s2] epoch 24 1.6s loss 1.1386 | val_own_Mean FG IoU 0.3373
[logreg_last_seg_s2] epoch 25 1.4s loss 1.1371
[logreg_last_seg_s2] epoch 26 1.5s loss 1.1355 | val_own_Mean FG IoU 0.3355
[logreg_last_seg_s2] epoch 27 1.4s loss 1.1344
[logreg_last_seg_s2] epoch 28 1.5s loss 1.1385 | val_own_Mean FG IoU 0.3425
[logreg_last_seg_s2] epoch 29 1.5s loss 1.1319
[logreg_last_seg_s2] epoch 30 1.9s loss 1.1337 | val_own_Mean FG IoU 0.3489
[logreg_last_seg_s2] epoch 31 1.4s loss 1.1307
[logreg_last_seg_s2] epoch 32 1.5s loss 1.1289 | val_own_Mean FG IoU 0.3437
[logreg_last_seg_s2] epoch 33 1.5s loss 1.1304
[logreg_last_seg_s2] epoch 34 1.4s loss 1.1306 | val_own_Mean FG IoU 0.3424
[logreg_last_seg_s2] epoch 35 1.5s loss 1.1255
[logreg_last_seg_s2] epoch 36 1.2s loss 1.1328 | val_own_Mean FG IoU 0.3398
[logreg_last_seg_s2] epoch 37 1.3s loss 1.1290
[logreg_last_seg_s2] epoch 38 1.6s loss 1.1282 | val_own_Mean FG IoU 0.3470
[logreg_last_seg_s2] epoch 39 1.5s loss 1.1232
[logreg_last_seg_s2] epoch 40 1.6s loss 1.1232 | val_own_Mean FG IoU 0.3469
[logreg_last_seg_s2] epoch 41 1.5s loss 1.1240
[logreg_last_seg_s2] epoch 42 1.4s loss 1.1244 | val_own_Mean FG IoU 0.3413
[logreg_last_seg_s2] epoch 43 1.5s loss 1.1249
[logreg_last_seg_s2] epoch 44 1.4s loss 1.1239 | val_own_Mean FG IoU 0.3424
[logreg_last_seg_s2] epoch 45 1.5s loss 1.1238
[logreg_last_seg_s2] epoch 46 1.4s loss 1.1214 | val_own_Mean FG IoU 0.3472
[logreg_last_seg_s2] epoch 47 1.5s loss 1.1218
[logreg_last_seg_s2] epoch 48 1.9s loss 1.1226 | val_own_Mean FG IoU 0.3431
[logreg_last_seg_s2] epoch 49 1.5s loss 1.1224
[logreg_last_seg_s2] epoch 50 1.5s loss 1.1225 | val_own_Mean FG IoU 0.3426
[logreg_last_seg_s2] epoch 51 1.5s loss 1.1220
[logreg_last_seg_s2] epoch 52 1.4s loss 1.1223 | val_own_Mean FG IoU 0.3451
[logreg_last_seg_s2] epoch 53 1.3s loss 1.1208
[logreg_last_seg_s2] epoch 54 1.3s loss 1.1216 | val_own_Mean FG IoU 0.3453
[logreg_last_seg_s2] epoch 55 1.6s loss 1.1211
[logreg_last_seg_s2] epoch 56 1.7s loss 1.1202 | val_own_Mean FG IoU 0.3465
[logreg_last_seg_s2] epoch 57 1.6s loss 1.1199
[logreg_last_seg_s2] epoch 58 1.4s loss 1.1202 | val_own_Mean FG IoU 0.3459
[logreg_last_seg_s2] epoch 59 1.5s loss 1.1204
[logreg_last_seg_s2] epoch 60 1.5s loss 1.1193 | val_own_Mean FG IoU 0.3461
{
  "name": "logreg_last_seg_s2",
  "arch": "logreg_last",
  "mode": "seg",
  "seed": 2,
  "encoder": "infused_mlp1",
  "trainable_params": 1538,
  "best_epoch": 30,
  "train_time_min": 1.636065129439036,
  "args": {
    "encoder": "infused_mlp1",
    "arch": "logreg_last",
    "mode": "seg",
    "seed": 2,
    "epochs": 60,
    "lr": 0.001,
    "bs": 8,
    "micro_bs": 8,
    "aux_weight": 1.0,
    "init": null,
    "val_every": 2,
    "name": "logreg_last_seg_s2"
  },
  "val_own_TC IoU": 0.3263517211312809,
  "val_own_AR IoU": 0.3714000765069129,
  "val_own_BG IoU": 0.9399219499036492,
  "val_own_Mean IoU": 0.5458912491806144,
  "val_own_Mean FG IoU": 0.3488758988190969
}
