/home/worker1/thang/ClimateSAM/prompter_bench/train.py:166: UserWarning: Converting a tensor with requires_grad=True to a scalar may lead to unexpected behavior.
Consider using tensor.detach() first. (Triggered internally at /pytorch/torch/csrc/autograd/generated/python_variable_methods.cpp:835.)
  sums[k] = sums.get(k, 0.0) + float(v) * len(mb) / len(chunk)
[logreg_l0_seg_s2] epoch 1 1.9s loss 1.7511
[logreg_l0_seg_s2] epoch 2 1.3s loss 1.5516 | val_own_Mean FG IoU 0.2077
[logreg_l0_seg_s2] epoch 3 1.5s loss 1.4916
[logreg_l0_seg_s2] epoch 4 1.4s loss 1.4620 | val_own_Mean FG IoU 0.2280
[logreg_l0_seg_s2] epoch 5 1.8s loss 1.4458
[logreg_l0_seg_s2] epoch 6 1.5s loss 1.4302 | val_own_Mean FG IoU 0.2192
[logreg_l0_seg_s2] epoch 7 1.5s loss 1.4197
[logreg_l0_seg_s2] epoch 8 1.4s loss 1.4095 | val_own_Mean FG IoU 0.2278
[logreg_l0_seg_s2] epoch 9 1.4s loss 1.4048
[logreg_l0_seg_s2] epoch 10 1.4s loss 1.4010 | val_own_Mean FG IoU 0.2310
[logreg_l0_seg_s2] epoch 11 1.4s loss 1.3957
[logreg_l0_seg_s2] epoch 12 1.4s loss 1.3895 | val_own_Mean FG IoU 0.2314
[logreg_l0_seg_s2] epoch 13 1.3s loss 1.3856
[logreg_l0_seg_s2] epoch 14 1.4s loss 1.3843 | val_own_Mean FG IoU 0.2366
[logreg_l0_seg_s2] epoch 15 1.3s loss 1.3793
[logreg_l0_seg_s2] epoch 16 1.5s loss 1.3760 | val_own_Mean FG IoU 0.2343
[logreg_l0_seg_s2] epoch 17 1.4s loss 1.3722
[logreg_l0_seg_s2] epoch 18 1.4s loss 1.3700 | val_own_Mean FG IoU 0.2445
[logreg_l0_seg_s2] epoch 19 1.5s loss 1.3677
[logreg_l0_seg_s2] epoch 20 1.4s loss 1.3661 | val_own_Mean FG IoU 0.2473
[logreg_l0_seg_s2] epoch 21 1.3s loss 1.3647
[logreg_l0_seg_s2] epoch 22 1.4s loss 1.3634 | val_own_Mean FG IoU 0.2461
[logreg_l0_seg_s2] epoch 23 1.5s loss 1.3615
[logreg_l0_seg_s2] epoch 24 1.8s loss 1.3588 | val_own_Mean FG IoU 0.2458
[logreg_l0_seg_s2] epoch 25 1.5s loss 1.3569
[logreg_l0_seg_s2] epoch 26 1.5s loss 1.3549 | val_own_Mean FG IoU 0.2479
[logreg_l0_seg_s2] epoch 27 1.4s loss 1.3560
[logreg_l0_seg_s2] epoch 28 1.5s loss 1.3541 | val_own_Mean FG IoU 0.2492
[logreg_l0_seg_s2] epoch 29 1.5s loss 1.3508
[logreg_l0_seg_s2] epoch 30 1.3s loss 1.3518 | val_own_Mean FG IoU 0.2470
[logreg_l0_seg_s2] epoch 31 1.2s loss 1.3501
[logreg_l0_seg_s2] epoch 32 1.7s loss 1.3500 | val_own_Mean FG IoU 0.2496
[logreg_l0_seg_s2] epoch 33 1.3s loss 1.3510
[logreg_l0_seg_s2] epoch 34 1.5s loss 1.3487 | val_own_Mean FG IoU 0.2505
[logreg_l0_seg_s2] epoch 35 2.0s loss 1.3469
[logreg_l0_seg_s2] epoch 36 1.3s loss 1.3492 | val_own_Mean FG IoU 0.2417
[logreg_l0_seg_s2] epoch 37 1.5s loss 1.3452
[logreg_l0_seg_s2] epoch 38 1.4s loss 1.3455 | val_own_Mean FG IoU 0.2505
[logreg_l0_seg_s2] epoch 39 1.4s loss 1.3438
[logreg_l0_seg_s2] epoch 40 1.4s loss 1.3436 | val_own_Mean FG IoU 0.2502
[logreg_l0_seg_s2] epoch 41 1.4s loss 1.3434
[logreg_l0_seg_s2] epoch 42 1.6s loss 1.3437 | val_own_Mean FG IoU 0.2481
[logreg_l0_seg_s2] epoch 43 1.4s loss 1.3429
[logreg_l0_seg_s2] epoch 44 1.4s loss 1.3433 | val_own_Mean FG IoU 0.2489
[logreg_l0_seg_s2] epoch 45 1.3s loss 1.3428
[logreg_l0_seg_s2] epoch 46 1.2s loss 1.3415 | val_own_Mean FG IoU 0.2499
[logreg_l0_seg_s2] epoch 47 1.1s loss 1.3421
[logreg_l0_seg_s2] epoch 48 1.0s loss 1.3417 | val_own_Mean FG IoU 0.2502
[logreg_l0_seg_s2] epoch 49 1.3s loss 1.3420
[logreg_l0_seg_s2] epoch 50 1.4s loss 1.3411 | val_own_Mean FG IoU 0.2508
[logreg_l0_seg_s2] epoch 51 1.5s loss 1.3406
[logreg_l0_seg_s2] epoch 52 1.3s loss 1.3413 | val_own_Mean FG IoU 0.2510
[logreg_l0_seg_s2] epoch 53 1.7s loss 1.3403
[logreg_l0_seg_s2] epoch 54 1.5s loss 1.3414 | val_own_Mean FG IoU 0.2508
[logreg_l0_seg_s2] epoch 55 1.5s loss 1.3407
[logreg_l0_seg_s2] epoch 56 1.4s loss 1.3401 | val_own_Mean FG IoU 0.2510
[logreg_l0_seg_s2] epoch 57 1.4s loss 1.3405
[logreg_l0_seg_s2] epoch 58 1.4s loss 1.3398 | val_own_Mean FG IoU 0.2513
[logreg_l0_seg_s2] epoch 59 1.4s loss 1.3404
[logreg_l0_seg_s2] epoch 60 1.3s loss 1.3396 | val_own_Mean FG IoU 0.2511
{
  "name": "logreg_l0_seg_s2",
  "arch": "logreg_l0",
  "mode": "seg",
  "seed": 2,
  "encoder": "infused_mlp1",
  "trainable_params": 1538,
  "best_epoch": 58,
  "train_time_min": 1.5809256354967753,
  "args": {
    "encoder": "infused_mlp1",
    "arch": "logreg_l0",
    "mode": "seg",
    "seed": 2,
    "epochs": 60,
    "lr": 0.001,
    "bs": 8,
    "micro_bs": 8,
    "aux_weight": 1.0,
    "init": null,
    "val_every": 2,
    "name": "logreg_l0_seg_s2"
  },
  "val_own_TC IoU": 0.20249797335006253,
  "val_own_AR IoU": 0.3000502802062061,
  "val_own_BG IoU": 0.9245349890300675,
  "val_own_Mean IoU": 0.47569441419544534,
  "val_own_Mean FG IoU": 0.2512741267781343
}
