/home/worker1/thang/ClimateSAM/prompter_bench/train.py:166: UserWarning: Converting a tensor with requires_grad=True to a scalar may lead to unexpected behavior.
Consider using tensor.detach() first. (Triggered internally at /pytorch/torch/csrc/autograd/generated/python_variable_methods.cpp:835.)
  sums[k] = sums.get(k, 0.0) + float(v) * len(mb) / len(chunk)
[mpg_seg_s0] epoch 1 3.0s loss 1.8313
[mpg_seg_s0] epoch 2 1.8s loss 1.4093 | val_own_Mean FG IoU 0.2110
[mpg_seg_s0] epoch 3 1.8s loss 1.1472
[mpg_seg_s0] epoch 4 2.7s loss 1.1403 | val_own_Mean FG IoU 0.3290
[mpg_seg_s0] epoch 5 2.4s loss 1.1209
[mpg_seg_s0] epoch 6 2.3s loss 1.0976 | val_own_Mean FG IoU 0.3656
[mpg_seg_s0] epoch 7 2.3s loss 1.0690
[mpg_seg_s0] epoch 8 2.2s loss 1.0485 | val_own_Mean FG IoU 0.3463
[mpg_seg_s0] epoch 9 2.2s loss 1.0453
[mpg_seg_s0] epoch 10 2.6s loss 1.0511 | val_own_Mean FG IoU 0.3450
[mpg_seg_s0] epoch 11 2.3s loss 1.0480
[mpg_seg_s0] epoch 12 2.2s loss 1.0810 | val_own_Mean FG IoU 0.3669
[mpg_seg_s0] epoch 13 2.2s loss 1.0205
[mpg_seg_s0] epoch 14 2.1s loss 1.0041 | val_own_Mean FG IoU 0.3720
[mpg_seg_s0] epoch 15 2.4s loss 1.0608
[mpg_seg_s0] epoch 16 2.5s loss 1.0222 | val_own_Mean FG IoU 0.3791
[mpg_seg_s0] epoch 17 2.2s loss 0.9844
[mpg_seg_s0] epoch 18 2.3s loss 0.9770 | val_own_Mean FG IoU 0.3597
[mpg_seg_s0] epoch 19 2.2s loss 1.0007
[mpg_seg_s0] epoch 20 2.2s loss 0.9826 | val_own_Mean FG IoU 0.3806
[mpg_seg_s0] epoch 21 2.7s loss 0.9616
[mpg_seg_s0] epoch 22 2.3s loss 0.9495 | val_own_Mean FG IoU 0.3844
[mpg_seg_s0] epoch 23 2.3s loss 0.9409
[mpg_seg_s0] epoch 24 2.3s loss 0.9379 | val_own_Mean FG IoU 0.3839
[mpg_seg_s0] epoch 25 2.1s loss 0.9330
[mpg_seg_s0] epoch 26 2.4s loss 1.0064 | val_own_Mean FG IoU 0.3730
[mpg_seg_s0] epoch 27 2.2s loss 0.9552
[mpg_seg_s0] epoch 28 2.3s loss 0.9352 | val_own_Mean FG IoU 0.3846
[mpg_seg_s0] epoch 29 2.2s loss 0.9286
[mpg_seg_s0] epoch 30 2.2s loss 0.9187 | val_own_Mean FG IoU 0.3825
[mpg_seg_s0] epoch 31 2.3s loss 0.9196
[mpg_seg_s0] epoch 32 2.7s loss 0.9123 | val_own_Mean FG IoU 0.3894
[mpg_seg_s0] epoch 33 2.3s loss 0.9051
[mpg_seg_s0] epoch 34 2.2s loss 0.9006 | val_own_Mean FG IoU 0.3799
[mpg_seg_s0] epoch 35 2.3s loss 0.8990
[mpg_seg_s0] epoch 36 2.1s loss 0.9029 | val_own_Mean FG IoU 0.3839
[mpg_seg_s0] epoch 37 2.3s loss 0.8915
[mpg_seg_s0] epoch 38 2.6s loss 0.8865 | val_own_Mean FG IoU 0.3885
[mpg_seg_s0] epoch 39 2.2s loss 0.8841
[mpg_seg_s0] epoch 40 2.3s loss 0.8794 | val_own_Mean FG IoU 0.3864
[mpg_seg_s0] epoch 41 2.3s loss 0.8773
[mpg_seg_s0] epoch 42 2.3s loss 0.8763 | val_own_Mean FG IoU 0.3885
[mpg_seg_s0] epoch 43 2.3s loss 0.8724
[mpg_seg_s0] epoch 44 2.4s loss 0.8690 | val_own_Mean FG IoU 0.3835
[mpg_seg_s0] epoch 45 2.3s loss 0.8690
[mpg_seg_s0] epoch 46 2.2s loss 0.8655 | val_own_Mean FG IoU 0.3820
[mpg_seg_s0] epoch 47 2.3s loss 0.8641
[mpg_seg_s0] epoch 48 2.3s loss 0.8623 | val_own_Mean FG IoU 0.3833
[mpg_seg_s0] epoch 49 2.1s loss 0.8608
[mpg_seg_s0] epoch 50 2.7s loss 0.8583 | val_own_Mean FG IoU 0.3840
[mpg_seg_s0] epoch 51 2.4s loss 0.8573
[mpg_seg_s0] epoch 52 2.3s loss 0.8554 | val_own_Mean FG IoU 0.3832
[mpg_seg_s0] epoch 53 2.2s loss 0.8553
[mpg_seg_s0] epoch 54 2.2s loss 0.8531 | val_own_Mean FG IoU 0.3847
[mpg_seg_s0] epoch 55 2.4s loss 0.8532
[mpg_seg_s0] epoch 56 2.6s loss 0.8522 | val_own_Mean FG IoU 0.3854
[mpg_seg_s0] epoch 57 2.0s loss 0.8522
[mpg_seg_s0] epoch 58 1.9s loss 0.8505 | val_own_Mean FG IoU 0.3844
[mpg_seg_s0] epoch 59 2.0s loss 0.8507
[mpg_seg_s0] epoch 60 2.3s loss 0.8501 | val_own_Mean FG IoU 0.3848
{
  "name": "mpg_seg_s0",
  "arch": "mpg",
  "mode": "seg",
  "seed": 0,
  "encoder": "infused_mlp1",
  "trainable_params": 671138,
  "best_epoch": 32,
  "train_time_min": 2.5423375725746156,
  "args": {
    "encoder": "infused_mlp1",
    "arch": "mpg",
    "mode": "seg",
    "seed": 0,
    "epochs": 60,
    "lr": 0.001,
    "bs": 8,
    "micro_bs": 8,
    "aux_weight": 1.0,
    "init": null,
    "val_every": 2,
    "name": "mpg_seg_s0"
  },
  "val_own_TC IoU": 0.3678846821225126,
  "val_own_AR IoU": 0.41099607386142667,
  "val_own_BG IoU": 0.9457542871859594,
  "val_own_Mean IoU": 0.5748783477232996,
  "val_own_Mean FG IoU": 0.3894403779919696
}
