ClimateSAM weights loaded from ./exp/best_weights/infused_token_vit_b_0.5_retrain_infused_05_00-005.pth
Generator trainable params: 671,138
ClimateDataset initialized with 398 samples. Enlarge Ratio [0, 0], Prompt Type random
ClimateDataset initialized with 61 samples. Enlarge Ratio [0, 0], Prompt Type random
Epoch 1 (12.9s) - gen_TC: 0.9722, sam_TC: 1.2526, gen_AR: 0.8408, sam_AR: 1.6055, total: 1.8131
Epoch 2 (18.3s) - gen_TC: 0.6709, sam_TC: 1.2213, gen_AR: 0.6483, sam_AR: 1.3948, total: 1.3193
Epoch 3 (16.0s) - gen_TC: 0.6200, sam_TC: 1.0914, gen_AR: 0.6324, sam_AR: 1.4182, total: 1.2524
Epoch 4 (16.0s) - gen_TC: 0.6186, sam_TC: 1.1192, gen_AR: 0.6182, sam_AR: 1.4229, total: 1.2369
Epoch 5 (15.3s) - gen_TC: 0.5922, sam_TC: 0.9987, gen_AR: 0.6154, sam_AR: 1.4280, total: 1.2076
  valid - SAM IoU TC: 31.45%, AR: 8.98% | generator IoU TC: 31.52%, AR: 33.64%
Epoch 6 (17.2s) - gen_TC: 0.5881, sam_TC: 1.0113, gen_AR: 0.6034, sam_AR: 1.4544, total: 1.1915
Epoch 7 (16.6s) - gen_TC: 0.5675, sam_TC: 0.9518, gen_AR: 0.5951, sam_AR: 1.3586, total: 1.1626
Epoch 8 (16.7s) - gen_TC: 0.5557, sam_TC: 0.9289, gen_AR: 0.5866, sam_AR: 1.3657, total: 1.1423
Epoch 9 (17.0s) - gen_TC: 0.5484, sam_TC: 0.9145, gen_AR: 0.5844, sam_AR: 1.3782, total: 1.1328
Epoch 10 (17.4s) - gen_TC: 0.5387, sam_TC: 0.8800, gen_AR: 0.5843, sam_AR: 1.3891, total: 1.1230
  valid - SAM IoU TC: 32.47%, AR: 26.49% | generator IoU TC: 33.04%, AR: 40.98%
Epoch 11 (15.9s) - gen_TC: 0.5395, sam_TC: 0.8908, gen_AR: 0.5847, sam_AR: 1.3712, total: 1.1242
Epoch 12 (16.4s) - gen_TC: 0.5345, sam_TC: 0.8395, gen_AR: 0.5828, sam_AR: 1.3636, total: 1.1173
Epoch 13 (17.1s) - gen_TC: 0.5395, sam_TC: 0.8549, gen_AR: 0.5950, sam_AR: 1.3796, total: 1.1345
Epoch 14 (17.2s) - gen_TC: 0.5297, sam_TC: 0.8553, gen_AR: 0.5822, sam_AR: 1.3387, total: 1.1119
Epoch 15 (16.8s) - gen_TC: 0.5063, sam_TC: 0.8209, gen_AR: 0.5777, sam_AR: 1.3415, total: 1.0840
  valid - SAM IoU TC: 31.51%, AR: 23.28% | generator IoU TC: 32.36%, AR: 41.05%
Epoch 16 (16.6s) - gen_TC: 0.4924, sam_TC: 0.7850, gen_AR: 0.5634, sam_AR: 1.3281, total: 1.0557
Epoch 17 (17.1s) - gen_TC: 0.5014, sam_TC: 0.8161, gen_AR: 0.5665, sam_AR: 1.3414, total: 1.0679
Epoch 18 (16.7s) - gen_TC: 0.4800, sam_TC: 0.7635, gen_AR: 0.5644, sam_AR: 1.3027, total: 1.0444
Epoch 19 (16.9s) - gen_TC: 0.4824, sam_TC: 0.7813, gen_AR: 0.5577, sam_AR: 1.3172, total: 1.0402
Epoch 20 (16.8s) - gen_TC: 0.4785, sam_TC: 0.7725, gen_AR: 0.5603, sam_AR: 1.3187, total: 1.0389
  valid - SAM IoU TC: 31.67%, AR: 24.59% | generator IoU TC: 32.28%, AR: 41.27%
Epoch 21 (16.7s) - gen_TC: 0.4657, sam_TC: 0.7498, gen_AR: 0.5592, sam_AR: 1.3226, total: 1.0248
Epoch 22 (16.5s) - gen_TC: 0.4777, sam_TC: 0.7702, gen_AR: 0.5541, sam_AR: 1.3034, total: 1.0319
Epoch 23 (16.6s) - gen_TC: 0.4733, sam_TC: 0.7563, gen_AR: 0.5565, sam_AR: 1.3272, total: 1.0298
Epoch 24 (16.8s) - gen_TC: 0.4568, sam_TC: 0.7247, gen_AR: 0.5468, sam_AR: 1.2658, total: 1.0037
Epoch 25 (16.7s) - gen_TC: 0.4492, sam_TC: 0.7172, gen_AR: 0.5435, sam_AR: 1.2822, total: 0.9927
  valid - SAM IoU TC: 31.36%, AR: 24.55% | generator IoU TC: 31.58%, AR: 41.22%
Epoch 26 (16.8s) - gen_TC: 0.4535, sam_TC: 0.7245, gen_AR: 0.5466, sam_AR: 1.2729, total: 1.0001
Epoch 27 (16.5s) - gen_TC: 0.4421, sam_TC: 0.7117, gen_AR: 0.5389, sam_AR: 1.2662, total: 0.9810
Epoch 28 (16.6s) - gen_TC: 0.4391, sam_TC: 0.6899, gen_AR: 0.5364, sam_AR: 1.2856, total: 0.9754
Epoch 29 (16.6s) - gen_TC: 0.4365, sam_TC: 0.6971, gen_AR: 0.5365, sam_AR: 1.2602, total: 0.9729
Epoch 30 (16.6s) - gen_TC: 0.4309, sam_TC: 0.6971, gen_AR: 0.5301, sam_AR: 1.2345, total: 0.9610
  valid - SAM IoU TC: 31.40%, AR: 25.47% | generator IoU TC: 31.49%, AR: 41.60%
Epoch 31 (16.1s) - gen_TC: 0.4250, sam_TC: 0.6892, gen_AR: 0.5299, sam_AR: 1.2358, total: 0.9549
Epoch 32 (16.6s) - gen_TC: 0.4215, sam_TC: 0.6755, gen_AR: 0.5283, sam_AR: 1.2289, total: 0.9498
Epoch 33 (16.5s) - gen_TC: 0.4178, sam_TC: 0.6661, gen_AR: 0.5276, sam_AR: 1.2251, total: 0.9454
Epoch 34 (16.6s) - gen_TC: 0.4172, sam_TC: 0.6709, gen_AR: 0.5224, sam_AR: 1.2073, total: 0.9396
Epoch 35 (16.6s) - gen_TC: 0.4116, sam_TC: 0.6584, gen_AR: 0.5178, sam_AR: 1.2080, total: 0.9294
  valid - SAM IoU TC: 31.66%, AR: 25.05% | generator IoU TC: 30.66%, AR: 40.34%
Epoch 36 (16.6s) - gen_TC: 0.4116, sam_TC: 0.6663, gen_AR: 0.5187, sam_AR: 1.2096, total: 0.9303
Epoch 37 (16.5s) - gen_TC: 0.4079, sam_TC: 0.6527, gen_AR: 0.5155, sam_AR: 1.1836, total: 0.9235
Epoch 38 (16.8s) - gen_TC: 0.4112, sam_TC: 0.6663, gen_AR: 0.5171, sam_AR: 1.1895, total: 0.9283
Epoch 39 (16.5s) - gen_TC: 0.4102, sam_TC: 0.6602, gen_AR: 0.5128, sam_AR: 1.1825, total: 0.9229
Epoch 40 (16.6s) - gen_TC: 0.4043, sam_TC: 0.6436, gen_AR: 0.5132, sam_AR: 1.1925, total: 0.9175
  valid - SAM IoU TC: 31.08%, AR: 24.73% | generator IoU TC: 30.80%, AR: 40.43%
Epoch 41 (14.9s) - gen_TC: 0.3984, sam_TC: 0.6512, gen_AR: 0.5093, sam_AR: 1.1866, total: 0.9077
Epoch 42 (16.4s) - gen_TC: 0.3945, sam_TC: 0.6463, gen_AR: 0.5054, sam_AR: 1.1583, total: 0.9000
Epoch 43 (16.5s) - gen_TC: 0.3927, sam_TC: 0.6430, gen_AR: 0.5061, sam_AR: 1.1495, total: 0.8988
Epoch 44 (16.3s) - gen_TC: 0.3892, sam_TC: 0.6337, gen_AR: 0.5037, sam_AR: 1.1542, total: 0.8929
Epoch 45 (16.4s) - gen_TC: 0.3873, sam_TC: 0.6250, gen_AR: 0.5017, sam_AR: 1.1406, total: 0.8890
  valid - SAM IoU TC: 31.78%, AR: 25.05% | generator IoU TC: 30.81%, AR: 40.24%
Epoch 46 (16.4s) - gen_TC: 0.3854, sam_TC: 0.6264, gen_AR: 0.5006, sam_AR: 1.1405, total: 0.8860
Epoch 47 (16.4s) - gen_TC: 0.3841, sam_TC: 0.6314, gen_AR: 0.4985, sam_AR: 1.1392, total: 0.8826
Epoch 48 (16.3s) - gen_TC: 0.3818, sam_TC: 0.6283, gen_AR: 0.4975, sam_AR: 1.1359, total: 0.8793
Epoch 49 (16.4s) - gen_TC: 0.3817, sam_TC: 0.6204, gen_AR: 0.4966, sam_AR: 1.1527, total: 0.8783
Epoch 50 (16.4s) - gen_TC: 0.3806, sam_TC: 0.6246, gen_AR: 0.4956, sam_AR: 1.1212, total: 0.8762
  valid - SAM IoU TC: 31.70%, AR: 24.84% | generator IoU TC: 30.68%, AR: 40.23%
Epoch 51 (16.0s) - gen_TC: 0.3805, sam_TC: 0.6262, gen_AR: 0.4947, sam_AR: 1.1103, total: 0.8752
Epoch 52 (16.5s) - gen_TC: 0.3808, sam_TC: 0.6242, gen_AR: 0.4940, sam_AR: 1.1300, total: 0.8747
Epoch 53 (16.2s) - gen_TC: 0.3796, sam_TC: 0.6137, gen_AR: 0.4935, sam_AR: 1.1224, total: 0.8731
Epoch 54 (16.2s) - gen_TC: 0.3773, sam_TC: 0.6236, gen_AR: 0.4929, sam_AR: 1.1394, total: 0.8702
Epoch 55 (16.4s) - gen_TC: 0.3767, sam_TC: 0.6162, gen_AR: 0.4912, sam_AR: 1.1305, total: 0.8679
  valid - SAM IoU TC: 30.95%, AR: 26.58% | generator IoU TC: 30.19%, AR: 40.40%
Epoch 56 (16.1s) - gen_TC: 0.3768, sam_TC: 0.6132, gen_AR: 0.4910, sam_AR: 1.1229, total: 0.8678
Epoch 57 (16.3s) - gen_TC: 0.3770, sam_TC: 0.6157, gen_AR: 0.4907, sam_AR: 1.1234, total: 0.8677
Epoch 58 (16.4s) - gen_TC: 0.3767, sam_TC: 0.6146, gen_AR: 0.4912, sam_AR: 1.1301, total: 0.8679
Epoch 59 (16.6s) - gen_TC: 0.3746, sam_TC: 0.6121, gen_AR: 0.4908, sam_AR: 1.1077, total: 0.8654
Epoch 60 (16.5s) - gen_TC: 0.3758, sam_TC: 0.6139, gen_AR: 0.4903, sam_AR: 1.1297, total: 0.8662
  valid - SAM IoU TC: 31.11%, AR: 25.83% | generator IoU TC: 30.43%, AR: 40.41%
Best (epoch 10): SAM IoU TC 32.47%, AR 26.49% | generator IoU TC 33.04%, AR 40.98%
