ClimateSAM weights loaded from ./exp/best_weights/infused_token_vit_b_0.5_retrain_infused_05_00-005.pth
Generator trainable params: 671,138
ClimateDataset initialized with 398 samples. Enlarge Ratio [0, 0], Prompt Type random
ClimateDataset initialized with 61 samples. Enlarge Ratio [0, 0], Prompt Type random
Epoch 1 (18.2s) - gen_TC: 0.5201, sam_TC: 0.8501, gen_AR: 0.6716, sam_AR: 0.9820, total: 3.0238
Epoch 2 (19.0s) - gen_TC: 0.5213, sam_TC: 0.8503, gen_AR: 0.6808, sam_AR: 0.8104, total: 2.8628
  valid - SAM IoU TC: 32.59%, AR: 33.83% | generator IoU TC: 32.44%, AR: 39.73%
Epoch 3 (20.1s) - gen_TC: 0.5273, sam_TC: 0.8573, gen_AR: 0.6678, sam_AR: 0.8079, total: 2.8602
Epoch 4 (20.4s) - gen_TC: 0.5268, sam_TC: 0.8539, gen_AR: 0.6601, sam_AR: 0.8007, total: 2.8415
  valid - SAM IoU TC: 30.39%, AR: 35.52% | generator IoU TC: 30.64%, AR: 39.60%
Epoch 5 (18.6s) - gen_TC: 0.5277, sam_TC: 0.8276, gen_AR: 0.6626, sam_AR: 0.7845, total: 2.8024
Epoch 6 (20.4s) - gen_TC: 0.5245, sam_TC: 0.8114, gen_AR: 0.6555, sam_AR: 0.7766, total: 2.7681
  valid - SAM IoU TC: 32.05%, AR: 34.74% | generator IoU TC: 31.61%, AR: 38.96%
Epoch 7 (20.6s) - gen_TC: 0.5235, sam_TC: 0.8012, gen_AR: 0.6466, sam_AR: 0.7756, total: 2.7468
Epoch 8 (21.2s) - gen_TC: 0.5250, sam_TC: 0.7982, gen_AR: 0.6518, sam_AR: 0.7614, total: 2.7364
  valid - SAM IoU TC: 31.54%, AR: 36.85% | generator IoU TC: 30.89%, AR: 39.15%
Epoch 9 (21.7s) - gen_TC: 0.5280, sam_TC: 0.7960, gen_AR: 0.6515, sam_AR: 0.7535, total: 2.7290
Epoch 10 (22.6s) - gen_TC: 0.5324, sam_TC: 0.7967, gen_AR: 0.6530, sam_AR: 0.7538, total: 2.7359
  valid - SAM IoU TC: 31.10%, AR: 38.91% | generator IoU TC: 30.28%, AR: 39.05%
Epoch 11 (23.0s) - gen_TC: 0.5348, sam_TC: 0.7995, gen_AR: 0.6493, sam_AR: 0.7440, total: 2.7277
Epoch 12 (20.9s) - gen_TC: 0.5309, sam_TC: 0.7719, gen_AR: 0.6484, sam_AR: 0.7417, total: 2.6929
  valid - SAM IoU TC: 30.54%, AR: 37.32% | generator IoU TC: 29.93%, AR: 38.90%
Epoch 13 (22.5s) - gen_TC: 0.5331, sam_TC: 0.7782, gen_AR: 0.6470, sam_AR: 0.7463, total: 2.7046
Epoch 14 (24.1s) - gen_TC: 0.5420, sam_TC: 0.7933, gen_AR: 0.6444, sam_AR: 0.7364, total: 2.7161
  valid - SAM IoU TC: 30.41%, AR: 34.02% | generator IoU TC: 29.26%, AR: 38.53%
Epoch 15 (23.2s) - gen_TC: 0.5373, sam_TC: 0.7760, gen_AR: 0.6493, sam_AR: 0.7316, total: 2.6941
Epoch 16 (23.5s) - gen_TC: 0.5376, sam_TC: 0.7769, gen_AR: 0.6436, sam_AR: 0.7340, total: 2.6920
  valid - SAM IoU TC: 30.40%, AR: 34.54% | generator IoU TC: 29.10%, AR: 38.73%
Epoch 17 (23.7s) - gen_TC: 0.5396, sam_TC: 0.7811, gen_AR: 0.6432, sam_AR: 0.7217, total: 2.6856
Epoch 18 (24.5s) - gen_TC: 0.5389, sam_TC: 0.7684, gen_AR: 0.6453, sam_AR: 0.7271, total: 2.6797
  valid - SAM IoU TC: 30.29%, AR: 37.41% | generator IoU TC: 29.04%, AR: 38.66%
Epoch 19 (18.5s) - gen_TC: 0.5340, sam_TC: 0.7671, gen_AR: 0.6476, sam_AR: 0.7237, total: 2.6722
Epoch 20 (14.5s) - gen_TC: 0.5429, sam_TC: 0.7686, gen_AR: 0.6411, sam_AR: 0.7209, total: 2.6735
  valid - SAM IoU TC: 29.45%, AR: 38.14% | generator IoU TC: 28.65%, AR: 38.67%
Epoch 21 (14.3s) - gen_TC: 0.5403, sam_TC: 0.7668, gen_AR: 0.6454, sam_AR: 0.7224, total: 2.6749
Epoch 22 (14.4s) - gen_TC: 0.5372, sam_TC: 0.7727, gen_AR: 0.6399, sam_AR: 0.7289, total: 2.6787
  valid - SAM IoU TC: 29.57%, AR: 36.19% | generator IoU TC: 28.83%, AR: 38.66%
Epoch 23 (14.3s) - gen_TC: 0.5405, sam_TC: 0.7650, gen_AR: 0.6441, sam_AR: 0.7162, total: 2.6658
Epoch 24 (14.2s) - gen_TC: 0.5373, sam_TC: 0.7715, gen_AR: 0.6408, sam_AR: 0.7264, total: 2.6760
  valid - SAM IoU TC: 29.86%, AR: 35.06% | generator IoU TC: 28.88%, AR: 38.72%
Epoch 25 (14.5s) - gen_TC: 0.5416, sam_TC: 0.7622, gen_AR: 0.6413, sam_AR: 0.7264, total: 2.6715
Epoch 26 (14.1s) - gen_TC: 0.5364, sam_TC: 0.7571, gen_AR: 0.6427, sam_AR: 0.7176, total: 2.6538
  valid - SAM IoU TC: 29.76%, AR: 35.66% | generator IoU TC: 28.83%, AR: 38.66%
Epoch 27 (14.5s) - gen_TC: 0.5372, sam_TC: 0.7672, gen_AR: 0.6433, sam_AR: 0.7154, total: 2.6630
Epoch 28 (14.3s) - gen_TC: 0.5373, sam_TC: 0.7574, gen_AR: 0.6413, sam_AR: 0.7268, total: 2.6627
  valid - SAM IoU TC: 29.68%, AR: 36.16% | generator IoU TC: 28.63%, AR: 38.57%
Epoch 29 (14.5s) - gen_TC: 0.5400, sam_TC: 0.7670, gen_AR: 0.6413, sam_AR: 0.7183, total: 2.6667
Epoch 30 (14.6s) - gen_TC: 0.5392, sam_TC: 0.7623, gen_AR: 0.6396, sam_AR: 0.7277, total: 2.6687
  valid - SAM IoU TC: 29.56%, AR: 36.75% | generator IoU TC: 28.65%, AR: 38.67%
Best (epoch 10): SAM IoU TC 31.10%, AR 38.91% | generator IoU TC 30.28%, AR 39.05%
